BL51 BANKED LINKER/LOCATER V6.22.2.0                                                    09/15/2025  11:19:34  PAGE 1


BL51 BANKED LINKER/LOCATER V6.22.2.0, INVOKED BY:
D:\WORK\KEIL\ARM\C51\BIN\BL51.EXE .\Objects\STARTUP.obj, .\Objects\main.obj, .\Objects\config.obj, .\Objects\BEEP.obj, .
>> \Objects\KEY.obj, .\Objects\Digitalled.obj, .\Objects\encoder.obj, .\Objects\uart.obj, .\Objects\filtering.obj, .\Obj
>> ects\IIC.obj, .\Objects\touch.obj, .\Objects\STC8G_H_GPIO.obj, .\Objects\STC8G_H_Delay.obj, .\Objects\STC8G_H_Exti.ob
>> j, .\Objects\STC8G_H_NVIC.obj, .\Objects\STC8G_H_Exti_Isr.obj, .\Objects\STC8G_H_Timer.obj, .\Objects\STC8G_H_Timer_I
>> sr.obj, .\Objects\STC8G_H_UART.obj, .\Objects\STC8G_H_UART_Isr.obj, .\Objects\STC8G_H_ADC.obj, .\Objects\STC8G_H_ADC_
>> Isr.obj, .\Objects\STC8G_H_I2C.obj, .\Objects\STC8G_H_I2C_Isr.obj TO .\Objects\STC8H PRINT (.\Listings\STC8H.m51) RAM
>> SIZE (256) DISABLEWARNING (16)


MEMORY MODEL: SMALL


INPUT MODULES INCLUDED:
  .\Objects\STARTUP.obj (?C_STARTUP)
  .\Objects\main.obj (MAIN)
  .\Objects\config.obj (CONFIG)
  .\Objects\BEEP.obj (BEEP)
  .\Objects\KEY.obj (KEY)
  .\Objects\Digitalled.obj (DIGITALLED)
  .\Objects\encoder.obj (ENCODER)
  .\Objects\uart.obj (UART)
  .\Objects\filtering.obj (FILTERING)
  .\Objects\IIC.obj (IIC)
  .\Objects\touch.obj (TOUCH)
  .\Objects\STC8G_H_GPIO.obj (STC8G_H_GPIO)
  .\Objects\STC8G_H_Delay.obj (STC8G_H_DELAY)
  .\Objects\STC8G_H_Exti.obj (STC8G_H_EXTI)
  .\Objects\STC8G_H_NVIC.obj (STC8G_H_NVIC)
  .\Objects\STC8G_H_Exti_Isr.obj (STC8G_H_EXTI_ISR)
  .\Objects\STC8G_H_Timer.obj (STC8G_H_TIMER)
  .\Objects\STC8G_H_Timer_Isr.obj (STC8G_H_TIMER_ISR)
  .\Objects\STC8G_H_UART.obj (STC8G_H_UART)
  .\Objects\STC8G_H_UART_Isr.obj (STC8G_H_UART_ISR)
  .\Objects\STC8G_H_ADC.obj (STC8G_H_ADC)
  .\Objects\STC8G_H_ADC_Isr.obj (STC8G_H_ADC_ISR)
  .\Objects\STC8G_H_I2C.obj (STC8G_H_I2C)
  .\Objects\STC8G_H_I2C_Isr.obj (STC8G_H_I2C_ISR)
  D:\WORK\KEIL\ARM\C51\LIB\C51S.LIB (?C_INIT)
  D:\WORK\KEIL\ARM\C51\LIB\C51S.LIB (?C?CLDPTR)
  D:\WORK\KEIL\ARM\C51\LIB\C51S.LIB (?C?CLDOPTR)
  D:\WORK\KEIL\ARM\C51\LIB\C51S.LIB (?C?CSTPTR)
  D:\WORK\KEIL\ARM\C51\LIB\C51S.LIB (?C?UIDIV)
  D:\WORK\KEIL\ARM\C51\LIB\C51S.LIB (?C?ILDOPTR)
  D:\WORK\KEIL\ARM\C51\LIB\C51S.LIB (?C?ISTOPTR)
  D:\WORK\KEIL\ARM\C51\LIB\C51S.LIB (?C?ULDIV)
  D:\WORK\KEIL\ARM\C51\LIB\C51S.LIB (?C?ULCMP)
  D:\WORK\KEIL\ARM\C51\LIB\C51S.LIB (?C?ULSHR)
  D:\WORK\KEIL\ARM\C51\LIB\C51S.LIB (?C?LLDOPTR0)
  D:\WORK\KEIL\ARM\C51\LIB\C51S.LIB (?C?LILDIDATA)
  D:\WORK\KEIL\ARM\C51\LIB\C51S.LIB (PRINTF)
  D:\WORK\KEIL\ARM\C51\LIB\C51S.LIB (?C?LLDIDATA0)
  D:\WORK\KEIL\ARM\C51\LIB\C51S.LIB (?C?LLDXDATA0)
  D:\WORK\KEIL\ARM\C51\LIB\C51S.LIB (?C?LLDPDATA0)
  D:\WORK\KEIL\ARM\C51\LIB\C51S.LIB (?C?LLDCODE0)
  D:\WORK\KEIL\ARM\C51\LIB\C51S.LIB (?C?PLDIIDATA)
  D:\WORK\KEIL\ARM\C51\LIB\C51S.LIB (?C?CCASE)

BL51 BANKED LINKER/LOCATER V6.22.2.0                                                  09/15/2025  11:19:34  PAGE 2



LINK MAP OF MODULE:  .\Objects\STC8H (?C_STARTUP)


            TYPE    BASE      LENGTH    RELOCATION   SEGMENT NAME
            -----------------------------------------------------

            * * * * * * *   D A T A   M E M O R Y   * * * * * * *
            REG     0000H     0008H     ABSOLUTE     "REG BANK 0"
            DATA    0008H     0015H     UNIT         _DATA_GROUP_
            DATA    001DH     0003H     UNIT         ?DT?STC8G_H_I2C_ISR
            BIT     0020H.0   0001H.1   UNIT         _BIT_GROUP_
            BIT     0021H.1   0000H.1   UNIT         ?BI?STC8G_H_I2C_ISR
                    0021H.2   0000H.6                *** GAP ***
            DATA    0022H     0014H     UNIT         ?DT?STC8G_H_UART
            DATA    0036H     000BH     UNIT         ?DT?IIC
            DATA    0041H     000AH     UNIT         ?DT?_MEDIAN_FILTER?FILTERING
            DATA    004BH     0008H     UNIT         ?DT?STC8G_H_TIMER_ISR
            DATA    0053H     0007H     UNIT         ?DT?_SORT?UART
            DATA    005AH     0006H     UNIT         ?DT?_I2C_WRITENBYTE?STC8G_H_I2C
            DATA    0060H     0006H     UNIT         ?DT?_I2C_READNBYTE?STC8G_H_I2C
            DATA    0066H     0005H     UNIT         ?DT?SINGLEKEY?KEY
            DATA    006BH     0005H     UNIT         ?DT?_DISPLAYANYNUM?DIGITALLED
            DATA    0070H     0002H     UNIT         ?DT?_GET_ADCRESULT?STC8G_H_ADC
            DATA    0072H     0001H     UNIT         ?DT?DIGITALLED
            DATA    0073H     0001H     UNIT         ?DT?UART1TX_UART2RX?UART
            DATA    0074H     0001H     UNIT         ?DT?STC8G_H_EXTI_ISR
            IDATA   0075H     0001H     UNIT         ?STACK

            * * * * * * *  X D A T A   M E M O R Y  * * * * * * *
            XDATA   0000H     02C0H     UNIT         ?XD?STC8G_H_UART
            XDATA   02C0H     00A0H     UNIT         ?XD?IIC
            XDATA   0360H     0015H     UNIT         ?XD?TOUCH
            XDATA   0375H     0008H     UNIT         ?XD?STC8G_H_I2C

            * * * * * * *   C O D E   M E M O R Y   * * * * * * *
            CODE    0000H     0003H     ABSOLUTE     
            CODE    0003H     0003H     ABSOLUTE     
            CODE    0006H     0005H     UNIT         ?C_INITSEG
            CODE    000BH     0003H     ABSOLUTE     
            CODE    000EH     0005H     UNIT         ?PR?TIMER2_ISR_HANDLER?STC8G_H_TIMER_ISR
            CODE    0013H     0003H     ABSOLUTE     
            CODE    0016H     0005H     UNIT         ?PR?TIMER3_ISR_HANDLER?STC8G_H_TIMER_ISR
            CODE    001BH     0003H     ABSOLUTE     
            CODE    001EH     0005H     UNIT         ?PR?TIMER4_ISR_HANDLER?STC8G_H_TIMER_ISR
            CODE    0023H     0003H     ABSOLUTE     
            CODE    0026H     0005H     UNIT         ?PR?_PUTCHAR?STC8G_H_UART
            CODE    002BH     0003H     ABSOLUTE     
            CODE    002EH     0013H     UNIT         ?PR?_PRINTSTRING1?STC8G_H_UART
            CODE    0041H     0001H     UNIT         ?PR?INT1_ISR_HANDLER?STC8G_H_EXTI_ISR
            CODE    0042H     0001H     UNIT         ?PR?INT2_ISR_HANDLER?STC8G_H_EXTI_ISR
            CODE    0043H     0003H     ABSOLUTE     
            CODE    0046H     000DH     UNIT         ?PR?IAPIDLE?IIC
            CODE    0053H     0003H     ABSOLUTE     
            CODE    0056H     0004H     UNIT         ?PR?INT4_ISR_HANDLER?STC8G_H_EXTI_ISR
                    005AH     0001H                  *** GAP ***
            CODE    005BH     0003H     ABSOLUTE     
BL51 BANKED LINKER/LOCATER V6.22.2.0                                                  09/15/2025  11:19:34  PAGE 3


            CODE    005EH     0004H     UNIT         ?PR?ADC_ISR_HANDLER?STC8G_H_ADC_ISR
                    0062H     0001H                  *** GAP ***
            CODE    0063H     0003H     ABSOLUTE     
            CODE    0066H     001DH     UNIT         ?PR?_NVIC_INT3_INIT?STC8G_H_NVIC
            CODE    0083H     0003H     ABSOLUTE     
            CODE    0086H     0003H     UNIT         ?PR?TIMER1_ISR_HANDLER?STC8G_H_TIMER_ISR
                    0089H     0002H                  *** GAP ***
            CODE    008BH     0003H     ABSOLUTE     
                    008EH     0005H                  *** GAP ***
            CODE    0093H     0003H     ABSOLUTE     
                    0096H     0005H                  *** GAP ***
            CODE    009BH     0003H     ABSOLUTE     
                    009EH     0005H                  *** GAP ***
            CODE    00A3H     0003H     ABSOLUTE     
            CODE    00A6H     001CH     UNIT         ?PR?_LAPPROGRAM?IIC
                    00C2H     0001H                  *** GAP ***
            CODE    00C3H     0003H     ABSOLUTE     
            CODE    00C6H     0055H     UNIT         ?PR?_NVIC_TIMER0_INIT?STC8G_H_NVIC
            CODE    011BH     0003H     ABSOLUTE     
            CODE    011EH     0025H     UNIT         ?PR?I2C_CONFIG?CONFIG
            CODE    0143H     0003H     ABSOLUTE     
            CODE    0146H     04F6H     UNIT         ?PR?_UART_CONFIGURATION?STC8G_H_UART
            CODE    063CH     035CH     UNIT         ?PR?PRINTF?PRINTF
            CODE    0998H     02C0H     UNIT         ?C?LIB_CODE
            CODE    0C58H     0288H     UNIT         ?PR?_TIMER_INILIZE?STC8G_H_TIMER
            CODE    0EE0H     0277H     UNIT         ?PR?_GPIO_INILIZE?STC8G_H_GPIO
            CODE    1157H     0161H     UNIT         ?PR?GETTOUCHVAL?TOUCH
            CODE    12B8H     0146H     UNIT         ?PR?IIC_60S?IIC
            CODE    13FEH     00D4H     UNIT         ?PR?_SORT?UART
            CODE    14D2H     00CEH     UNIT         ?PR?_DISPLAYANYNUM?DIGITALLED
            CODE    15A0H     00C2H     UNIT         ?PR?_MEDIAN_FILTER?FILTERING
            CODE    1662H     00A7H     UNIT         ?PR?TIMER_CONFIG?CONFIG
            CODE    1709H     00A3H     UNIT         ?PR?I2C_ISR_HANDLER?STC8G_H_I2C_ISR
            CODE    17ACH     0098H     UNIT         ?PR?_NVIC_PWM_INIT?STC8G_H_NVIC
            CODE    1844H     0095H     UNIT         ?PR?SINGLEKEY?KEY
            CODE    18D9H     008CH     UNIT         ?C_C51STARTUP
            CODE    1965H     007CH     UNIT         ?PR?_I2C_INIT?STC8G_H_I2C
            CODE    19E1H     007BH     UNIT         ?PR?UART1TX_UART2RX?UART
            CODE    1A5CH     007AH     UNIT         ?PR?_GET_ADCRESULT?STC8G_H_ADC
            CODE    1AD6H     0070H     UNIT         ?PR?GPIO_CONFIG?CONFIG
            CODE    1B46H     006FH     UNIT         ?PR?_NVIC_I2C_INIT?STC8G_H_NVIC
            CODE    1BB5H     0064H     UNIT         ?PR?_ADC_INILIZE?STC8G_H_ADC
            CODE    1C19H     005DH     UNIT         ?PR?TOUCH_ISR?TOUCH
            CODE    1C76H     005DH     UNIT         ?PR?_NVIC_UART3_INIT?STC8G_H_NVIC
            CODE    1CD3H     005BH     UNIT         ?PR?_NVIC_UART4_INIT?STC8G_H_NVIC
            CODE    1D2EH     005AH     UNIT         ?PR?_NVIC_CMP_INIT?STC8G_H_NVIC
            CODE    1D88H     005AH     UNIT         ?PR?_NVIC_SPI_INIT?STC8G_H_NVIC
            CODE    1DE2H     0059H     UNIT         ?PR?UART_CONFIG?CONFIG
            CODE    1E3BH     0056H     UNIT         ?PR?_NVIC_UART2_INIT?STC8G_H_NVIC
            CODE    1E91H     0055H     UNIT         ?PR?_NVIC_TIMER1_INIT?STC8G_H_NVIC
            CODE    1EE6H     0055H     UNIT         ?PR?_NVIC_INT0_INIT?STC8G_H_NVIC
            CODE    1F3BH     0055H     UNIT         ?PR?_NVIC_INT1_INIT?STC8G_H_NVIC
            CODE    1F90H     0055H     UNIT         ?PR?_NVIC_ADC_INIT?STC8G_H_NVIC
            CODE    1FE5H     0055H     UNIT         ?PR?_NVIC_UART1_INIT?STC8G_H_NVIC
            CODE    203AH     004FH     UNIT         ?PR?UART3_ISR_HANDLER?STC8G_H_UART_ISR
            CODE    2089H     004FH     UNIT         ?PR?UART4_ISR_HANDLER?STC8G_H_UART_ISR
            CODE    20D8H     004DH     UNIT         ?PR?UART2_ISR_HANDLER?STC8G_H_UART_ISR
BL51 BANKED LINKER/LOCATER V6.22.2.0                                                  09/15/2025  11:19:34  PAGE 4


            CODE    2125H     0047H     UNIT         ?PR?EXTI_CONFIG?CONFIG
            CODE    216CH     0047H     UNIT         ?PR?_NVIC_RTC_INIT?STC8G_H_NVIC
            CODE    21B3H     0047H     UNIT         ?PR?UART1_ISR_HANDLER?STC8G_H_UART_ISR
            CODE    21FAH     003AH     UNIT         ?PR?_I2C_READNBYTE?STC8G_H_I2C
            CODE    2234H     0039H     UNIT         ?PR?MAIN?MAIN
            CODE    226DH     0038H     UNIT         ?PR?_EXT_INILIZE?STC8G_H_EXTI
            CODE    22A5H     0031H     UNIT         ?PR?_I2C_WRITENBYTE?STC8G_H_I2C
            CODE    22D6H     002BH     UNIT         ?PR?_NVIC_TIMER4_INIT?STC8G_H_NVIC
            CODE    2301H     002AH     UNIT         ?PR?_NVIC_TIMER2_INIT?STC8G_H_NVIC
            CODE    232BH     002AH     UNIT         ?PR?_NVIC_TIMER3_INIT?STC8G_H_NVIC
            CODE    2355H     0023H     UNIT         ?PR?_BEEPMS?BEEP
            CODE    2378H     0023H     UNIT         ?PR?EXT_INTP3_ISR_HANDLER?STC8G_H_EXTI_ISR
            CODE    239BH     0022H     UNIT         ?PR?ADC_CONFIG?CONFIG
            CODE    23BDH     0021H     UNIT         ?PR?TOUCH_CONFIG?TOUCH
            CODE    23DEH     001FH     UNIT         ?PR?_IAPREAD?IIC
            CODE    23FDH     001EH     UNIT         ?PR?_NVIC_INT4_INIT?STC8G_H_NVIC
            CODE    241BH     001EH     UNIT         ?PR?TIMER0_ISR_HANDLER?STC8G_H_TIMER_ISR
            CODE    2439H     001CH     UNIT         ?PR?_NVIC_INT2_INIT?STC8G_H_NVIC
            CODE    2455H     001AH     UNIT         ?PR?_HC595WRITEBYTE?DIGITALLED
            CODE    246FH     001AH     UNIT         ?PR?_IAPERASE?IIC
            CODE    2489H     0019H     UNIT         ?PR?_DISPLAYNUM?DIGITALLED
            CODE    24A2H     0018H     UNIT         ?CO?DIGITALLED
            CODE    24BAH     0017H     UNIT         ?CO?MAIN
            CODE    24D1H     0017H     UNIT         ?PR?_DELAY_MS?STC8G_H_DELAY
            CODE    24E8H     0013H     UNIT         ?PR?_PRINTSTRING2?STC8G_H_UART
            CODE    24FBH     0013H     UNIT         ?PR?_PRINTSTRING3?STC8G_H_UART
            CODE    250EH     0013H     UNIT         ?PR?_PRINTSTRING4?STC8G_H_UART
            CODE    2521H     0011H     UNIT         ?PR?BEEP_INIT?BEEP
            CODE    2532H     0010H     UNIT         ?PR?KEY_INIT?KEY
            CODE    2542H     000FH     UNIT         ?PR?RECVACK?STC8G_H_I2C
            CODE    2551H     000FH     UNIT         ?PR?RECVDATA?STC8G_H_I2C
            CODE    2560H     000FH     UNIT         ?PR?SENDNAK?STC8G_H_I2C
            CODE    256FH     000EH     UNIT         ?PR?_SENDDATA?STC8G_H_I2C
            CODE    257DH     000EH     UNIT         ?PR?SENDACK?STC8G_H_I2C
            CODE    258BH     000DH     UNIT         ?PR?_ADC_POWERCONTROL?STC8G_H_ADC
            CODE    2598H     000DH     UNIT         ?PR?_SENDCMDDATA?STC8G_H_I2C
            CODE    25A5H     000CH     UNIT         ?CO?IIC
            CODE    25B1H     000CH     UNIT         ?PR?WAIT?STC8G_H_I2C
            CODE    25BDH     000AH     UNIT         ?PR?_TX1_WRITE2BUFF?STC8G_H_UART
            CODE    25C7H     000AH     UNIT         ?PR?_TX2_WRITE2BUFF?STC8G_H_UART
            CODE    25D1H     000AH     UNIT         ?PR?_TX3_WRITE2BUFF?STC8G_H_UART
            CODE    25DBH     000AH     UNIT         ?PR?_TX4_WRITE2BUFF?STC8G_H_UART
            CODE    25E5H     0009H     UNIT         ?CO?UART
            CODE    25EEH     0009H     UNIT         ?PR?START?STC8G_H_I2C
            CODE    25F7H     0009H     UNIT         ?PR?STOP?STC8G_H_I2C
            CODE    2600H     0008H     UNIT         ?PR?GET_MSBUSY_STATUS?STC8G_H_I2C
            CODE    2608H     0006H     UNIT         ?PR?INT0_ISR_HANDLER?STC8G_H_EXTI_ISR
            CODE    260EH     0006H     UNIT         ?PR?INT3_ISR_HANDLER?STC8G_H_EXTI_ISR



OVERLAY MAP OF MODULE:   .\Objects\STC8H (?C_STARTUP)


SEGMENT                                             BIT_GROUP          DATA_GROUP 
  +--> CALLED SEGMENT                            START    LENGTH     START    LENGTH
------------------------------------------------------------------------------------
BL51 BANKED LINKER/LOCATER V6.22.2.0                                                  09/15/2025  11:19:34  PAGE 5


?C_C51STARTUP                                    -----    -----      -----    -----
  +--> ?PR?MAIN?MAIN
  +--> ?C_INITSEG

?PR?MAIN?MAIN                                    -----    -----      0008H    0001H
  +--> ?PR?GPIO_CONFIG?CONFIG
  +--> ?PR?BEEP_INIT?BEEP
  +--> ?PR?KEY_INIT?KEY
  +--> ?PR?EXTI_CONFIG?CONFIG
  +--> ?PR?TIMER_CONFIG?CONFIG
  +--> ?PR?UART_CONFIG?CONFIG
  +--> ?PR?ADC_CONFIG?CONFIG
  +--> ?PR?I2C_CONFIG?CONFIG
  +--> ?PR?TOUCH_CONFIG?TOUCH
  +--> ?PR?GETTOUCHVAL?TOUCH
  +--> ?CO?MAIN
  +--> ?PR?PRINTF?PRINTF

?PR?GPIO_CONFIG?CONFIG                           -----    -----      0009H    0002H
  +--> ?PR?_GPIO_INILIZE?STC8G_H_GPIO

?PR?BEEP_INIT?BEEP                               -----    -----      0009H    0002H
  +--> ?PR?_GPIO_INILIZE?STC8G_H_GPIO

?PR?KEY_INIT?KEY                                 -----    -----      0009H    0002H
  +--> ?PR?_GPIO_INILIZE?STC8G_H_GPIO

?PR?EXTI_CONFIG?CONFIG                           -----    -----      0009H    0001H
  +--> ?PR?_EXT_INILIZE?STC8G_H_EXTI
  +--> ?PR?_NVIC_INT0_INIT?STC8G_H_NVIC
  +--> ?PR?_NVIC_INT2_INIT?STC8G_H_NVIC
  +--> ?PR?_NVIC_INT3_INIT?STC8G_H_NVIC
  +--> ?PR?_NVIC_INT4_INIT?STC8G_H_NVIC

?PR?TIMER_CONFIG?CONFIG                          -----    -----      0009H    0007H
  +--> ?PR?_TIMER_INILIZE?STC8G_H_TIMER
  +--> ?PR?_NVIC_TIMER0_INIT?STC8G_H_NVIC
  +--> ?PR?_NVIC_TIMER1_INIT?STC8G_H_NVIC
  +--> ?PR?_NVIC_TIMER2_INIT?STC8G_H_NVIC
  +--> ?PR?_NVIC_TIMER3_INIT?STC8G_H_NVIC
  +--> ?PR?_NVIC_TIMER4_INIT?STC8G_H_NVIC

?PR?UART_CONFIG?CONFIG                           -----    -----      0009H    0009H
  +--> ?PR?_UART_CONFIGURATION?STC8G_H_UART
  +--> ?PR?_NVIC_UART1_INIT?STC8G_H_NVIC
  +--> ?PR?_NVIC_UART2_INIT?STC8G_H_NVIC

?PR?_UART_CONFIGURATION?STC8G_H_UART             -----    -----      0012H    000AH

?PR?ADC_CONFIG?CONFIG                            -----    -----      0009H    0005H
  +--> ?PR?_ADC_INILIZE?STC8G_H_ADC
  +--> ?PR?_ADC_POWERCONTROL?STC8G_H_ADC
  +--> ?PR?_NVIC_ADC_INIT?STC8G_H_NVIC

?PR?I2C_CONFIG?CONFIG                            -----    -----      0009H    0006H
  +--> ?PR?_I2C_INIT?STC8G_H_I2C
  +--> ?PR?_NVIC_I2C_INIT?STC8G_H_NVIC
BL51 BANKED LINKER/LOCATER V6.22.2.0                                                  09/15/2025  11:19:34  PAGE 6



?PR?GETTOUCHVAL?TOUCH                            -----    -----      0009H    0005H
  +--> ?PR?_BEEPMS?BEEP

?PR?_BEEPMS?BEEP                                 -----    -----      000EH    0002H
  +--> ?PR?_DELAY_MS?STC8G_H_DELAY

?PR?PRINTF?PRINTF                                0020H.0  0001H.1    0009H    0014H
  +--> ?PR?_PUTCHAR?STC8G_H_UART

?PR?_PUTCHAR?STC8G_H_UART                        -----    -----      -----    -----
  +--> ?PR?_TX2_WRITE2BUFF?STC8G_H_UART



SYMBOL TABLE OF MODULE:  .\Objects\STC8H (?C_STARTUP)

  VALUE           TYPE          NAME
  ----------------------------------

  -------         MODULE        ?C_STARTUP
  C:18D9H         SEGMENT       ?C_C51STARTUP
  I:0075H         SEGMENT       ?STACK
  C:0000H         PUBLIC        ?C_STARTUP
  D:00E0H         SYMBOL        ACC
  D:00F0H         SYMBOL        B
  D:0083H         SYMBOL        DPH
  D:0082H         SYMBOL        DPL
  N:0000H         SYMBOL        IBPSTACK
  N:0100H         SYMBOL        IBPSTACKTOP
  N:0080H         SYMBOL        IDATALEN
  C:18DCH         SYMBOL        IDATALOOP
  N:0000H         SYMBOL        PBPSTACK
  N:0100H         SYMBOL        PBPSTACKTOP
  N:0000H         SYMBOL        PDATALEN
  N:0000H         SYMBOL        PDATASTART
  N:0000H         SYMBOL        PPAGE
  N:0000H         SYMBOL        PPAGEENABLE
  D:00A0H         SYMBOL        PPAGE_SFR
  D:0081H         SYMBOL        SP
  C:18D9H         SYMBOL        STARTUP1
  N:0000H         SYMBOL        XBPSTACK
  N:0000H         SYMBOL        XBPSTACKTOP
  N:0000H         SYMBOL        XDATALEN
  N:0000H         SYMBOL        XDATASTART
  C:0000H         LINE#         126
  C:18D9H         LINE#         133
  C:18DBH         LINE#         134
  C:18DCH         LINE#         135
  C:18DDH         LINE#         136
  C:18DFH         LINE#         185
  C:18E2H         LINE#         196
  -------         ENDMOD        ?C_STARTUP

  -------         MODULE        MAIN
  C:0000H         SYMBOL        _ICE_DUMMY_
  D:0080H         PUBLIC        P0
BL51 BANKED LINKER/LOCATER V6.22.2.0                                                  09/15/2025  11:19:34  PAGE 7


  D:0090H         PUBLIC        P1
  D:00A0H         PUBLIC        P2
  D:00B0H         PUBLIC        P3
  D:00C0H         PUBLIC        P4
  D:00C8H         PUBLIC        P5
  D:00E8H         PUBLIC        P6
  B:00A8H.7       PUBLIC        EA
  D:00F8H         PUBLIC        P7
  D:00BAH         PUBLIC        P_SW2
  D:00A8H         PUBLIC        IE
  D:00B8H         PUBLIC        IP
  C:2234H         PUBLIC        main
  D:0098H         PUBLIC        SCON
  D:0088H         PUBLIC        TCON
  C:24C9H         PUBLIC        ledNum
  D:00D0H         PUBLIC        PSW
  -------         PROC          MAIN
  -------         DO            
  D:0008H         SYMBOL        Touch_TEMP
  -------         ENDDO         
  C:2234H         LINE#         20
  C:2234H         LINE#         21
  C:2234H         LINE#         22
  C:2237H         LINE#         26
  C:223AH         LINE#         27
  C:223DH         LINE#         28
  C:2240H         LINE#         29
  C:2243H         LINE#         30
  C:2246H         LINE#         31
  C:2249H         LINE#         32
  C:224CH         LINE#         33
  C:224FH         LINE#         34
  C:2252H         LINE#         35
  C:2255H         LINE#         36
  C:2257H         LINE#         38
  C:2257H         LINE#         39
  C:2257H         LINE#         40
  C:225CH         LINE#         42
  C:2260H         LINE#         43
  C:2260H         LINE#         45
  C:226BH         LINE#         47
  C:226BH         LINE#         48
  -------         ENDPROC       MAIN
  -------         ENDMOD        MAIN

  -------         MODULE        CONFIG
  C:0000H         SYMBOL        _ICE_DUMMY_
  D:0092H         PUBLIC        P1M0
  D:0096H         PUBLIC        P2M0
  D:0091H         PUBLIC        P1M1
  D:0080H         PUBLIC        P0
  D:0095H         PUBLIC        P2M1
  D:0090H         PUBLIC        P1
  D:00A0H         PUBLIC        P2
  D:00CAH         PUBLIC        P5M0
  D:00B0H         PUBLIC        P3
  D:00C9H         PUBLIC        P5M1
BL51 BANKED LINKER/LOCATER V6.22.2.0                                                  09/15/2025  11:19:34  PAGE 8


  D:00C0H         PUBLIC        P4
  D:00C8H         PUBLIC        P5
  D:00E8H         PUBLIC        P6
  D:00F8H         PUBLIC        P7
  C:1AD6H         PUBLIC        GPIO_config
  D:00A2H         PUBLIC        P_SW1
  D:00BAH         PUBLIC        P_SW2
  D:00A8H         PUBLIC        IE
  C:1DE2H         PUBLIC        UART_config
  C:011EH         PUBLIC        I2C_config
  D:00B8H         PUBLIC        IP
  C:239BH         PUBLIC        ADC_config
  D:0098H         PUBLIC        SCON
  D:0088H         PUBLIC        TCON
  C:1662H         PUBLIC        Timer_config
  C:2125H         PUBLIC        Exti_config
  D:00D0H         PUBLIC        PSW
  -------         PROC          GPIO_CONFIG
  -------         DO            
  D:0009H         SYMBOL        GPIO_InitStructure
  -------         ENDDO         
  C:1AD6H         LINE#         9
  C:1AD6H         LINE#         10
  C:1AD6H         LINE#         13
  C:1AD9H         LINE#         14
  C:1ADCH         LINE#         15
  C:1AE6H         LINE#         16
  C:1AF1H         LINE#         17
  C:1AFCH         LINE#         18
  C:1B07H         LINE#         19
  C:1B12H         LINE#         20
  C:1B1DH         LINE#         21
  C:1B28H         LINE#         24
  C:1B33H         LINE#         25
  C:1B39H         LINE#         26
  C:1B3FH         LINE#         27
  C:1B45H         LINE#         28
  -------         ENDPROC       GPIO_CONFIG
  -------         PROC          EXTI_CONFIG
  -------         DO            
  D:0009H         SYMBOL        Exti_InitStructure
  -------         ENDDO         
  C:2125H         LINE#         30
  C:2125H         LINE#         31
  C:2125H         LINE#         35
  C:2128H         LINE#         36
  C:2133H         LINE#         37
  C:213AH         LINE#         41
  C:213DH         LINE#         42
  C:2148H         LINE#         43
  C:214FH         LINE#         56
  C:2156H         LINE#         57
  C:215DH         LINE#         58
  C:2164H         LINE#         60
  C:216BH         LINE#         62
  -------         ENDPROC       EXTI_CONFIG
  -------         PROC          TIMER_CONFIG
BL51 BANKED LINKER/LOCATER V6.22.2.0                                                  09/15/2025  11:19:34  PAGE 9


  -------         DO            
  D:0009H         SYMBOL        TIM_InitStructure
  -------         ENDDO         
  C:1662H         LINE#         63
  C:1662H         LINE#         64
  C:1662H         LINE#         68
  C:1665H         LINE#         69
  C:1668H         LINE#         70
  C:166AH         LINE#         71
  C:1670H         LINE#         72
  C:1673H         LINE#         73
  C:167CH         LINE#         74
  C:1683H         LINE#         77
  C:1686H         LINE#         78
  C:1689H         LINE#         79
  C:168BH         LINE#         80
  C:1691H         LINE#         81
  C:1694H         LINE#         82
  C:169EH         LINE#         83
  C:16A5H         LINE#         86
  C:16A8H         LINE#         87
  C:16ABH         LINE#         88
  C:16B1H         LINE#         89
  C:16B3H         LINE#         90
  C:16B6H         LINE#         91
  C:16C0H         LINE#         92
  C:16C7H         LINE#         95
  C:16CAH         LINE#         96
  C:16CCH         LINE#         97
  C:16D2H         LINE#         98
  C:16D4H         LINE#         99
  C:16D7H         LINE#         100
  C:16E1H         LINE#         101
  C:16E8H         LINE#         104
  C:16EBH         LINE#         105
  C:16EDH         LINE#         106
  C:16F3H         LINE#         107
  C:16F5H         LINE#         108
  C:16F8H         LINE#         109
  C:1702H         LINE#         110
  -------         ENDPROC       TIMER_CONFIG
  -------         PROC          UART_CONFIG
  -------         DO            
  D:0009H         SYMBOL        COMx_InitStructure
  -------         ENDDO         
  C:1DE2H         LINE#         113
  C:1DE2H         LINE#         114
  C:1DE2H         LINE#         117
  C:1DE5H         LINE#         118
  C:1DE8H         LINE#         119
  C:1DF4H         LINE#         120
  C:1DF7H         LINE#         121
  C:1DFAH         LINE#         122
  C:1E04H         LINE#         123
  C:1E0BH         LINE#         125
  C:1E0EH         LINE#         127
  C:1E1AH         LINE#         128
BL51 BANKED LINKER/LOCATER V6.22.2.0                                                  09/15/2025  11:19:34  PAGE 10


  C:1E1DH         LINE#         129
  C:1E28H         LINE#         130
  C:1E2FH         LINE#         132
  C:1E32H         LINE#         133
  C:1E3AH         LINE#         134
  -------         ENDPROC       UART_CONFIG
  -------         PROC          ADC_CONFIG
  -------         DO            
  D:0009H         SYMBOL        ADC_InitStructure
  -------         ENDDO         
  C:239BH         LINE#         136
  C:239BH         LINE#         137
  C:239BH         LINE#         140
  C:239EH         LINE#         141
  C:23A1H         LINE#         142
  C:23A4H         LINE#         143
  C:23A7H         LINE#         144
  C:23AAH         LINE#         145
  C:23B2H         LINE#         146
  C:23B7H         LINE#         147
  -------         ENDPROC       ADC_CONFIG
  -------         PROC          I2C_CONFIG
  -------         DO            
  D:0009H         SYMBOL        I2C_InitStructure
  -------         ENDDO         
  C:011EH         LINE#         151
  C:011EH         LINE#         152
  C:011EH         LINE#         155
  C:0121H         LINE#         156
  C:0124H         LINE#         157
  C:0127H         LINE#         158
  C:012AH         LINE#         159
  C:0132H         LINE#         160
  C:013AH         LINE#         162
  C:0142H         LINE#         163
  -------         ENDPROC       I2C_CONFIG
  -------         ENDMOD        CONFIG

  -------         MODULE        BEEP
  C:0000H         SYMBOL        _ICE_DUMMY_
  D:0080H         PUBLIC        P0
  D:0090H         PUBLIC        P1
  D:00A0H         PUBLIC        P2
  D:00B0H         PUBLIC        P3
  D:00C0H         PUBLIC        P4
  D:00C8H         PUBLIC        P5
  D:00E8H         PUBLIC        P6
  D:00F8H         PUBLIC        P7
  D:00A8H         PUBLIC        IE
  D:00B8H         PUBLIC        IP
  D:0098H         PUBLIC        SCON
  C:2521H         PUBLIC        beep_init
  D:0088H         PUBLIC        TCON
  B:00C8H.3       PUBLIC        P53
  C:2355H         PUBLIC        _BeepMs
  D:00D0H         PUBLIC        PSW
  -------         PROC          BEEP_INIT
BL51 BANKED LINKER/LOCATER V6.22.2.0                                                  09/15/2025  11:19:34  PAGE 11


  -------         DO            
  D:0009H         SYMBOL        GPIO_InitStructure
  -------         ENDDO         
  C:2521H         LINE#         12
  C:2521H         LINE#         13
  C:2521H         LINE#         16
  C:2524H         LINE#         17
  C:2527H         LINE#         18
  -------         ENDPROC       BEEP_INIT
  -------         PROC          _BEEPMS
  D:000EH         SYMBOL        ms
  C:2355H         LINE#         29
  C:2359H         LINE#         30
  C:2359H         LINE#         31
  C:2364H         LINE#         32
  C:2364H         LINE#         33
  C:2366H         LINE#         34
  C:236DH         LINE#         35
  C:2377H         LINE#         36
  -------         ENDPROC       _BEEPMS
  -------         ENDMOD        BEEP

  -------         MODULE        KEY
  C:0000H         SYMBOL        _ICE_DUMMY_
  D:0080H         PUBLIC        P0
  D:0090H         PUBLIC        P1
  D:00A0H         PUBLIC        P2
  D:00B0H         PUBLIC        P3
  D:00C0H         PUBLIC        P4
  D:00C8H         PUBLIC        P5
  D:00E8H         PUBLIC        P6
  D:00F8H         PUBLIC        P7
  D:00A8H         PUBLIC        IE
  C:1844H         PUBLIC        SingleKey
  D:00B8H         PUBLIC        IP
  D:0098H         PUBLIC        SCON
  B:00B0H.2       PUBLIC        P32
  D:0088H         PUBLIC        TCON
  B:00B0H.3       PUBLIC        P33
  B:00B0H.4       PUBLIC        P34
  B:00B0H.5       PUBLIC        P35
  C:2532H         PUBLIC        key_init
  D:00D0H         PUBLIC        PSW
  -------         PROC          KEY_INIT
  -------         DO            
  D:0009H         SYMBOL        GPIO_InitStructure
  -------         ENDDO         
  C:2532H         LINE#         13
  C:2532H         LINE#         14
  C:2532H         LINE#         17
  C:2535H         LINE#         18
  C:2538H         LINE#         19
  -------         ENDPROC       KEY_INIT
  -------         PROC          SINGLEKEY
  -------         DO            
  D:0066H         SYMBOL        KEYVAL1
  D:0067H         SYMBOL        longpressNum
BL51 BANKED LINKER/LOCATER V6.22.2.0                                                  09/15/2025  11:19:34  PAGE 12


  -------         ENDDO         
  C:1844H         LINE#         28
  C:1844H         LINE#         29
  C:1844H         LINE#         32
  C:184DH         LINE#         33
  C:1850H         LINE#         34
  C:1850H         LINE#         35
  C:1856H         LINE#         36
  C:1859H         LINE#         37
  C:1859H         LINE#         38
  C:185CH         LINE#         39
  C:185FH         LINE#         40
  C:185FH         LINE#         41
  C:1872H         LINE#         42
  C:1872H         LINE#         43
  C:1875H         LINE#         44
  C:187CH         LINE#         45
  C:187CH         LINE#         46
  C:187EH         LINE#         47
  C:187EH         LINE#         48
  C:1885H         LINE#         49
  C:1888H         LINE#         50
  C:1888H         LINE#         51
  C:188BH         LINE#         52
  C:188BH         LINE#         53
  C:1892H         LINE#         54
  C:1895H         LINE#         55
  C:1895H         LINE#         56
  C:1898H         LINE#         57
  C:1898H         LINE#         58
  C:189FH         LINE#         59
  C:18A2H         LINE#         60
  C:18A2H         LINE#         61
  C:18A5H         LINE#         62
  C:18A5H         LINE#         63
  C:18ACH         LINE#         64
  C:18AFH         LINE#         65
  C:18AFH         LINE#         66
  C:18B2H         LINE#         67
  C:18B2H         LINE#         68
  C:18B9H         LINE#         69
  C:18BCH         LINE#         70
  C:18BCH         LINE#         71
  C:18BFH         LINE#         72
  C:18BFH         LINE#         73
  C:18C6H         LINE#         74
  C:18C9H         LINE#         75
  C:18C9H         LINE#         76
  C:18CCH         LINE#         77
  C:18CCH         LINE#         78
  C:18D3H         LINE#         79
  C:18D6H         LINE#         80
  C:18D6H         LINE#         81
  C:18D8H         LINE#         82
  -------         ENDPROC       SINGLEKEY
  -------         ENDMOD        KEY

BL51 BANKED LINKER/LOCATER V6.22.2.0                                                  09/15/2025  11:19:34  PAGE 13


  -------         MODULE        DIGITALLED
  C:0000H         SYMBOL        _ICE_DUMMY_
  D:0080H         PUBLIC        P0
  D:0090H         PUBLIC        P1
  D:00A0H         PUBLIC        P2
  D:00B0H         PUBLIC        P3
  D:00C0H         PUBLIC        P4
  C:24A2H         PUBLIC        TableDU
  D:00C8H         PUBLIC        P5
  D:00E8H         PUBLIC        P6
  D:00F8H         PUBLIC        P7
  C:24B2H         PUBLIC        TableWE
  C:2489H         PUBLIC        _DisplayNum
  D:00A8H         PUBLIC        IE
  D:00B8H         PUBLIC        IP
  B:00D0H.7       PUBLIC        CY
  D:0098H         PUBLIC        SCON
  B:00C0H.1       PUBLIC        P41
  D:0088H         PUBLIC        TCON
  C:14D2H         PUBLIC        _DisplayAnyNum
  B:00F8H.6       PUBLIC        P76
  B:00F8H.7       PUBLIC        P77
  D:0072H         PUBLIC        i
  C:2455H         PUBLIC        _Hc595WriteByte
  D:00D0H         PUBLIC        PSW
  -------         PROC          _HC595WRITEBYTE
  D:0007H         SYMBOL        Data
  -------         DO            
  D:0006H         SYMBOL        k
  -------         ENDDO         
  C:2455H         LINE#         24
  C:2455H         LINE#         25
  C:2455H         LINE#         27
  C:2461H         LINE#         28
  C:2461H         LINE#         29
  C:2463H         LINE#         30
  C:2467H         LINE#         31
  C:2469H         LINE#         32
  C:246BH         LINE#         33
  C:246EH         LINE#         34
  -------         ENDPROC       _HC595WRITEBYTE
  -------         PROC          _DISPLAYNUM
  D:0004H         SYMBOL        num
  D:0005H         SYMBOL        dat
  C:2489H         LINE#         42
  C:248BH         LINE#         43
  C:248BH         LINE#         45
  C:2494H         LINE#         46
  C:249DH         LINE#         47
  C:249FH         LINE#         48
  C:24A1H         LINE#         49
  -------         ENDPROC       _DISPLAYNUM
  -------         PROC          _DISPLAYANYNUM
  D:0002H         SYMBOL        disnum
  -------         DO            
  D:006BH         SYMBOL        wan
  D:006CH         SYMBOL        qian
BL51 BANKED LINKER/LOCATER V6.22.2.0                                                  09/15/2025  11:19:34  PAGE 14


  D:006DH         SYMBOL        bai
  D:006EH         SYMBOL        shi
  D:006FH         SYMBOL        ge
  -------         ENDDO         
  C:14D2H         LINE#         121
  C:14D6H         LINE#         122
  C:14D6H         LINE#         124
  C:14DFH         LINE#         125
  C:14F9H         LINE#         126
  C:1513H         LINE#         127
  C:152DH         LINE#         128
  C:153AH         LINE#         129
  C:153EH         LINE#         130
  C:153EH         LINE#         131
  C:1544H         LINE#         132
  C:154BH         LINE#         133
  C:154BH         LINE#         134
  C:1553H         LINE#         135
  C:1553H         LINE#         136
  C:155AH         LINE#         137
  C:1561H         LINE#         138
  C:1561H         LINE#         139
  C:156DH         LINE#         140
  C:156DH         LINE#         141
  C:1574H         LINE#         142
  C:157BH         LINE#         143
  C:157BH         LINE#         144
  C:158BH         LINE#         145
  C:158BH         LINE#         146
  C:1592H         LINE#         147
  C:1599H         LINE#         148
  C:1599H         LINE#         149
  -------         ENDPROC       _DISPLAYANYNUM
  -------         ENDMOD        DIGITALLED

  -------         MODULE        ENCODER
  C:0000H         SYMBOL        _ICE_DUMMY_
  D:0080H         PUBLIC        P0
  D:0090H         PUBLIC        P1
  D:00A0H         PUBLIC        P2
  D:00B0H         PUBLIC        P3
  D:00C0H         PUBLIC        P4
  D:00C8H         PUBLIC        P5
  D:00E8H         PUBLIC        P6
  D:00F8H         PUBLIC        P7
  D:00A8H         PUBLIC        IE
  D:00B8H         PUBLIC        IP
  D:0098H         PUBLIC        SCON
  D:0088H         PUBLIC        TCON
  D:00D0H         PUBLIC        PSW
  -------         ENDMOD        ENCODER

  -------         MODULE        UART
  C:0000H         SYMBOL        _ICE_DUMMY_
  D:0080H         PUBLIC        P0
  D:0090H         PUBLIC        P1
  D:00A0H         PUBLIC        P2
BL51 BANKED LINKER/LOCATER V6.22.2.0                                                  09/15/2025  11:19:34  PAGE 15


  D:00B0H         PUBLIC        P3
  D:00C0H         PUBLIC        P4
  D:00C8H         PUBLIC        P5
  D:00E8H         PUBLIC        P6
  D:00F8H         PUBLIC        P7
  D:00A8H         PUBLIC        IE
  D:00B8H         PUBLIC        IP
  C:19E1H         PUBLIC        uart1tx_uart2rx
  C:25E5H         PUBLIC        atarr
  D:0098H         PUBLIC        SCON
  D:0088H         PUBLIC        TCON
  C:13FEH         PUBLIC        _sort
  D:00D0H         PUBLIC        PSW
  -------         PROC          _SORT
  D:0001H         SYMBOL        Data
  D:0053H         SYMBOL        len
  -------         DO            
  D:0054H         SYMBOL        i
  D:0056H         SYMBOL        j
  D:0058H         SYMBOL        temp
  -------         ENDDO         
  C:13FEH         LINE#         8
  C:1400H         LINE#         9
  C:1400H         LINE#         11
  C:141AH         LINE#         12
  C:143BH         LINE#         13
  C:146CH         LINE#         15
  C:1470H         LINE#         16
  C:149AH         LINE#         17
  C:14B5H         LINE#         19
  C:14B5H         LINE#         20
  C:14C3H         LINE#         21
  C:14D1H         LINE#         22
  -------         ENDPROC       _SORT
  -------         PROC          UART1TX_UART2RX
  -------         DO            
  D:0073H         SYMBOL        i
  -------         ENDDO         
  C:19E1H         LINE#         31
  C:19E1H         LINE#         32
  C:19E1H         LINE#         35
  C:19ECH         LINE#         36
  C:19ECH         LINE#         37
  C:19F2H         LINE#         38
  C:19F2H         LINE#         39
  C:19FDH         LINE#         40
  C:19FDH         LINE#         46
  C:1A1BH         LINE#         47
  C:1A1BH         LINE#         48
  C:1A1EH         LINE#         49
  C:1A1EH         LINE#         50
  C:1A1EH         LINE#         52
  C:1A29H         LINE#         53
  C:1A29H         LINE#         54
  C:1A2FH         LINE#         55
  C:1A2FH         LINE#         56
  C:1A3AH         LINE#         57
BL51 BANKED LINKER/LOCATER V6.22.2.0                                                  09/15/2025  11:19:34  PAGE 16


  C:1A3AH         LINE#         60
  C:1A58H         LINE#         61
  C:1A58H         LINE#         62
  C:1A5BH         LINE#         63
  C:1A5BH         LINE#         64
  C:1A5BH         LINE#         69
  -------         ENDPROC       UART1TX_UART2RX
  -------         ENDMOD        UART

  -------         MODULE        FILTERING
  C:0000H         SYMBOL        _ICE_DUMMY_
  D:0080H         PUBLIC        P0
  D:0090H         PUBLIC        P1
  D:00A0H         PUBLIC        P2
  D:00B0H         PUBLIC        P3
  D:00C0H         PUBLIC        P4
  D:00C8H         PUBLIC        P5
  D:00E8H         PUBLIC        P6
  D:00F8H         PUBLIC        P7
  D:00A8H         PUBLIC        IE
  D:00B8H         PUBLIC        IP
  C:15A0H         PUBLIC        _Median_Filter
  D:0098H         PUBLIC        SCON
  D:0088H         PUBLIC        TCON
  D:00D0H         PUBLIC        PSW
  -------         PROC          _MEDIAN_FILTER
  D:0041H         SYMBOL        friler_arr
  D:0044H         SYMBOL        len
  -------         DO            
  D:0045H         SYMBOL        i
  D:0047H         SYMBOL        sum
  -------         ENDDO         
  C:15A0H         LINE#         13
  C:15A8H         LINE#         14
  C:15A8H         LINE#         15
  C:15ADH         LINE#         16
  C:15B5H         LINE#         17
  C:15BBH         LINE#         18
  C:15CBH         LINE#         19
  C:15CBH         LINE#         20
  C:15EAH         LINE#         21
  C:15F4H         LINE#         22
  C:15FFH         LINE#         24
  C:1604H         LINE#         25
  C:163AH         LINE#         26
  C:1648H         LINE#         28
  C:1661H         LINE#         30
  C:1661H         LINE#         32
  -------         ENDPROC       _MEDIAN_FILTER
  -------         ENDMOD        FILTERING

  -------         MODULE        IIC
  C:0000H         SYMBOL        _ICE_DUMMY_
  D:0080H         PUBLIC        P0
  D:0090H         PUBLIC        P1
  D:00A0H         PUBLIC        P2
  D:00B0H         PUBLIC        P3
BL51 BANKED LINKER/LOCATER V6.22.2.0                                                  09/15/2025  11:19:34  PAGE 17


  D:00C0H         PUBLIC        P4
  D:00C8H         PUBLIC        P5
  D:00E8H         PUBLIC        P6
  D:00F8H         PUBLIC        P7
  D:0036H         PUBLIC        ADC_VAL
  D:00A8H         PUBLIC        IE
  C:246FH         PUBLIC        _IapErase
  D:00C5H         PUBLIC        IAP_CMD
  D:0038H         PUBLIC        sysT0tick
  D:00B8H         PUBLIC        IP
  C:23DEH         PUBLIC        _IapRead
  C:00A6H         PUBLIC        _lapProgram
  C:0046H         PUBLIC        IapIdle
  D:003CH         PUBLIC        data_high
  D:00C3H         PUBLIC        IAP_ADDRH
  D:00C4H         PUBLIC        IAP_ADDRL
  X:02C0H         PUBLIC        adc_val30
  D:00F5H         PUBLIC        IAP_TPS
  D:0098H         PUBLIC        SCON
  D:0088H         PUBLIC        TCON
  D:00C7H         PUBLIC        IAP_CONTR
  D:003DH         PUBLIC        data_low
  X:02FCH         PUBLIC        adc_arr
  D:00C2H         PUBLIC        IAP_DATA
  D:003EH         PUBLIC        j
  C:12B8H         PUBLIC        IIC_60S
  D:00C6H         PUBLIC        IAP_TRIG
  D:00D0H         PUBLIC        PSW
  D:003FH         PUBLIC        Data
  -------         PROC          IIC_60S
  C:12B8H         LINE#         24
  C:12B8H         LINE#         25
  C:12B8H         LINE#         26
  C:12DDH         LINE#         27
  C:12E9H         LINE#         28
  C:12F7H         LINE#         29
  C:12F7H         LINE#         30
  C:130EH         LINE#         31
  C:1312H         LINE#         32
  C:131DH         LINE#         33
  C:132EH         LINE#         34
  C:132EH         LINE#         35
  C:1352H         LINE#         36
  C:1365H         LINE#         37
  C:1368H         LINE#         38
  C:137BH         LINE#         39
  C:1382H         LINE#         40
  C:1396H         LINE#         41
  C:139DH         LINE#         42
  C:13B0H         LINE#         43
  C:13B7H         LINE#         44
  C:13CBH         LINE#         45
  C:13D3H         LINE#         46
  C:13DAH         LINE#         47
  C:13E9H         LINE#         49
  C:13EEH         LINE#         50
  C:13EEH         LINE#         51
BL51 BANKED LINKER/LOCATER V6.22.2.0                                                  09/15/2025  11:19:34  PAGE 18


  C:13FDH         LINE#         52
  C:13FDH         LINE#         53
  -------         ENDPROC       IIC_60S
  -------         PROC          IAPIDLE
  C:0046H         LINE#         61
  C:0046H         LINE#         62
  C:0046H         LINE#         63
  C:0049H         LINE#         64
  C:004BH         LINE#         65
  C:004DH         LINE#         66
  C:0050H         LINE#         67
  C:0052H         LINE#         68
  -------         ENDPROC       IAPIDLE
  -------         PROC          _IAPREAD
  D:0006H         SYMBOL        addr
  -------         DO            
  D:0007H         SYMBOL        dat
  -------         ENDDO         
  C:23DEH         LINE#         76
  C:23DEH         LINE#         77
  C:23DEH         LINE#         78
  C:23E1H         LINE#         79
  C:23E4H         LINE#         80
  C:23E7H         LINE#         81
  C:23E9H         LINE#         82
  C:23EBH         LINE#         83
  C:23EEH         LINE#         84
  C:23F1H         LINE#         85
  C:23F2H         LINE#         86
  C:23F3H         LINE#         87
  C:23F4H         LINE#         88
  C:23F5H         LINE#         89
  C:23F7H         LINE#         90
  C:23FAH         LINE#         91
  C:23FCH         LINE#         92
  -------         ENDPROC       _IAPREAD
  -------         PROC          _LAPPROGRAM
  D:0006H         SYMBOL        addr
  D:0005H         SYMBOL        dat
  C:00A6H         LINE#         100
  C:00A6H         LINE#         101
  C:00A6H         LINE#         102
  C:00ACH         LINE#         104
  C:00AFH         LINE#         105
  C:00B1H         LINE#         106
  C:00B3H         LINE#         107
  C:00B5H         LINE#         108
  C:00B8H         LINE#         109
  C:00BBH         LINE#         110
  C:00BCH         LINE#         111
  C:00BDH         LINE#         112
  C:00BEH         LINE#         113
  C:00BFH         LINE#         114
  -------         ENDPROC       _LAPPROGRAM
  -------         PROC          _IAPERASE
  D:0006H         SYMBOL        addr
  C:246FH         LINE#         123
BL51 BANKED LINKER/LOCATER V6.22.2.0                                                  09/15/2025  11:19:34  PAGE 19


  C:246FH         LINE#         124
  C:246FH         LINE#         125
  C:2472H         LINE#         126
  C:2475H         LINE#         127
  C:2478H         LINE#         128
  C:247AH         LINE#         129
  C:247CH         LINE#         130
  C:247FH         LINE#         131
  C:2482H         LINE#         132
  C:2483H         LINE#         133
  C:2484H         LINE#         134
  C:2485H         LINE#         135
  C:2486H         LINE#         136
  -------         ENDPROC       _IAPERASE
  -------         ENDMOD        IIC

  -------         MODULE        TOUCH
  C:0000H         SYMBOL        _ICE_DUMMY_
  D:0080H         PUBLIC        P0
  D:0090H         PUBLIC        P1
  D:00A0H         PUBLIC        P2
  D:00B0H         PUBLIC        P3
  D:00C0H         PUBLIC        P4
  D:00C8H         PUBLIC        P5
  D:00E8H         PUBLIC        P6
  X:0360H         PUBLIC        B_ReadKeyOk
  D:00F8H         PUBLIC        P7
  D:00A8H         PUBLIC        IE
  D:00B8H         PUBLIC        IP
  D:0098H         PUBLIC        SCON
  D:0088H         PUBLIC        TCON
  C:23BDH         PUBLIC        Touch_Config
  D:00AFH         PUBLIC        IE2
  X:0361H         PUBLIC        TK_cnt
  C:1157H         PUBLIC        GetTouchVal
  C:1C19H         PUBLIC        Touch_ISR
  D:00D0H         PUBLIC        PSW
  -------         PROC          GETTOUCHVAL
  -------         DO            
  D:0009H         SYMBOL        Toucha_val
  D:000AH         SYMBOL        Toucha_Longval
  -------         ENDDO         
  C:1157H         LINE#         14
  C:1157H         LINE#         15
  C:1157H         LINE#         16
  C:115AH         LINE#         17
  C:1162H         LINE#         18
  C:1179H         LINE#         19
  C:1179H         LINE#         20
  C:117CH         LINE#         21
  C:1193H         LINE#         22
  C:1193H         LINE#         23
  C:11A6H         LINE#         24
  C:11A6H         LINE#         25
  C:11A9H         LINE#         26
  C:11B0H         LINE#         27
  C:11B0H         LINE#         28
BL51 BANKED LINKER/LOCATER V6.22.2.0                                                  09/15/2025  11:19:34  PAGE 20


  C:11B2H         LINE#         31
  C:11B2H         LINE#         32
  C:11C9H         LINE#         33
  C:11C9H         LINE#         34
  C:11CCH         LINE#         35
  C:11E3H         LINE#         36
  C:11E3H         LINE#         37
  C:11F6H         LINE#         38
  C:11F6H         LINE#         39
  C:11F9H         LINE#         40
  C:1200H         LINE#         41
  C:1200H         LINE#         42
  C:1202H         LINE#         43
  C:1202H         LINE#         44
  C:1204H         LINE#         45
  C:1204H         LINE#         46
  C:121BH         LINE#         47
  C:121BH         LINE#         48
  C:121EH         LINE#         49
  C:1235H         LINE#         50
  C:1235H         LINE#         51
  C:1248H         LINE#         52
  C:1248H         LINE#         53
  C:124BH         LINE#         54
  C:1252H         LINE#         55
  C:1252H         LINE#         56
  C:1254H         LINE#         57
  C:125BH         LINE#         58
  C:125EH         LINE#         59
  C:125EH         LINE#         60
  C:1275H         LINE#         61
  C:1275H         LINE#         62
  C:1278H         LINE#         63
  C:128FH         LINE#         64
  C:128FH         LINE#         65
  C:12A2H         LINE#         66
  C:12A2H         LINE#         67
  C:12A5H         LINE#         68
  C:12ACH         LINE#         69
  C:12ACH         LINE#         70
  C:12AEH         LINE#         71
  C:12B5H         LINE#         72
  C:12B5H         LINE#         73
  C:12B7H         LINE#         74
  -------         ENDPROC       GETTOUCHVAL
  -------         PROC          TOUCH_CONFIG
  C:23BDH         LINE#         82
  C:23BDH         LINE#         83
  C:23BDH         LINE#         85
  C:23C3H         LINE#         86
  C:23C7H         LINE#         87
  C:23CBH         LINE#         88
  C:23CFH         LINE#         89
  C:23D5H         LINE#         90
  C:23DAH         LINE#         91
  C:23DDH         LINE#         92
  -------         ENDPROC       TOUCH_CONFIG
BL51 BANKED LINKER/LOCATER V6.22.2.0                                                  09/15/2025  11:19:34  PAGE 21


  -------         PROC          TOUCH_ISR
  -------         DO            
  D:0007H         SYMBOL        j
  -------         ENDDO         
  C:1C19H         LINE#         100
  C:1C2AH         LINE#         104
  C:1C2FH         LINE#         106
  C:1C32H         LINE#         107
  C:1C32H         LINE#         108
  C:1C36H         LINE#         109
  C:1C36H         LINE#         110
  C:1C3AH         LINE#         111
  C:1C3AH         LINE#         112
  C:1C3DH         LINE#         113
  C:1C44H         LINE#         115
  C:1C5DH         LINE#         117
  C:1C67H         LINE#         118
  C:1C67H         LINE#         119
  -------         ENDPROC       TOUCH_ISR
  -------         ENDMOD        TOUCH

  -------         MODULE        STC8G_H_GPIO
  C:0000H         SYMBOL        _ICE_DUMMY_
  D:0093H         PUBLIC        P0M1
  D:0092H         PUBLIC        P1M0
  D:0096H         PUBLIC        P2M0
  D:0091H         PUBLIC        P1M1
  D:0080H         PUBLIC        P0
  D:00B2H         PUBLIC        P3M0
  D:0095H         PUBLIC        P2M1
  D:0090H         PUBLIC        P1
  D:00B4H         PUBLIC        P4M0
  D:00B1H         PUBLIC        P3M1
  D:00A0H         PUBLIC        P2
  D:00CAH         PUBLIC        P5M0
  D:00B3H         PUBLIC        P4M1
  D:00B0H         PUBLIC        P3
  D:00CCH         PUBLIC        P6M0
  D:00C9H         PUBLIC        P5M1
  D:00C0H         PUBLIC        P4
  D:00E2H         PUBLIC        P7M0
  D:00CBH         PUBLIC        P6M1
  D:00C8H         PUBLIC        P5
  D:00E8H         PUBLIC        P6
  D:00E1H         PUBLIC        P7M1
  D:00F8H         PUBLIC        P7
  D:00A8H         PUBLIC        IE
  D:00B8H         PUBLIC        IP
  D:0098H         PUBLIC        SCON
  D:0088H         PUBLIC        TCON
  C:0EE0H         PUBLIC        _GPIO_Inilize
  D:00D0H         PUBLIC        PSW
  D:0094H         PUBLIC        P0M0
  -------         PROC          _GPIO_INILIZE
  D:0007H         SYMBOL        GPIO
  D:0001H         SYMBOL        GPIOx
  C:0EE0H         LINE#         22
BL51 BANKED LINKER/LOCATER V6.22.2.0                                                  09/15/2025  11:19:34  PAGE 22


  C:0EE0H         LINE#         23
  C:0EE0H         LINE#         24
  C:0EEDH         LINE#         25
  C:0EFDH         LINE#         26
  C:0F00H         LINE#         27
  C:0F00H         LINE#         28
  C:0F0EH         LINE#         29
  C:0F20H         LINE#         30
  C:0F32H         LINE#         31
  C:0F44H         LINE#         32
  C:0F44H         LINE#         33
  C:0F49H         LINE#         34
  C:0F49H         LINE#         35
  C:0F5AH         LINE#         36
  C:0F6AH         LINE#         37
  C:0F7BH         LINE#         38
  C:0F8FH         LINE#         39
  C:0F8FH         LINE#         40
  C:0F94H         LINE#         41
  C:0F94H         LINE#         42
  C:0FA5H         LINE#         43
  C:0FB5H         LINE#         44
  C:0FC6H         LINE#         45
  C:0FDAH         LINE#         46
  C:0FDAH         LINE#         47
  C:0FDFH         LINE#         48
  C:0FDFH         LINE#         49
  C:0FF0H         LINE#         50
  C:1000H         LINE#         51
  C:1011H         LINE#         52
  C:1025H         LINE#         53
  C:1025H         LINE#         54
  C:102AH         LINE#         55
  C:102AH         LINE#         56
  C:103BH         LINE#         57
  C:104BH         LINE#         58
  C:105CH         LINE#         59
  C:1070H         LINE#         60
  C:1070H         LINE#         61
  C:1075H         LINE#         62
  C:1075H         LINE#         63
  C:1086H         LINE#         64
  C:1096H         LINE#         65
  C:10A7H         LINE#         66
  C:10BBH         LINE#         67
  C:10BBH         LINE#         68
  C:10C0H         LINE#         69
  C:10C0H         LINE#         70
  C:10D1H         LINE#         71
  C:10E1H         LINE#         72
  C:10F2H         LINE#         73
  C:1106H         LINE#         74
  C:1106H         LINE#         75
  C:110BH         LINE#         76
  C:110BH         LINE#         77
  C:111EH         LINE#         78
  C:112FH         LINE#         79
BL51 BANKED LINKER/LOCATER V6.22.2.0                                                  09/15/2025  11:19:34  PAGE 23


  C:1140H         LINE#         80
  C:1154H         LINE#         81
  C:1154H         LINE#         82
  C:1156H         LINE#         83
  -------         ENDPROC       _GPIO_INILIZE
  -------         ENDMOD        STC8G_H_GPIO

  -------         MODULE        STC8G_H_DELAY
  C:0000H         SYMBOL        _ICE_DUMMY_
  D:0080H         PUBLIC        P0
  D:0090H         PUBLIC        P1
  D:00A0H         PUBLIC        P2
  D:00B0H         PUBLIC        P3
  D:00C0H         PUBLIC        P4
  D:00C8H         PUBLIC        P5
  D:00E8H         PUBLIC        P6
  D:00F8H         PUBLIC        P7
  D:00A8H         PUBLIC        IE
  D:00B8H         PUBLIC        IP
  D:0098H         PUBLIC        SCON
  D:0088H         PUBLIC        TCON
  C:24D1H         PUBLIC        _delay_ms
  D:00D0H         PUBLIC        PSW
  -------         PROC          _DELAY_MS
  D:0006H         SYMBOL        ms
  -------         DO            
  D:0004H         SYMBOL        i
  -------         ENDDO         
  C:24D1H         LINE#         24
  C:24D1H         LINE#         25
  C:24D1H         LINE#         27
  C:24D1H         LINE#         28
  C:24D5H         LINE#         29
  C:24DEH         LINE#         30
  C:24E7H         LINE#         31
  -------         ENDPROC       _DELAY_MS
  -------         ENDMOD        STC8G_H_DELAY

  -------         MODULE        STC8G_H_EXTI
  C:0000H         SYMBOL        _ICE_DUMMY_
  D:0080H         PUBLIC        P0
  D:0090H         PUBLIC        P1
  D:00A0H         PUBLIC        P2
  D:00B0H         PUBLIC        P3
  D:00C0H         PUBLIC        P4
  D:00C8H         PUBLIC        P5
  D:00E8H         PUBLIC        P6
  D:00F8H         PUBLIC        P7
  D:00A8H         PUBLIC        IE
  D:00B8H         PUBLIC        IP
  D:0098H         PUBLIC        SCON
  D:0088H         PUBLIC        TCON
  B:0088H.1       PUBLIC        IE0
  B:0088H.3       PUBLIC        IE1
  B:0088H.0       PUBLIC        IT0
  B:0088H.2       PUBLIC        IT1
  C:226DH         PUBLIC        _Ext_Inilize
BL51 BANKED LINKER/LOCATER V6.22.2.0                                                  09/15/2025  11:19:34  PAGE 24


  D:00D0H         PUBLIC        PSW
  -------         PROC          _EXT_INILIZE
  D:0007H         SYMBOL        EXT
  D:0001H         SYMBOL        INTx
  C:226DH         LINE#         22
  C:226DH         LINE#         23
  C:226DH         LINE#         24
  C:227AH         LINE#         26
  C:227DH         LINE#         27
  C:227DH         LINE#         28
  C:227FH         LINE#         29
  C:228AH         LINE#         30
  C:228DH         LINE#         31
  C:228DH         LINE#         33
  C:2292H         LINE#         34
  C:2292H         LINE#         35
  C:2294H         LINE#         36
  C:229FH         LINE#         37
  C:22A2H         LINE#         38
  C:22A2H         LINE#         39
  C:22A4H         LINE#         40
  -------         ENDPROC       _EXT_INILIZE
  -------         ENDMOD        STC8G_H_EXTI

  -------         MODULE        STC8G_H_NVIC
  C:0000H         SYMBOL        _ICE_DUMMY_
  D:0080H         PUBLIC        P0
  D:0090H         PUBLIC        P1
  D:00A0H         PUBLIC        P2
  D:00B0H         PUBLIC        P3
  D:00C0H         PUBLIC        P4
  D:00C8H         PUBLIC        P5
  D:00E8H         PUBLIC        P6
  D:00F8H         PUBLIC        P7
  B:00A8H.5       PUBLIC        EADC
  D:00A8H         PUBLIC        IE
  D:00B6H         PUBLIC        IP2H
  D:00EEH         PUBLIC        IP3H
  D:008FH         PUBLIC        INTCLKO
  B:00A8H.4       PUBLIC        ES
  B:00B8H.5       PUBLIC        PADC
  D:00B8H         PUBLIC        IP
  B:00B8H.4       PUBLIC        PS
  C:1EE6H         PUBLIC        _NVIC_INT0_Init
  C:1F3BH         PUBLIC        _NVIC_INT1_Init
  C:2439H         PUBLIC        _NVIC_INT2_Init
  C:0066H         PUBLIC        _NVIC_INT3_Init
  D:00E6H         PUBLIC        CMPCR1
  C:23FDH         PUBLIC        _NVIC_INT4_Init
  D:0098H         PUBLIC        SCON
  D:0088H         PUBLIC        TCON
  C:00C6H         PUBLIC        _NVIC_Timer0_Init
  C:1E91H         PUBLIC        _NVIC_Timer1_Init
  C:2301H         PUBLIC        _NVIC_Timer2_Init
  C:232BH         PUBLIC        _NVIC_Timer3_Init
  D:00AFH         PUBLIC        IE2
  C:22D6H         PUBLIC        _NVIC_Timer4_Init
BL51 BANKED LINKER/LOCATER V6.22.2.0                                                  09/15/2025  11:19:34  PAGE 25


  C:1B46H         PUBLIC        _NVIC_I2C_Init
  B:00A8H.1       PUBLIC        ET0
  B:00A8H.3       PUBLIC        ET1
  D:00B5H         PUBLIC        IP2
  D:00DFH         PUBLIC        IP3
  B:00A8H.0       PUBLIC        EX0
  B:00A8H.2       PUBLIC        EX1
  C:1F90H         PUBLIC        _NVIC_ADC_Init
  B:00B8H.1       PUBLIC        PT0
  B:00B8H.3       PUBLIC        PT1
  B:00B8H.0       PUBLIC        PX0
  B:00B8H.2       PUBLIC        PX1
  D:00B7H         PUBLIC        IPH
  C:1D2EH         PUBLIC        _NVIC_CMP_Init
  C:216CH         PUBLIC        _NVIC_RTC_Init
  C:1D88H         PUBLIC        _NVIC_SPI_Init
  C:1FE5H         PUBLIC        _NVIC_UART1_Init
  C:1E3BH         PUBLIC        _NVIC_UART2_Init
  C:1C76H         PUBLIC        _NVIC_UART3_Init
  C:1CD3H         PUBLIC        _NVIC_UART4_Init
  D:00D0H         PUBLIC        PSW
  C:17ACH         PUBLIC        _NVIC_PWM_Init
  -------         PROC          _NVIC_TIMER0_INIT
  D:0007H         SYMBOL        State
  D:0005H         SYMBOL        Priority
  C:00C6H         LINE#         23
  C:00C6H         LINE#         24
  C:00C6H         LINE#         25
  C:00D6H         LINE#         26
  C:00E3H         LINE#         27
  C:00EDH         LINE#         28
  C:0118H         LINE#         29
  C:011AH         LINE#         30
  -------         ENDPROC       _NVIC_TIMER0_INIT
  -------         PROC          _NVIC_TIMER1_INIT
  D:0007H         SYMBOL        State
  D:0005H         SYMBOL        Priority
  C:1E91H         LINE#         40
  C:1E91H         LINE#         41
  C:1E91H         LINE#         42
  C:1EA1H         LINE#         43
  C:1EAEH         LINE#         44
  C:1EB8H         LINE#         45
  C:1EE3H         LINE#         46
  C:1EE5H         LINE#         47
  -------         ENDPROC       _NVIC_TIMER1_INIT
  -------         PROC          _NVIC_TIMER2_INIT
  D:0007H         SYMBOL        State
  D:0005H         SYMBOL        Priority
  C:2301H         LINE#         57
  C:2301H         LINE#         58
  C:2301H         LINE#         59
  C:230EH         LINE#         60
  C:231BH         LINE#         61
  C:2328H         LINE#         62
  C:2329H         LINE#         63
  C:232AH         LINE#         64
BL51 BANKED LINKER/LOCATER V6.22.2.0                                                  09/15/2025  11:19:34  PAGE 26


  -------         ENDPROC       _NVIC_TIMER2_INIT
  -------         PROC          _NVIC_TIMER3_INIT
  D:0007H         SYMBOL        State
  D:0005H         SYMBOL        Priority
  C:232BH         LINE#         74
  C:232BH         LINE#         75
  C:232BH         LINE#         76
  C:2338H         LINE#         77
  C:2345H         LINE#         78
  C:2352H         LINE#         79
  C:2353H         LINE#         80
  C:2354H         LINE#         81
  -------         ENDPROC       _NVIC_TIMER3_INIT
  -------         PROC          _NVIC_TIMER4_INIT
  D:0007H         SYMBOL        State
  D:0005H         SYMBOL        Priority
  C:22D6H         LINE#         91
  C:22D6H         LINE#         92
  C:22D6H         LINE#         93
  C:22E3H         LINE#         94
  C:22F0H         LINE#         95
  C:22FEH         LINE#         96
  C:22FFH         LINE#         97
  C:2300H         LINE#         98
  -------         ENDPROC       _NVIC_TIMER4_INIT
  -------         PROC          _NVIC_INT0_INIT
  D:0007H         SYMBOL        State
  D:0005H         SYMBOL        Priority
  C:1EE6H         LINE#         108
  C:1EE6H         LINE#         109
  C:1EE6H         LINE#         110
  C:1EF6H         LINE#         111
  C:1F03H         LINE#         112
  C:1F0DH         LINE#         113
  C:1F38H         LINE#         114
  C:1F3AH         LINE#         115
  -------         ENDPROC       _NVIC_INT0_INIT
  -------         PROC          _NVIC_INT1_INIT
  D:0007H         SYMBOL        State
  D:0005H         SYMBOL        Priority
  C:1F3BH         LINE#         125
  C:1F3BH         LINE#         126
  C:1F3BH         LINE#         127
  C:1F4BH         LINE#         128
  C:1F58H         LINE#         129
  C:1F62H         LINE#         130
  C:1F8DH         LINE#         131
  C:1F8FH         LINE#         132
  -------         ENDPROC       _NVIC_INT1_INIT
  -------         PROC          _NVIC_INT2_INIT
  D:0007H         SYMBOL        State
  D:0005H         SYMBOL        Priority
  C:2439H         LINE#         142
  C:2439H         LINE#         143
  C:2439H         LINE#         144
  C:2446H         LINE#         145
  C:2452H         LINE#         146
BL51 BANKED LINKER/LOCATER V6.22.2.0                                                  09/15/2025  11:19:34  PAGE 27


  C:2453H         LINE#         147
  C:2454H         LINE#         148
  -------         ENDPROC       _NVIC_INT2_INIT
  -------         PROC          _NVIC_INT3_INIT
  D:0007H         SYMBOL        State
  D:0005H         SYMBOL        Priority
  C:0066H         LINE#         158
  C:0066H         LINE#         159
  C:0066H         LINE#         160
  C:0073H         LINE#         161
  C:0080H         LINE#         162
  C:0081H         LINE#         163
  C:0082H         LINE#         164
  -------         ENDPROC       _NVIC_INT3_INIT
  -------         PROC          _NVIC_INT4_INIT
  D:0007H         SYMBOL        State
  D:0005H         SYMBOL        Priority
  C:23FDH         LINE#         174
  C:23FDH         LINE#         175
  C:23FDH         LINE#         176
  C:240AH         LINE#         177
  C:2418H         LINE#         178
  C:2419H         LINE#         179
  C:241AH         LINE#         180
  -------         ENDPROC       _NVIC_INT4_INIT
  -------         PROC          _NVIC_ADC_INIT
  D:0007H         SYMBOL        State
  D:0005H         SYMBOL        Priority
  C:1F90H         LINE#         190
  C:1F90H         LINE#         191
  C:1F90H         LINE#         192
  C:1FA0H         LINE#         193
  C:1FADH         LINE#         194
  C:1FB7H         LINE#         195
  C:1FE2H         LINE#         196
  C:1FE4H         LINE#         197
  -------         ENDPROC       _NVIC_ADC_INIT
  -------         PROC          _NVIC_CMP_INIT
  D:0007H         SYMBOL        State
  D:0005H         SYMBOL        Priority
  C:1D2EH         LINE#         207
  C:1D2EH         LINE#         208
  C:1D2EH         LINE#         209
  C:1D3EH         LINE#         210
  C:1D47H         LINE#         211
  C:1D4AH         LINE#         212
  C:1D53H         LINE#         213
  C:1D56H         LINE#         214
  C:1D85H         LINE#         215
  C:1D87H         LINE#         216
  -------         ENDPROC       _NVIC_CMP_INIT
  -------         PROC          _NVIC_I2C_INIT
  D:0007H         SYMBOL        Mode
  D:0005H         SYMBOL        State
  D:0003H         SYMBOL        Priority
  C:1B46H         LINE#         228
  C:1B46H         LINE#         229
BL51 BANKED LINKER/LOCATER V6.22.2.0                                                  09/15/2025  11:19:34  PAGE 28


  C:1B46H         LINE#         230
  C:1B53H         LINE#         231
  C:1B60H         LINE#         232
  C:1B65H         LINE#         233
  C:1B65H         LINE#         234
  C:1B75H         LINE#         235
  C:1B77H         LINE#         236
  C:1B7AH         LINE#         237
  C:1B7AH         LINE#         238
  C:1B82H         LINE#         239
  C:1B82H         LINE#         240
  C:1BB2H         LINE#         241
  C:1BB4H         LINE#         242
  -------         ENDPROC       _NVIC_I2C_INIT
  -------         PROC          _NVIC_UART1_INIT
  D:0007H         SYMBOL        State
  D:0005H         SYMBOL        Priority
  C:1FE5H         LINE#         252
  C:1FE5H         LINE#         253
  C:1FE5H         LINE#         254
  C:1FF5H         LINE#         255
  C:2002H         LINE#         256
  C:200CH         LINE#         257
  C:2037H         LINE#         258
  C:2039H         LINE#         259
  -------         ENDPROC       _NVIC_UART1_INIT
  -------         PROC          _NVIC_UART2_INIT
  D:0007H         SYMBOL        State
  D:0005H         SYMBOL        Priority
  C:1E3BH         LINE#         269
  C:1E3BH         LINE#         270
  C:1E3BH         LINE#         271
  C:1E48H         LINE#         272
  C:1E58H         LINE#         273
  C:1E5FH         LINE#         274
  C:1E8EH         LINE#         275
  C:1E90H         LINE#         276
  -------         ENDPROC       _NVIC_UART2_INIT
  -------         PROC          _NVIC_UART3_INIT
  D:0007H         SYMBOL        State
  D:0005H         SYMBOL        Priority
  C:1C76H         LINE#         286
  C:1C76H         LINE#         287
  C:1C76H         LINE#         288
  C:1C83H         LINE#         289
  C:1C93H         LINE#         290
  C:1CA1H         LINE#         291
  C:1CD0H         LINE#         292
  C:1CD2H         LINE#         293
  -------         ENDPROC       _NVIC_UART3_INIT
  -------         PROC          _NVIC_UART4_INIT
  D:0007H         SYMBOL        State
  D:0005H         SYMBOL        Priority
  C:1CD3H         LINE#         303
  C:1CD3H         LINE#         304
  C:1CD3H         LINE#         305
  C:1CE0H         LINE#         306
BL51 BANKED LINKER/LOCATER V6.22.2.0                                                  09/15/2025  11:19:34  PAGE 29


  C:1CF0H         LINE#         307
  C:1CFCH         LINE#         308
  C:1D2BH         LINE#         309
  C:1D2DH         LINE#         310
  -------         ENDPROC       _NVIC_UART4_INIT
  -------         PROC          _NVIC_SPI_INIT
  D:0007H         SYMBOL        State
  D:0005H         SYMBOL        Priority
  C:1D88H         LINE#         320
  C:1D88H         LINE#         321
  C:1D88H         LINE#         322
  C:1D95H         LINE#         323
  C:1DA5H         LINE#         324
  C:1DB0H         LINE#         325
  C:1DDFH         LINE#         326
  C:1DE1H         LINE#         327
  -------         ENDPROC       _NVIC_SPI_INIT
  -------         PROC          _NVIC_PWM_INIT
  D:0007H         SYMBOL        Channel
  D:0005H         SYMBOL        State
  D:0003H         SYMBOL        Priority
  C:17ACH         LINE#         338
  C:17ACH         LINE#         339
  C:17ACH         LINE#         340
  C:17B9H         LINE#         341
  C:17C6H         LINE#         342
  C:17CEH         LINE#         343
  C:17CEH         LINE#         344
  C:17CEH         LINE#         345
  C:17D3H         LINE#         346
  C:1803H         LINE#         347
  C:1805H         LINE#         349
  C:1805H         LINE#         350
  C:180AH         LINE#         351
  C:183AH         LINE#         352
  C:183CH         LINE#         354
  C:183CH         LINE#         355
  C:1841H         LINE#         356
  C:1841H         LINE#         357
  C:1841H         LINE#         358
  C:1841H         LINE#         359
  C:1843H         LINE#         360
  -------         ENDPROC       _NVIC_PWM_INIT
  -------         PROC          _NVIC_RTC_INIT
  D:0007H         SYMBOL        State
  D:0005H         SYMBOL        Priority
  C:216CH         LINE#         370
  C:216CH         LINE#         371
  C:216CH         LINE#         372
  C:21ABH         LINE#         373
  C:21B0H         LINE#         374
  C:21B2H         LINE#         375
  -------         ENDPROC       _NVIC_RTC_INIT
  -------         ENDMOD        STC8G_H_NVIC

  -------         MODULE        STC8G_H_EXTI_ISR
  C:0000H         SYMBOL        _ICE_DUMMY_
BL51 BANKED LINKER/LOCATER V6.22.2.0                                                  09/15/2025  11:19:34  PAGE 30


  D:0080H         PUBLIC        P0
  D:0090H         PUBLIC        P1
  D:00A0H         PUBLIC        P2
  D:00B0H         PUBLIC        P3
  D:00C0H         PUBLIC        P4
  D:00C8H         PUBLIC        P5
  D:00E8H         PUBLIC        P6
  D:00F8H         PUBLIC        P7
  D:00A8H         PUBLIC        IE
  C:2608H         PUBLIC        INT0_ISR_Handler
  C:0041H         PUBLIC        INT1_ISR_Handler
  C:0042H         PUBLIC        INT2_ISR_Handler
  C:260EH         PUBLIC        INT3_ISR_Handler
  C:0056H         PUBLIC        INT4_ISR_Handler
  D:00B8H         PUBLIC        IP
  B:0080H.0       PUBLIC        P00
  B:0080H.3       PUBLIC        P03
  D:0098H         PUBLIC        SCON
  C:2378H         PUBLIC        EXT_INTP3_ISR_Handler
  D:0088H         PUBLIC        TCON
  B:0080H.5       PUBLIC        P05
  B:0080H.6       PUBLIC        P06
  D:0074H         PUBLIC        WakeUpSource
  D:00D0H         PUBLIC        PSW
  -------         PROC          INT0_ISR_HANDLER
  C:2608H         LINE#         31
  C:2608H         LINE#         34
  C:260AH         LINE#         35
  C:260DH         LINE#         38
  -------         ENDPROC       INT0_ISR_HANDLER
  -------         PROC          INT1_ISR_HANDLER
  C:0041H         LINE#         47
  C:0041H         LINE#         55
  -------         ENDPROC       INT1_ISR_HANDLER
  -------         PROC          INT2_ISR_HANDLER
  C:0042H         LINE#         64
  C:0042H         LINE#         70
  -------         ENDPROC       INT2_ISR_HANDLER
  -------         PROC          INT3_ISR_HANDLER
  C:260EH         LINE#         79
  C:260EH         LINE#         82
  C:2610H         LINE#         83
  C:2613H         LINE#         84
  -------         ENDPROC       INT3_ISR_HANDLER
  -------         PROC          INT4_ISR_HANDLER
  C:0056H         LINE#         93
  C:0056H         LINE#         97
  C:0059H         LINE#         98
  -------         ENDPROC       INT4_ISR_HANDLER
  -------         PROC          EXT_INTP3_ISR_HANDLER
  C:2378H         LINE#         99
  C:237EH         LINE#         101
  C:2385H         LINE#         102
  C:2385H         LINE#         103
  C:2387H         LINE#         104
  C:2389H         LINE#         105
  C:2389H         LINE#         106
BL51 BANKED LINKER/LOCATER V6.22.2.0                                                  09/15/2025  11:19:34  PAGE 31


  C:2390H         LINE#         107
  C:2390H         LINE#         108
  C:2392H         LINE#         109
  C:2394H         LINE#         110
  C:2394H         LINE#         111
  -------         ENDPROC       EXT_INTP3_ISR_HANDLER
  -------         ENDMOD        STC8G_H_EXTI_ISR

  -------         MODULE        STC8G_H_TIMER
  C:0000H         SYMBOL        _ICE_DUMMY_
  D:0080H         PUBLIC        P0
  D:0090H         PUBLIC        P1
  D:00A0H         PUBLIC        P2
  D:00B0H         PUBLIC        P3
  D:00C0H         PUBLIC        P4
  D:00C8H         PUBLIC        P5
  D:00E8H         PUBLIC        P6
  D:00F8H         PUBLIC        P7
  D:00A8H         PUBLIC        IE
  D:008FH         PUBLIC        INTCLKO
  D:00B8H         PUBLIC        IP
  D:0098H         PUBLIC        SCON
  D:0089H         PUBLIC        TMOD
  D:0088H         PUBLIC        TCON
  C:0C58H         PUBLIC        _Timer_Inilize
  D:008EH         PUBLIC        AUXR
  D:008CH         PUBLIC        TH0
  D:008DH         PUBLIC        TH1
  D:00D6H         PUBLIC        T2H
  D:00D4H         PUBLIC        T3H
  D:00D2H         PUBLIC        T4H
  D:008AH         PUBLIC        TL0
  D:008BH         PUBLIC        TL1
  D:00D7H         PUBLIC        T2L
  D:00D5H         PUBLIC        T3L
  D:00D3H         PUBLIC        T4L
  B:0088H.4       PUBLIC        TR0
  B:0088H.6       PUBLIC        TR1
  D:00D1H         PUBLIC        T4T3M
  D:00D0H         PUBLIC        PSW
  -------         PROC          _TIMER_INILIZE
  D:0005H         SYMBOL        TIM
  D:0001H         SYMBOL        TIMx
  C:0C58H         LINE#         22
  C:0C5AH         LINE#         23
  C:0C5AH         LINE#         24
  C:0C60H         LINE#         25
  C:0C60H         LINE#         26
  C:0C62H         LINE#         27
  C:0C72H         LINE#         28
  C:0C79H         LINE#         29
  C:0C8CH         LINE#         30
  C:0CADH         LINE#         31
  C:0CBBH         LINE#         32
  C:0CCDH         LINE#         33
  C:0CDBH         LINE#         34
  C:0CDEH         LINE#         35
BL51 BANKED LINKER/LOCATER V6.22.2.0                                                  09/15/2025  11:19:34  PAGE 32


  C:0CDEH         LINE#         37
  C:0CE6H         LINE#         38
  C:0CE6H         LINE#         39
  C:0CE8H         LINE#         40
  C:0CF8H         LINE#         41
  C:0D04H         LINE#         42
  C:0D17H         LINE#         43
  C:0D38H         LINE#         44
  C:0D48H         LINE#         45
  C:0D5AH         LINE#         46
  C:0D68H         LINE#         47
  C:0D6BH         LINE#         48
  C:0D6BH         LINE#         50
  C:0D70H         LINE#         51
  C:0D70H         LINE#         52
  C:0D73H         LINE#         53
  C:0D99H         LINE#         54
  C:0DABH         LINE#         56
  C:0DBDH         LINE#         57
  C:0DC7H         LINE#         58
  C:0DD8H         LINE#         59
  C:0DDBH         LINE#         60
  C:0DDBH         LINE#         62
  C:0DE0H         LINE#         63
  C:0DE0H         LINE#         64
  C:0DE3H         LINE#         65
  C:0DF6H         LINE#         66
  C:0E17H         LINE#         67
  C:0E25H         LINE#         69
  C:0E37H         LINE#         70
  C:0E41H         LINE#         71
  C:0E51H         LINE#         72
  C:0E54H         LINE#         73
  C:0E54H         LINE#         75
  C:0E5CH         LINE#         76
  C:0E5CH         LINE#         77
  C:0E5FH         LINE#         78
  C:0E74H         LINE#         79
  C:0E9BH         LINE#         80
  C:0EACH         LINE#         82
  C:0EBCH         LINE#         83
  C:0EC6H         LINE#         84
  C:0EDAH         LINE#         85
  C:0EDDH         LINE#         86
  C:0EDDH         LINE#         87
  C:0EDFH         LINE#         88
  -------         ENDPROC       _TIMER_INILIZE
  -------         ENDMOD        STC8G_H_TIMER

  -------         MODULE        STC8G_H_TIMER_ISR
  C:0000H         SYMBOL        _ICE_DUMMY_
  D:0080H         PUBLIC        P0
  D:0090H         PUBLIC        P1
  D:00A0H         PUBLIC        P2
  D:00B0H         PUBLIC        P3
  D:00C0H         PUBLIC        P4
  D:00C8H         PUBLIC        P5
BL51 BANKED LINKER/LOCATER V6.22.2.0                                                  09/15/2025  11:19:34  PAGE 33


  D:00E8H         PUBLIC        P6
  D:00F8H         PUBLIC        P7
  D:00A8H         PUBLIC        IE
  D:00B8H         PUBLIC        IP
  C:241BH         PUBLIC        Timer0_ISR_Handler
  C:0086H         PUBLIC        Timer1_ISR_Handler
  C:000EH         PUBLIC        Timer2_ISR_Handler
  C:0016H         PUBLIC        Timer3_ISR_Handler
  C:001EH         PUBLIC        Timer4_ISR_Handler
  D:0098H         PUBLIC        SCON
  D:0088H         PUBLIC        TCON
  B:00E8H.3       PUBLIC        P63
  B:00E8H.4       PUBLIC        P64
  B:00E8H.5       PUBLIC        P65
  D:004BH         PUBLIC        time0IntNum
  D:004FH         PUBLIC        time1IntNum
  D:0050H         PUBLIC        time2IntNum
  D:0051H         PUBLIC        time3IntNum
  D:0052H         PUBLIC        time4IntNum
  D:00D0H         PUBLIC        PSW
  -------         PROC          TIMER0_ISR_HANDLER
  C:241BH         LINE#         26
  C:241FH         LINE#         30
  C:2434H         LINE#         31
  -------         ENDPROC       TIMER0_ISR_HANDLER
  -------         PROC          TIMER1_ISR_HANDLER
  C:0086H         LINE#         40
  C:0086H         LINE#         44
  C:0088H         LINE#         45
  -------         ENDPROC       TIMER1_ISR_HANDLER
  -------         PROC          TIMER2_ISR_HANDLER
  C:000EH         LINE#         54
  C:000EH         LINE#         57
  C:0010H         LINE#         58
  C:0012H         LINE#         59
  -------         ENDPROC       TIMER2_ISR_HANDLER
  -------         PROC          TIMER3_ISR_HANDLER
  C:0016H         LINE#         68
  C:0016H         LINE#         71
  C:0018H         LINE#         72
  C:001AH         LINE#         73
  -------         ENDPROC       TIMER3_ISR_HANDLER
  -------         PROC          TIMER4_ISR_HANDLER
  C:001EH         LINE#         82
  C:001EH         LINE#         85
  C:0020H         LINE#         86
  C:0022H         LINE#         87
  -------         ENDPROC       TIMER4_ISR_HANDLER
  -------         ENDMOD        STC8G_H_TIMER_ISR

  -------         MODULE        STC8G_H_UART
  C:0000H         SYMBOL        _ICE_DUMMY_
  C:0146H         PUBLIC        _UART_Configuration
  D:0080H         PUBLIC        P0
  D:0090H         PUBLIC        P1
  D:00A0H         PUBLIC        P2
  D:00B0H         PUBLIC        P3
BL51 BANKED LINKER/LOCATER V6.22.2.0                                                  09/15/2025  11:19:34  PAGE 34


  D:00C0H         PUBLIC        P4
  D:00C8H         PUBLIC        P5
  D:00E8H         PUBLIC        P6
  D:00F8H         PUBLIC        P7
  D:00A8H         PUBLIC        IE
  D:0022H         PUBLIC        COM1
  D:0027H         PUBLIC        COM2
  D:002CH         PUBLIC        COM3
[...]
  C:250EH         LINE#         353
  C:2520H         LINE#         354
  -------         ENDPROC       _PRINTSTRING4
  -------         PROC          _PUTCHAR
  D:0006H         SYMBOL        c
  C:0026H         LINE#         385
  C:0028H         LINE#         386
  C:0028H         LINE#         387
  -------         ENDPROC       _PUTCHAR
  -------         ENDMOD        STC8G_H_UART

  -------         MODULE        STC8G_H_UART_ISR
  C:0000H         SYMBOL        _ICE_DUMMY_
  D:0080H         PUBLIC        P0
  D:0090H         PUBLIC        P1
  D:00A0H         PUBLIC        P2
  D:00B0H         PUBLIC        P3
  D:00C0H         PUBLIC        P4
  D:00C8H         PUBLIC        P5
  D:00E8H         PUBLIC        P6
  D:00F8H         PUBLIC        P7
  D:00A8H         PUBLIC        IE
  D:00B8H         PUBLIC        IP
  B:0098H.0       PUBLIC        RI
  B:0098H.1       PUBLIC        TI
  D:0099H         PUBLIC        SBUF
  D:0098H         PUBLIC        SCON
  D:0088H         PUBLIC        TCON
  C:21B3H         PUBLIC        UART1_ISR_Handler
  C:20D8H         PUBLIC        UART2_ISR_Handler
  C:203AH         PUBLIC        UART3_ISR_Handler
  D:009BH         PUBLIC        S2BUF
  C:2089H         PUBLIC        UART4_ISR_Handler
  D:00ADH         PUBLIC        S3BUF
  D:0085H         PUBLIC        S4BUF
  D:009AH         PUBLIC        S2CON
  D:00ACH         PUBLIC        S3CON
  D:0084H         PUBLIC        S4CON
  D:00D0H         PUBLIC        PSW
  -------         PROC          UART1_ISR_HANDLER
  C:21B3H         LINE#         23
  C:21C0H         LINE#         25
  C:21C3H         LINE#         26
  C:21C3H         LINE#         27
  C:21C5H         LINE#         29
  C:21D3H         LINE#         30
  C:21E4H         LINE#         31
  C:21E7H         LINE#         32
  C:21E7H         LINE#         34
  C:21EAH         LINE#         35
BL51 BANKED LINKER/LOCATER V6.22.2.0                                                  09/15/2025  11:19:34  PAGE 40


  C:21EAH         LINE#         36
  C:21ECH         LINE#         46
  C:21EFH         LINE#         48
  C:21EFH         LINE#         49
  -------         ENDPROC       UART1_ISR_HANDLER
  -------         PROC          UART2_ISR_HANDLER
  C:20D8H         LINE#         60
  C:20E5H         LINE#         62
  C:20EAH         LINE#         63
  C:20EAH         LINE#         64
  C:20EDH         LINE#         67
  C:20FBH         LINE#         68
  C:210CH         LINE#         69
  C:210FH         LINE#         70
  C:210FH         LINE#         72
  C:2114H         LINE#         73
  C:2114H         LINE#         74
  C:2117H         LINE#         84
  C:211AH         LINE#         86
  C:211AH         LINE#         87
  -------         ENDPROC       UART2_ISR_HANDLER
  -------         PROC          UART3_ISR_HANDLER
  C:203AH         LINE#         98
  C:2047H         LINE#         100
  C:204DH         LINE#         101
  C:204DH         LINE#         102
  C:2050H         LINE#         104
  C:205EH         LINE#         105
  C:206FH         LINE#         106
  C:2072H         LINE#         107
  C:2072H         LINE#         109
  C:2078H         LINE#         110
  C:2078H         LINE#         111
  C:207BH         LINE#         121
  C:207EH         LINE#         123
  C:207EH         LINE#         124
  -------         ENDPROC       UART3_ISR_HANDLER
  -------         PROC          UART4_ISR_HANDLER
  C:2089H         LINE#         135
  C:2096H         LINE#         137
  C:209CH         LINE#         138
  C:209CH         LINE#         139
  C:209FH         LINE#         141
  C:20ADH         LINE#         142
  C:20BEH         LINE#         143
  C:20C1H         LINE#         144
  C:20C1H         LINE#         146
  C:20C7H         LINE#         147
  C:20C7H         LINE#         148
  C:20CAH         LINE#         158
  C:20CDH         LINE#         160
  C:20CDH         LINE#         161
  -------         ENDPROC       UART4_ISR_HANDLER
  -------         ENDMOD        STC8G_H_UART_ISR

  -------         MODULE        STC8G_H_ADC
  C:0000H         SYMBOL        _ICE_DUMMY_
BL51 BANKED LINKER/LOCATER V6.22.2.0                                                  09/15/2025  11:19:34  PAGE 41


  D:0080H         PUBLIC        P0
  D:0090H         PUBLIC        P1
  C:1BB5H         PUBLIC        _ADC_Inilize
  D:00A0H         PUBLIC        P2
  D:00B0H         PUBLIC        P3
  D:00C0H         PUBLIC        P4
  D:00C8H         PUBLIC        P5
  D:00E8H         PUBLIC        P6
  D:00F8H         PUBLIC        P7
  D:00A8H         PUBLIC        IE
  D:00BDH         PUBLIC        ADC_RES
  D:00B8H         PUBLIC        IP
  D:00DEH         PUBLIC        ADCCFG
  C:258BH         PUBLIC        _ADC_PowerControl
  D:00BCH         PUBLIC        ADC_CONTR
  D:0098H         PUBLIC        SCON
  D:0088H         PUBLIC        TCON
  C:1A5CH         PUBLIC        _Get_ADCResult
  D:00BEH         PUBLIC        ADC_RESL
  D:00D0H         PUBLIC        PSW
  -------         PROC          _ADC_INILIZE
  D:0001H         SYMBOL        ADCx
  C:1BB5H         LINE#         22
  C:1BB5H         LINE#         23
  C:1BB5H         LINE#         24
  C:1BC3H         LINE#         25
  C:1BD5H         LINE#         27
  C:1BE1H         LINE#         28
  C:1BF1H         LINE#         29
  C:1C01H         LINE#         31
  C:1C18H         LINE#         32
  -------         ENDPROC       _ADC_INILIZE
  -------         PROC          _ADC_POWERCONTROL
  D:0007H         SYMBOL        pwr
  C:258BH         LINE#         42
  C:258BH         LINE#         43
  C:258BH         LINE#         44
  C:2594H         LINE#         45
  C:2597H         LINE#         46
  -------         ENDPROC       _ADC_POWERCONTROL
  -------         PROC          _GET_ADCRESULT
  D:0007H         SYMBOL        channel
  -------         DO            
  D:0070H         SYMBOL        adc
  D:0005H         SYMBOL        i
  -------         ENDDO         
  C:1A5CH         LINE#         55
  C:1A5CH         LINE#         56
  C:1A5CH         LINE#         60
  C:1A68H         LINE#         61
  C:1A6BH         LINE#         62
  C:1A6DH         LINE#         64
  C:1A76H         LINE#         65
  C:1A80H         LINE#         67
  C:1A8CH         LINE#         68
  C:1A8CH         LINE#         69
  C:1A91H         LINE#         70
BL51 BANKED LINKER/LOCATER V6.22.2.0                                                  09/15/2025  11:19:34  PAGE 42


  C:1A91H         LINE#         71
  C:1A94H         LINE#         72
  C:1A9BH         LINE#         73
  C:1A9BH         LINE#         74
  C:1AA7H         LINE#         75
  C:1AA9H         LINE#         77
  C:1AA9H         LINE#         79
  C:1AAEH         LINE#         80
  C:1AC9H         LINE#         85
  C:1AC9H         LINE#         86
  C:1ACEH         LINE#         87
  C:1ACEH         LINE#         88
  C:1AD1H         LINE#         89
  C:1AD5H         LINE#         90
  -------         ENDPROC       _GET_ADCRESULT
  -------         ENDMOD        STC8G_H_ADC

  -------         MODULE        STC8G_H_ADC_ISR
  C:0000H         SYMBOL        _ICE_DUMMY_
  D:0080H         PUBLIC        P0
  D:0090H         PUBLIC        P1
  D:00A0H         PUBLIC        P2
  D:00B0H         PUBLIC        P3
  D:00C0H         PUBLIC        P4
  D:00C8H         PUBLIC        P5
  D:00E8H         PUBLIC        P6
  D:00F8H         PUBLIC        P7
  D:00A8H         PUBLIC        IE
  D:00B8H         PUBLIC        IP
  D:00BCH         PUBLIC        ADC_CONTR
  D:0098H         PUBLIC        SCON
  D:0088H         PUBLIC        TCON
  C:005EH         PUBLIC        ADC_ISR_Handler
  D:00D0H         PUBLIC        PSW
  -------         PROC          ADC_ISR_HANDLER
  C:005EH         LINE#         22
  C:005EH         LINE#         24
  C:0061H         LINE#         28
  -------         ENDPROC       ADC_ISR_HANDLER
  -------         ENDMOD        STC8G_H_ADC_ISR

  -------         MODULE        STC8G_H_I2C
  C:0000H         SYMBOL        _ICE_DUMMY_
  D:0080H         PUBLIC        P0
  D:0090H         PUBLIC        P1
  D:00A0H         PUBLIC        P2
  D:00B0H         PUBLIC        P3
  D:00C0H         PUBLIC        P4
  D:00C8H         PUBLIC        P5
  D:00E8H         PUBLIC        P6
  D:00F8H         PUBLIC        P7
  C:256FH         PUBLIC        _SendData
  D:00A8H         PUBLIC        IE
  C:2551H         PUBLIC        RecvData
  C:25EEH         PUBLIC        Start
  C:25B1H         PUBLIC        Wait
  D:00B8H         PUBLIC        IP
BL51 BANKED LINKER/LOCATER V6.22.2.0                                                  09/15/2025  11:19:34  PAGE 43


  C:2598H         PUBLIC        _SendCmdData
  C:21FAH         PUBLIC        _I2C_ReadNbyte
  C:25F7H         PUBLIC        Stop
  C:2600H         PUBLIC        Get_MSBusy_Status
  C:22A5H         PUBLIC        _I2C_WriteNbyte
  D:0098H         PUBLIC        SCON
  C:1965H         PUBLIC        _I2C_Init
  D:0088H         PUBLIC        TCON
  C:257DH         PUBLIC        SendACK
  C:2548H         PUBLIC        RecvACK
  C:2560H         PUBLIC        SendNAK
  D:00D0H         PUBLIC        PSW
  X:0375H         PUBLIC        I2C_Buffer
  -------         PROC          _I2C_INIT
  D:0001H         SYMBOL        I2Cx
  C:1965H         LINE#         24
  C:1965H         LINE#         25
  C:1965H         LINE#         26
  C:196FH         LINE#         27
  C:196FH         LINE#         28
  C:1976H         LINE#         29
  C:197BH         LINE#         30
  C:1989H         LINE#         31
  C:1998H         LINE#         35
  C:1998H         LINE#         36
  C:199FH         LINE#         37
  C:19A4H         LINE#         38
  C:19B5H         LINE#         39
  C:19C8H         LINE#         40
  C:19CCH         LINE#         41
  C:19CCH         LINE#         43
  C:19E0H         LINE#         44
  -------         ENDPROC       _I2C_INIT
  -------         PROC          GET_MSBUSY_STATUS
  C:2600H         LINE#         53
  C:2600H         LINE#         54
  C:2600H         LINE#         55
  C:2607H         LINE#         56
  -------         ENDPROC       GET_MSBUSY_STATUS
  -------         PROC          WAIT
  C:25B1H         LINE#         65
  C:25B1H         LINE#         66
  C:25B1H         LINE#         67
  C:25B8H         LINE#         68
  C:25BCH         LINE#         69
  -------         ENDPROC       WAIT
  -------         PROC          START
  C:25EEH         LINE#         78
  C:25EEH         LINE#         79
  C:25EEH         LINE#         80
  C:25F4H         LINE#         81
  -------         ENDPROC       START
  -------         PROC          _SENDDATA
  D:0007H         SYMBOL        dat
  C:256FH         LINE#         91
  C:256FH         LINE#         92
  C:256FH         LINE#         93
BL51 BANKED LINKER/LOCATER V6.22.2.0                                                  09/15/2025  11:19:34  PAGE 44


  C:2574H         LINE#         94
  C:257AH         LINE#         95
  -------         ENDPROC       _SENDDATA
  -------         PROC          L?0034
  -------         ENDPROC       L?0034
  -------         PROC          RECVACK
  C:2548H         LINE#         105
  C:2548H         LINE#         106
  C:2548H         LINE#         107
  C:254EH         LINE#         108
  -------         ENDPROC       RECVACK
  -------         PROC          RECVDATA
  C:2551H         LINE#         118
  C:2551H         LINE#         119
  C:2551H         LINE#         120
  C:2557H         LINE#         121
  C:255AH         LINE#         122
  C:255FH         LINE#         123
  -------         ENDPROC       RECVDATA
  -------         PROC          SENDACK
  C:257DH         LINE#         132
  C:257DH         LINE#         133
  C:257DH         LINE#         134
  C:2582H         LINE#         135
  C:2588H         LINE#         136
  -------         ENDPROC       SENDACK
  -------         PROC          SENDNAK
  C:2560H         LINE#         146
  C:2560H         LINE#         147
  C:2560H         LINE#         148
  C:2566H         LINE#         149
  C:256CH         LINE#         150
  -------         ENDPROC       SENDNAK
  -------         PROC          STOP
  C:25F7H         LINE#         160
  C:25F7H         LINE#         161
  C:25F7H         LINE#         162
  C:25FDH         LINE#         163
  -------         ENDPROC       STOP
  -------         PROC          _SENDCMDDATA
  D:0007H         SYMBOL        cmd
  D:0005H         SYMBOL        dat
  C:2598H         LINE#         173
  C:2598H         LINE#         174
  C:2598H         LINE#         175
  C:259DH         LINE#         176
  C:25A2H         LINE#         177
  -------         ENDPROC       _SENDCMDDATA
  -------         PROC          _I2C_WRITENBYTE
  D:0007H         SYMBOL        dev_addr
  D:0006H         SYMBOL        mem_addr
  D:005CH         SYMBOL        p
  D:005FH         SYMBOL        number
  C:22A5H         LINE#         187
  C:22ADH         LINE#         188
  C:22ADH         LINE#         189
  C:22ADH         LINE#         190
BL51 BANKED LINKER/LOCATER V6.22.2.0                                                  09/15/2025  11:19:34  PAGE 45


  C:22ADH         LINE#         191
  C:22B0H         LINE#         192
  C:22B5H         LINE#         193
  C:22B8H         LINE#         195
  C:22B8H         LINE#         196
  C:22CDH         LINE#         197
  C:22D0H         LINE#         198
  C:22D0H         LINE#         199
  C:22D3H         LINE#         200
  -------         ENDPROC       _I2C_WRITENBYTE
  -------         PROC          _I2C_READNBYTE
  D:0006H         SYMBOL        dev_addr
  D:0005H         SYMBOL        mem_addr
  D:0001H         SYMBOL        p
  D:0065H         SYMBOL        number
  C:21FAH         LINE#         210
  C:21FCH         LINE#         211
  C:21FCH         LINE#         212
  C:21FCH         LINE#         213
  C:21FCH         LINE#         214
  C:21FFH         LINE#         215
  C:2204H         LINE#         216
  C:2207H         LINE#         217
  C:220AH         LINE#         218
  C:2211H         LINE#         219
  C:2214H         LINE#         221
  C:2214H         LINE#         222
  C:221BH         LINE#         223
  C:2222H         LINE#         224
  C:222BH         LINE#         225
  C:222BH         LINE#         226
  C:222EH         LINE#         227
  C:2231H         LINE#         228
  -------         ENDPROC       _I2C_READNBYTE
  -------         ENDMOD        STC8G_H_I2C

  -------         MODULE        STC8G_H_I2C_ISR
  C:0000H         SYMBOL        _ICE_DUMMY_
  D:0080H         PUBLIC        P0
  D:0090H         PUBLIC        P1
  D:00A0H         PUBLIC        P2
  D:00B0H         PUBLIC        P3
  D:00C0H         PUBLIC        P4
  D:00C8H         PUBLIC        P5
  D:00E8H         PUBLIC        P6
  D:00F8H         PUBLIC        P7
  D:00A8H         PUBLIC        IE
  D:00B8H         PUBLIC        IP
  C:1709H         PUBLIC        I2C_ISR_Handler
  D:0098H         PUBLIC        SCON
  D:0088H         PUBLIC        TCON
  B:0021H.1       PUBLIC        DisplayFlag
  D:001DH         PUBLIC        I2CIsr
  D:00D0H         PUBLIC        PSW
  -------         PROC          I2C_ISR_HANDLER
  C:1709H         LINE#         34
  C:1718H         LINE#         37
BL51 BANKED LINKER/LOCATER V6.22.2.0                                                  09/15/2025  11:19:34  PAGE 46


  C:171FH         LINE#         38
  C:171FH         LINE#         39
  C:1723H         LINE#         40
  C:1725H         LINE#         41
  C:172CH         LINE#         42
  C:172CH         LINE#         43
  C:1730H         LINE#         44
  C:1734H         LINE#         45
  C:1734H         LINE#         46
  C:1737H         LINE#         47
  C:1739H         LINE#         48
  C:173DH         LINE#         49
  C:173DH         LINE#         50
  C:1740H         LINE#         51
  C:1746H         LINE#         52
  C:1748H         LINE#         53
  C:174AH         LINE#         55
  C:174AH         LINE#         56
  C:175FH         LINE#         57
  C:175FH         LINE#         58
  C:1761H         LINE#         59
  C:1768H         LINE#         60
  C:1768H         LINE#         61
  C:176CH         LINE#         62
  C:1770H         LINE#         63
  C:1770H         LINE#         64
  C:1776H         LINE#         65
  C:1778H         LINE#         67
  C:1778H         LINE#         68
  C:178AH         LINE#         69
  C:178AH         LINE#         70
  C:178CH         LINE#         71
  C:1793H         LINE#         72
  C:1793H         LINE#         73
  C:1797H         LINE#         74
  C:179AH         LINE#         75
  C:179DH         LINE#         76
  C:179FH         LINE#         77
  C:179FH         LINE#         78
  -------         ENDPROC       I2C_ISR_HANDLER
  -------         ENDMOD        STC8G_H_I2C_ISR

  -------         MODULE        ?C?CLDPTR
  C:0998H         PUBLIC        ?C?CLDPTR
  -------         ENDMOD        ?C?CLDPTR

  -------         MODULE        ?C?CLDOPTR
  C:09B1H         PUBLIC        ?C?CLDOPTR
  -------         ENDMOD        ?C?CLDOPTR

  -------         MODULE        ?C?CSTPTR
  C:09DEH         PUBLIC        ?C?CSTPTR
  -------         ENDMOD        ?C?CSTPTR

  -------         MODULE        ?C?UIDIV
  C:09F0H         PUBLIC        ?C?UIDIV
  -------         ENDMOD        ?C?UIDIV
BL51 BANKED LINKER/LOCATER V6.22.2.0                                                  09/15/2025  11:19:34  PAGE 47



  -------         MODULE        ?C?ILDOPTR
  C:0A45H         PUBLIC        ?C?ILDOPTR
  -------         ENDMOD        ?C?ILDOPTR

  -------         MODULE        ?C?ISTOPTR
  C:0A7DH         PUBLIC        ?C?ISTOPTR
  -------         ENDMOD        ?C?ISTOPTR

  -------         MODULE        ?C?ULDIV
  C:0AE6H         PUBLIC        ?C?ULDIV
  -------         ENDMOD        ?C?ULDIV

  -------         MODULE        ?C?ULCMP
  C:0B78H         PUBLIC        ?C?ULCMP
  -------         ENDMOD        ?C?ULCMP

  -------         MODULE        ?C?ULSHR
  C:0B89H         PUBLIC        ?C?ULSHR
  -------         ENDMOD        ?C?ULSHR

  -------         MODULE        ?C?LLDOPTR0
  C:0B9CH         PUBLIC        ?C?LLDOPTR0
  -------         ENDMOD        ?C?LLDOPTR0

  -------         MODULE        ?C?LILDIDATA
  C:0BD5H         PUBLIC        ?C?LILDIDATA
  C:0BCCH         PUBLIC        ?C?LILDIDATA1
  C:0BCEH         PUBLIC        ?C?LILDIDATA8
  -------         ENDMOD        ?C?LILDIDATA

  -------         MODULE        PRINTF
  D:0009H         PUBLIC        ?_PRINTF517?BYTE
  D:0009H         PUBLIC        ?_PRINTF?BYTE
  D:0009H         PUBLIC        ?_SPRINTF517?BYTE
  D:0009H         PUBLIC        ?_SPRINTF?BYTE
  C:069EH         PUBLIC        _PRINTF
  C:069EH         PUBLIC        _PRINTF517
  C:0698H         PUBLIC        _SPRINTF
  C:0698H         PUBLIC        _SPRINTF517
  -------         ENDMOD        PRINTF

  -------         MODULE        ?C?LLDIDATA0
  C:0BECH         PUBLIC        ?C?LLDIDATA0
  -------         ENDMOD        ?C?LLDIDATA0

  -------         MODULE        ?C?LLDXDATA0
  C:0BF9H         PUBLIC        ?C?LLDXDATA0
  -------         ENDMOD        ?C?LLDXDATA0

  -------         MODULE        ?C?LLDPDATA0
  C:0C05H         PUBLIC        ?C?LLDPDATA0
  -------         ENDMOD        ?C?LLDPDATA0

  -------         MODULE        ?C?LLDCODE0
  C:0C12H         PUBLIC        ?C?LLDCODE0
  -------         ENDMOD        ?C?LLDCODE0
BL51 BANKED LINKER/LOCATER V6.22.2.0                                                  09/15/2025  11:19:34  PAGE 48



  -------         MODULE        ?C?PLDIIDATA
  C:0C22H         PUBLIC        ?C?PLDIIDATA
  -------         ENDMOD        ?C?PLDIIDATA

  -------         MODULE        ?C?CCASE
  C:0C32H         PUBLIC        ?C?CCASE
  -------         ENDMOD        ?C?CCASE

Program Size: data=117.2 xdata=893 code=9728
LINK/LOCATE RUN COMPLETE.  0 WARNING(S),  0 ERROR(S)
