C51 COMPILER V9.60.0.0   CONFIG                                                            09/15/2025 16:32:38 PAGE 1   


C51 COMPILER V9.60.0.0, COMPILATION OF MODULE CONFIG
OBJECT MODULE PLACED IN .\Objects\config.obj
COMPILER INVOKED BY: D:\work\KEIL\ARM\C51\BIN\C51.EXE APP\config.c OPTIMIZE(8,SPEED) BROWSE INCDIR(.\APP;.\DRIVER;.\STC8
                    -HLib) DEBUG OBJECTEXTEND PRINT(.\Listings\config.lst) TABS(2) OBJECT(.\Objects\config.obj)

line level    source

   1          #include  "STC8G_H_GPIO.h"
   2          #include  "STC8G_H_Exti.h"
   3          #include  "STC8G_H_NVIC.h"
   4          #include  "STC8G_H_Timer.h"
   5          #include  "STC8G_H_Switch.h"
   6          #include "STC8G_H_UART.h"
   7          #include  "STC8G_H_ADC.h"
   8          #include  "STC8G_H_I2C.h"
   9          #include  "STC8H_RTC.h"
  10          void  GPIO_config(void)
  11          {
  12   1        GPIO_InitTypeDef  GPIO_InitStructure;   //Ω·ππ∂®“Â
  13   1      
  14   1        GPIO_InitStructure.Pin  = GPIO_Pin_All;
  15   1        GPIO_InitStructure.Mode = GPIO_PullUp;
  16   1        GPIO_Inilize(GPIO_P5,&GPIO_InitStructure);
  17   1        GPIO_Inilize(GPIO_P1,&GPIO_InitStructure);
  18   1        GPIO_Inilize(GPIO_P2,&GPIO_InitStructure);
  19   1        GPIO_Inilize(GPIO_P3,&GPIO_InitStructure);
  20   1        GPIO_Inilize(GPIO_P4,&GPIO_InitStructure);
  21   1        GPIO_Inilize(GPIO_P6,&GPIO_InitStructure);
  22   1        GPIO_Inilize(GPIO_P7,&GPIO_InitStructure);
  23   1      //  GPIO_InitStructure.Pin  = GPIO_Pin_All;   //÷∏∂®“™≥ı ºªØµƒIO, GPIO_Pin_0 ~ GPIO_Pin_7
  24   1      //  GPIO_InitStructure.Mode = GPIO_PullUp;    //÷∏∂®IOµƒ ‰»ÎªÚ ‰≥ˆ∑Ω Ω,GPIO_PullUp,GPIO_HighZ,GPIO_OUT_OD,GPI
             -O_OUT_PP
  25   1        GPIO_Inilize(GPIO_P0,&GPIO_InitStructure);  //≥ı ºªØ
  26   1        P1_MODE_IN_HIZ(GPIO_Pin_0|GPIO_Pin_1);    //P1.0~P1.7 …Ë÷√Œ™∏ﬂ◊Ë ‰»Î
  27   1        P5_MODE_IN_HIZ(GPIO_Pin_0|GPIO_Pin_1);    //P1.0~P1.7 …Ë÷√Œ™∏ﬂ◊Ë ‰»Î
  28   1        P2_MODE_IN_HIZ(GPIO_Pin_7);
  29   1      }
  30          /******************** INT≈‰÷√ ********************/
  31          void  Exti_config(void)
  32          {
  33   1        EXTI_InitTypeDef  Exti_InitStructure;             //Ω·ππ∂®“Â
  34   1      
  35   1        //Õ‚≤ø÷–∂œ0
  36   1        Exti_InitStructure.EXTI_Mode      = EXT_MODE_Fall;//÷–∂œƒ£ Ω,   EXT_MODE_RiseFall,EXT_MODE_Fall
  37   1        Ext_Inilize(EXT_INT0,&Exti_InitStructure);        //≥ı ºªØ
  38   1        NVIC_INT0_Init(ENABLE,Priority_0);    //÷–∂œ πƒ‹, ENABLE/DISABLE; ”≈œ»º∂(µÕµΩ∏ﬂ) Priority_0,Priority_1,Prio
             -rity_2,Priority_3
  39   1      
  40   1        //Õ‚≤ø÷–∂œ1
  41   1        
  42   1        Exti_InitStructure.EXTI_Mode      = EXT_MODE_Fall;//÷–∂œƒ£ Ω,   EXT_MODE_RiseFall,EXT_MODE_Fall
  43   1        Ext_Inilize(EXT_INT1,&Exti_InitStructure);        //≥ı ºªØ
  44   1        NVIC_INT2_Init(ENABLE,Priority_0);    //÷–∂œ πƒ‹, ENABLE/DISABLE; ”≈œ»º∂(µÕµΩ∏ﬂ) Priority_0,Priority_1,Prio
             -rity_2,Priority_3
  45   1      
  46   1        //Õ‚≤ø÷–∂œ2
  47   1        
  48   1      //  Exti_InitStructure.EXTI_Mode      = EXT_MODE_Fall;//÷–∂œƒ£ Ω,   EXT_MODE_RiseFall,EXT_MODE_Fall
  49   1      //  Ext_Inilize(EXT_INT2,&Exti_InitStructure);        //≥ı ºªØ
  50   1      //  NVIC_INT3_Init(ENABLE,Priority_0);    //÷–∂œ πƒ‹, ENABLE/DISABLE; ”≈œ»º∂(µÕµΩ∏ﬂ) Priority_0,Priority_1,Pr
             -iority_2,Priority_3
C51 COMPILER V9.60.0.0   CONFIG                                                            09/15/2025 16:32:38 PAGE 2   

  51   1      //  //Õ‚≤ø÷–∂œ3
  52   1      //  
  53   1      //  Exti_InitStructure.EXTI_Mode      = EXT_MODE_Fall;//÷–∂œƒ£ Ω,   EXT_MODE_RiseFall,EXT_MODE_Fall
  54   1      //  Ext_Inilize(EXT_INT3,&Exti_InitStructure);        //≥ı ºªØ
  55   1      //  NVIC_INT4_Init(ENABLE,Priority_0);    //÷–∂œ πƒ‹, ENABLE/DISABLE; ”≈œ»º∂(µÕµΩ∏ﬂ) Priority_0,Priority_1,Pr
             -iority_2,Priority_3
  56   1        
  57   1        NVIC_INT2_Init(ENABLE,NULL);    //÷–∂œ πƒ‹, ENABLE/DISABLE; Œﬁ”≈œ»º∂
  58   1        NVIC_INT3_Init(ENABLE,NULL);    //÷–∂œ πƒ‹, ENABLE/DISABLE; Œﬁ”≈œ»º∂
  59   1        NVIC_INT4_Init(ENABLE,NULL);    //÷–∂œ πƒ‹, ENABLE/DISABLE; Œﬁ”≈œ»º∂
  60   1        
  61   1        P3INTE|=0x30;
  62   1      
  63   1      }
  64          void  Timer_config(void)
  65          {
  66   1        TIM_InitTypeDef   TIM_InitStructure;            //Ω·ππ∂®“Â
  67   1      
  68   1        //∂® ±∆˜0◊ˆ16Œª◊‘∂Ø÷ÿ◊∞,  µœ÷500ms∂® ±£¨∂® ±1ms/fre=1000,÷–∂œ500¥Œ
  69   1        TIM_InitStructure.TIM_Mode      = TIM_16BitAutoReload;  //÷∏∂®π§◊˜ƒ£ Ω,   TIM_16BitAutoReload,TIM_16Bit,TI
             -M_8BitAutoReload,TIM_16BitAutoReloadNoMask
  70   1        TIM_InitStructure.TIM_ClkSource = TIM_CLOCK_1T;   //÷∏∂® ±÷”‘¥,     TIM_CLOCK_1T,TIM_CLOCK_12T,TIM_CLOCK_E
             -xt
  71   1        TIM_InitStructure.TIM_ClkOut    = DISABLE;        // «∑Ò ‰≥ˆ∏ﬂÀŸ¬ˆ≥Â, ENABLEªÚDISABLE
  72   1        TIM_InitStructure.TIM_Value     = 65536UL - (MAIN_Fosc / 1000UL);   //≥ı÷µ,
  73   1        TIM_InitStructure.TIM_Run       = ENABLE;       // «∑Ò≥ı ºªØ∫Û∆Ù∂Ø∂® ±∆˜, ENABLEªÚDISABLE
  74   1        Timer_Inilize(Timer0,&TIM_InitStructure);       //≥ı ºªØTimer0    Timer0,Timer1,Timer2,Timer3,Timer4
  75   1        NVIC_Timer0_Init(ENABLE,Priority_0);    //÷–∂œ πƒ‹, ENABLE/DISABLE; ”≈œ»º∂(µÕµΩ∏ﬂ) Priority_0,Priority_1,Pr
             -iority_2,Priority_3
  76   1      
  77   1        //∂® ±∆˜1◊ˆ16Œª◊‘∂Ø÷ÿ◊∞, ÷–∂œ∆µ¬ Œ™10000HZ£¨÷–∂œ∫Ø ˝¥”P6.6»°∑¥ ‰≥ˆ5KHZ∑Ω≤®–≈∫≈.
  78   1        TIM_InitStructure.TIM_Mode      = TIM_16BitAutoReload;  //÷∏∂®π§◊˜ƒ£ Ω,   TIM_16BitAutoReload,TIM_16Bit,TI
             -M_8BitAutoReload,TIM_T1Stop
  79   1        TIM_InitStructure.TIM_ClkSource = TIM_CLOCK_1T;   //÷∏∂® ±÷”‘¥, TIM_CLOCK_1T,TIM_CLOCK_12T,TIM_CLOCK_Ext
  80   1        TIM_InitStructure.TIM_ClkOut    = DISABLE;        // «∑Ò ‰≥ˆ∏ﬂÀŸ¬ˆ≥Â, ENABLEªÚDISABLE
  81   1        TIM_InitStructure.TIM_Value     =65536UL - (MAIN_Fosc / 1000UL);// 65536UL - (MAIN_Fosc / 10000);     //≥ı÷
             -µ,
  82   1        TIM_InitStructure.TIM_Run       = ENABLE;       // «∑Ò≥ı ºªØ∫Û∆Ù∂Ø∂® ±∆˜, ENABLEªÚDISABLE
  83   1        Timer_Inilize(Timer1,&TIM_InitStructure);       //≥ı ºªØTimer1    Timer0,Timer1,Timer2,Timer3,Timer4
  84   1        NVIC_Timer1_Init(ENABLE,Priority_0);    //÷–∂œ πƒ‹, ENABLE/DISABLE; ”≈œ»º∂(µÕµΩ∏ﬂ) Priority_0,Priority_1,Pr
             -iority_2,Priority_3
  85   1      
  86   1        //∂® ±∆˜2◊ˆ16Œª◊‘∂Ø÷ÿ◊∞, ÷–∂œ∆µ¬ Œ™1000HZ£¨÷–∂œ∫Ø ˝¥”P6.5»°∑¥ ‰≥ˆ500HZ∑Ω≤®–≈∫≈.
  87   1        TIM_InitStructure.TIM_ClkSource = TIM_CLOCK_1T;   //÷∏∂® ±÷”‘¥,     TIM_CLOCK_1T,TIM_CLOCK_12T,TIM_CLOCK_E
             -xt
  88   1        TIM_InitStructure.TIM_ClkOut    = DISABLE;        // «∑Ò ‰≥ˆ∏ﬂÀŸ¬ˆ≥Â, ENABLEªÚDISABLE
  89   1        TIM_InitStructure.TIM_Value     = 65536UL - (MAIN_Fosc / 1000);       //≥ı÷µ
  90   1        TIM_InitStructure.TIM_PS        = 0;          //8Œª‘§∑÷∆µ∆˜(n+1), 0~255, (◊¢“‚:≤¢∑«À˘”–œµ¡–∂º”–¥Àºƒ¥Ê∆˜,œÍ«È«Î
             -≤Èø¥ ˝æ› ÷≤·)
  91   1        TIM_InitStructure.TIM_Run       = ENABLE;       // «∑Ò≥ı ºªØ∫Û∆Ù∂Ø∂® ±∆˜, ENABLEªÚDISABLE
  92   1        Timer_Inilize(Timer2,&TIM_InitStructure);       //≥ı ºªØTimer2    Timer0,Timer1,Timer2,Timer3,Timer4
  93   1        NVIC_Timer2_Init(ENABLE,NULL);    //÷–∂œ πƒ‹, ENABLE/DISABLE; Œﬁ”≈œ»º∂
  94   1      
  95   1        //∂® ±∆˜3◊ˆ16Œª◊‘∂Ø÷ÿ◊∞, ÷–∂œ∆µ¬ Œ™100HZ£¨÷–∂œ∫Ø ˝¥”P6.4»°∑¥ ‰≥ˆ50HZ∑Ω≤®–≈∫≈.
  96   1        TIM_InitStructure.TIM_ClkSource = TIM_CLOCK_12T;  //÷∏∂® ±÷”‘¥,     TIM_CLOCK_1T,TIM_CLOCK_12T,TIM_CLOCK_E
             -xt
  97   1        TIM_InitStructure.TIM_ClkOut    = DISABLE;        // «∑Ò ‰≥ˆ∏ﬂÀŸ¬ˆ≥Â, ENABLEªÚDISABLE
  98   1        TIM_InitStructure.TIM_Value     = 65536UL - (MAIN_Fosc / (100*12));   //≥ı÷µ
  99   1        TIM_InitStructure.TIM_PS        = 0;          //8Œª‘§∑÷∆µ∆˜(n+1), 0~255, (◊¢“‚:≤¢∑«À˘”–œµ¡–∂º”–¥Àºƒ¥Ê∆˜,œÍ«È«Î
             -≤Èø¥ ˝æ› ÷≤·)
 100   1        TIM_InitStructure.TIM_Run       = ENABLE;       // «∑Ò≥ı ºªØ∫Û∆Ù∂Ø∂® ±∆˜, ENABLEªÚDISABLE
 101   1        Timer_Inilize(Timer3,&TIM_InitStructure);       //≥ı ºªØTimer3    Timer0,Timer1,Timer2,Timer3,Timer4
C51 COMPILER V9.60.0.0   CONFIG                                                            09/15/2025 16:32:38 PAGE 3   

 102   1        NVIC_Timer3_Init(ENABLE,NULL);    //÷–∂œ πƒ‹, ENABLE/DISABLE; Œﬁ”≈œ»º∂
 103   1      
 104   1        //∂® ±∆˜4◊ˆ16Œª◊‘∂Ø÷ÿ◊∞, ÷‹∆⁄10ms,÷–∂œ∆µ¬ Œ™100HZ£¨100‘§∑÷∆µ..
 105   1        TIM_InitStructure.TIM_ClkSource = TIM_CLOCK_12T;  //÷∏∂® ±÷”‘¥,     TIM_CLOCK_1T,TIM_CLOCK_12T,TIM_CLOCK_E
             -xt
 106   1        TIM_InitStructure.TIM_ClkOut    = DISABLE;        // «∑Ò ‰≥ˆ∏ﬂÀŸ¬ˆ≥Â, ENABLEªÚDISABLE
 107   1        TIM_InitStructure.TIM_Value     = 65536UL - (MAIN_Fosc / (100*12));   //≥ı÷µ
 108   1        TIM_InitStructure.TIM_PS        = 0;          //8Œª‘§∑÷∆µ∆˜(n+1), 0~255, (◊¢“‚:≤¢∑«À˘”–œµ¡–∂º”–¥Àºƒ¥Ê∆˜,œÍ«È«Î
             -≤Èø¥ ˝æ› ÷≤·)
 109   1        TIM_InitStructure.TIM_Run       = ENABLE;       // «∑Ò≥ı ºªØ∫Û∆Ù∂Ø∂® ±∆˜, ENABLEªÚDISABLE
 110   1        Timer_Inilize(Timer4,&TIM_InitStructure);       //≥ı ºªØTimer4    Timer0,Timer1,Timer2,Timer3,Timer4
 111   1        NVIC_Timer4_Init(ENABLE,NULL);    //÷–∂œ πƒ‹, ENABLE/DISABLE; Œﬁ”≈œ»º∂
 112   1      }
 113          
 114          void  UART_config(void)
 115          {
 116   1        COMx_InitDefine   COMx_InitStructure;         //Ω·ππ∂®“Â
 117   1      
 118   1        COMx_InitStructure.UART_Mode      = UART_8bit_BRTx; //ƒ£ Ω, UART_ShiftRight,UART_8bit_BRTx,UART_9bit,UART
             -_9bit_BRTx
 119   1        COMx_InitStructure.UART_BRT_Use   = BRT_Timer1;     //—°‘Ò≤®Ãÿ¬ ∑¢…˙∆˜, BRT_Timer1, BRT_Timer2 (◊¢“‚: ¥Æø⁄2
             -πÃ∂® π”√BRT_Timer2)
 120   1        COMx_InitStructure.UART_BaudRate  = 115200ul;     //≤®Ãÿ¬ , “ª∞„ 110 ~ 115200
 121   1        COMx_InitStructure.UART_RxEnable  = ENABLE;       //Ω” ’‘ –Ì,   ENABLEªÚDISABLE
 122   1        COMx_InitStructure.BaudRateDouble = DISABLE;      //≤®Ãÿ¬ º”±∂, ENABLEªÚDISABLE
 123   1        UART_Configuration(UART1, &COMx_InitStructure);   //≥ı ºªØ¥Æø⁄1 UART1,UART2,UART3,UART4
 124   1        NVIC_UART1_Init(ENABLE,Priority_1);   //÷–∂œ πƒ‹, ENABLE/DISABLE; ”≈œ»º∂(µÕµΩ∏ﬂ) Priority_0,Priority_1,Pri
             -ority_2,Priority_3
 125   1      
 126   1        COMx_InitStructure.UART_Mode      = UART_8bit_BRTx;   //ƒ£ Ω,   UART_ShiftRight,UART_8bit_BRTx,UART_9bit,U
             -ART_9bit_BRTx
 127   1      //  COMx_InitStructure.UART_BRT_Use   = BRT_Timer2;     //—°‘Ò≤®Ãÿ¬ ∑¢…˙∆˜, BRT_Timer2 (◊¢“‚: ¥Æø⁄2πÃ∂® π”√BR
             -T_Timer2, À˘“‘≤ª”√—°‘Ò)
 128   1        COMx_InitStructure.UART_BaudRate  = 115200ul;     //≤®Ãÿ¬ ,     110 ~ 115200
 129   1        COMx_InitStructure.UART_RxEnable  = ENABLE;       //Ω” ’‘ –Ì,   ENABLEªÚDISABLE
 130   1        UART_Configuration(UART2, &COMx_InitStructure);   //≥ı ºªØ¥Æø⁄2 UART1,UART2,UART3,UART4
 131   1        NVIC_UART2_Init(ENABLE,Priority_1);   //÷–∂œ πƒ‹, ENABLE/DISABLE; ”≈œ»º∂(µÕµΩ∏ﬂ) Priority_0,Priority_1,Pri
             -ority_2,Priority_3
 132   1      
 133   1        UART1_SW(UART1_SW_P30_P31);   //UART1_SW_P30_P31,UART1_SW_P36_P37,UART1_SW_P16_P17,UART1_SW_P43_P44
 134   1        UART2_SW(UART2_SW_P46_P47);   //UART2_SW_P10_P11,UART2_SW_P46_P47
 135   1      }
 136          /******************* AD≈‰÷√∫Ø ˝ *******************/
 137          void  ADC_config(void)
 138          {
 139   1        ADC_InitTypeDef   ADC_InitStructure;    //Ω·ππ∂®“Â
 140   1      
 141   1        ADC_InitStructure.ADC_SMPduty   = 31;   //ADC ƒ£ƒ‚–≈∫≈≤…—˘ ±º‰øÿ÷∆, 0~31£®◊¢“‚£∫ SMPDUTY “ª∂®≤ªƒ‹…Ë÷√–°”⁄ 
             -10£©
 142   1        ADC_InitStructure.ADC_CsSetup   = 0;    //ADC Õ®µ¿—°‘Ò ±º‰øÿ÷∆ 0(ƒ¨»œ),1
 143   1        ADC_InitStructure.ADC_CsHold    = 1;    //ADC Õ®µ¿—°‘Ò±£≥÷ ±º‰øÿ÷∆ 0,1(ƒ¨»œ),2,3
 144   1        ADC_InitStructure.ADC_Speed     = ADC_SPEED_2X16T;    //…Ë÷√ ADC π§◊˜ ±÷”∆µ¬  ADC_SPEED_2X1T~ADC_SPEED_2X16
             -T
 145   1        ADC_InitStructure.ADC_AdjResult = ADC_RIGHT_JUSTIFIED;  //ADCΩ·π˚µ˜’˚,  ADC_LEFT_JUSTIFIED,ADC_RIGHT_JUSTIF
             -IED
 146   1        ADC_Inilize(&ADC_InitStructure);    //≥ı ºªØ
 147   1        ADC_PowerControl(ENABLE);       //ADCµÁ‘¥ø™πÿ, ENABLEªÚDISABLE
 148   1        NVIC_ADC_Init(DISABLE,Priority_0);    //÷–∂œ πƒ‹, ENABLE/DISABLE; ”≈œ»º∂(µÕµΩ∏ﬂ) Priority_0,Priority_1,Prio
             -rity_2,Priority_3
 149   1      }
 150          /************************ ∂® ±∆˜≈‰÷√ ****************************/
 151          /****************  I2C≥ı ºªØ∫Ø ˝ *****************/
C51 COMPILER V9.60.0.0   CONFIG                                                            09/15/2025 16:32:38 PAGE 4   

 152          void  I2C_config(void)
 153          {
 154   1        I2C_InitTypeDef   I2C_InitStructure;
 155   1      
 156   1        I2C_InitStructure.I2C_Mode      = I2C_Mode_Master;  //÷˜¥”—°‘Ò   I2C_Mode_Master, I2C_Mode_Slave
 157   1        I2C_InitStructure.I2C_Enable    = ENABLE;     //I2Cπ¶ƒ‹ πƒ‹,   ENABLE, DISABLE
 158   1        I2C_InitStructure.I2C_MS_WDTA   = DISABLE;      //÷˜ª˙ πƒ‹◊‘∂Ø∑¢ÀÕ,  ENABLE, DISABLE
 159   1        I2C_InitStructure.I2C_Speed     = 16;       //◊‹œﬂÀŸ∂»=Fosc/2/(Speed*2+4),      0~63
 160   1        I2C_Init(&I2C_InitStructure);
 161   1        NVIC_I2C_Init(I2C_Mode_Master,DISABLE,Priority_0);  //÷˜¥”ƒ£ Ω, I2C_Mode_Master, I2C_Mode_Slave; ÷–∂œ πƒ‹,
             - ENABLE/DISABLE; ”≈œ»º∂(µÕµΩ∏ﬂ) Priority_0,Priority_1,Priority_2,Priority_3
 162   1      
 163   1        I2C_SW(I2C_P24_P25);          //I2C_P14_P15,I2C_P24_P25,I2C_P33_P32
 164   1      }
 165          /****************  RTC≥ı ºªØ∫Ø ˝ *****************/
 166          void  RTC_config(void)
 167          {
 168   1        RTC_InitTypeDef   RTC_InitStructure;
 169   1        RTC_InitStructure.RTC_Clock  = RTC_X32KCR;  //RTC  ±÷”, RTC_IRC32KCR, RTC_X32KCR
 170   1        RTC_InitStructure.RTC_Enable = ENABLE;      //RTCπ¶ƒ‹ πƒ‹,   ENABLE, DISABLE
 171   1        RTC_InitStructure.RTC_Year   = 25;          //RTC ƒÍ, 00~99, ∂‘”¶2000~2099ƒÍ
 172   1        RTC_InitStructure.RTC_Month  = 9;         //RTC ‘¬, 01~12
 173   1        RTC_InitStructure.RTC_Day    = 15;          //RTC »’, 01~31
 174   1        RTC_InitStructure.RTC_Hour   = 11;          //RTC  ±, 00~23
 175   1        RTC_InitStructure.RTC_Min    = 42;          //RTC ∑÷, 00~59
 176   1        RTC_InitStructure.RTC_Sec    = 55;          //RTC √Î, 00~59
 177   1        RTC_InitStructure.RTC_Ssec   = 00;          //RTC 1/128√Î, 00~127
 178   1      
 179   1        RTC_InitStructure.RTC_ALAHour= 00;          //RTC ƒ÷÷” ±, 00~23
 180   1        RTC_InitStructure.RTC_ALAMin = 00;          //RTC ƒ÷÷”∑÷, 00~59
 181   1        RTC_InitStructure.RTC_ALASec = 00;          //RTC ƒ÷÷”√Î, 00~59
 182   1        RTC_InitStructure.RTC_ALASsec= 00;          //RTC ƒ÷÷”1/128√Î, 00~127
 183   1        RTC_Inilize(&RTC_InitStructure);
 184   1        NVIC_RTC_Init(RTC_ALARM_INT|RTC_SEC_INT,Priority_0);    //÷–∂œ πƒ‹, RTC_ALARM_INT/RTC_DAY_INT/RTC_HOUR_INT/
             -RTC_MIN_INT/RTC_SEC_INT/RTC_SEC2_INT/RTC_SEC8_INT/RTC_SEC32_INT/DISABLE; ”≈œ»º∂(µÕµΩ∏ﬂ) Priority_0,Priority_1,Priority_2
             -,Priority_3
 185   1      }


MODULE INFORMATION:   STATIC OVERLAYABLE
   CODE SIZE        =    560    ----
   CONSTANT SIZE    =   ----    ----
   XDATA SIZE       =   ----    ----
   PDATA SIZE       =   ----    ----
   DATA SIZE        =   ----      43
   IDATA SIZE       =   ----    ----
   BIT SIZE         =   ----    ----
END OF MODULE INFORMATION.


C51 COMPILATION COMPLETE.  0 WARNING(S),  0 ERROR(S)
