BL51 BANKED LINKER/LOCATER V6.22.2.0                                                    09/15/2025  16:32:45  PAGE 1


BL51 BANKED LINKER/LOCATER V6.22.2.0, INVOKED BY:
D:\WORK\KEIL\ARM\C51\BIN\BL51.EXE .\Objects\STARTUP.obj, .\Objects\main.obj, .\Objects\config.obj, .\Objects\BEEP.obj, .
>> \Objects\KEY.obj, .\Objects\Digitalled.obj, .\Objects\encoder.obj, .\Objects\uart.obj, .\Objects\filtering.obj, .\Obj
>> ects\IIC.obj, .\Objects\touch.obj, .\Objects\STC8G_H_GPIO.obj, .\Objects\STC8G_H_Delay.obj, .\Objects\STC8G_H_Exti.ob
>> j, .\Objects\STC8G_H_NVIC.obj, .\Objects\STC8G_H_Exti_Isr.obj, .\Objects\STC8G_H_Timer.obj, .\Objects\STC8G_H_Timer_I
>> sr.obj, .\Objects\STC8G_H_UART.obj, .\Objects\STC8G_H_UART_Isr.obj, .\Objects\STC8G_H_ADC.obj, .\Objects\STC8G_H_ADC_
>> Isr.obj, .\Objects\STC8G_H_I2C.obj, .\Objects\STC8G_H_I2C_Isr.obj, .\Objects\STC8H_RTC.obj, .\Objects\STC8H_RTC_Isr.o
>> bj TO .\Objects\STC8H PRINT (.\Listings\STC8H.m51) RAMSIZE (256) DISABLEWARNING (16)


MEMORY MODEL: SMALL


INPUT MODULES INCLUDED:
  .\Objects\STARTUP.obj (?C_STARTUP)
  .\Objects\main.obj (MAIN)
  .\Objects\config.obj (CONFIG)
  .\Objects\BEEP.obj (BEEP)
  .\Objects\KEY.obj (KEY)
  .\Objects\Digitalled.obj (DIGITALLED)
  .\Objects\encoder.obj (ENCODER)
  .\Objects\uart.obj (UART)
  .\Objects\filtering.obj (FILTERING)
  .\Objects\IIC.obj (IIC)
  .\Objects\touch.obj (TOUCH)
  .\Objects\STC8G_H_GPIO.obj (STC8G_H_GPIO)
  .\Objects\STC8G_H_Delay.obj (STC8G_H_DELAY)
  .\Objects\STC8G_H_Exti.obj (STC8G_H_EXTI)
  .\Objects\STC8G_H_NVIC.obj (STC8G_H_NVIC)
  .\Objects\STC8G_H_Exti_Isr.obj (STC8G_H_EXTI_ISR)
  .\Objects\STC8G_H_Timer.obj (STC8G_H_TIMER)
  .\Objects\STC8G_H_Timer_Isr.obj (STC8G_H_TIMER_ISR)
  .\Objects\STC8G_H_UART.obj (STC8G_H_UART)
  .\Objects\STC8G_H_UART_Isr.obj (STC8G_H_UART_ISR)
  .\Objects\STC8G_H_ADC.obj (STC8G_H_ADC)
  .\Objects\STC8G_H_ADC_Isr.obj (STC8G_H_ADC_ISR)
  .\Objects\STC8G_H_I2C.obj (STC8G_H_I2C)
  .\Objects\STC8G_H_I2C_Isr.obj (STC8G_H_I2C_ISR)
  .\Objects\STC8H_RTC.obj (STC8H_RTC)
  .\Objects\STC8H_RTC_Isr.obj (STC8H_RTC_ISR)
  D:\WORK\KEIL\ARM\C51\LIB\C51S.LIB (?C_INIT)
  D:\WORK\KEIL\ARM\C51\LIB\C51S.LIB (?C?CLDPTR)
  D:\WORK\KEIL\ARM\C51\LIB\C51S.LIB (?C?CLDOPTR)
  D:\WORK\KEIL\ARM\C51\LIB\C51S.LIB (?C?CSTPTR)
  D:\WORK\KEIL\ARM\C51\LIB\C51S.LIB (?C?UIDIV)
  D:\WORK\KEIL\ARM\C51\LIB\C51S.LIB (?C?ILDOPTR)
  D:\WORK\KEIL\ARM\C51\LIB\C51S.LIB (?C?ISTOPTR)
  D:\WORK\KEIL\ARM\C51\LIB\C51S.LIB (?C?ULDIV)
  D:\WORK\KEIL\ARM\C51\LIB\C51S.LIB (?C?ULCMP)
  D:\WORK\KEIL\ARM\C51\LIB\C51S.LIB (?C?ULSHR)
  D:\WORK\KEIL\ARM\C51\LIB\C51S.LIB (?C?LLDOPTR0)
  D:\WORK\KEIL\ARM\C51\LIB\C51S.LIB (?C?LILDIDATA)
  D:\WORK\KEIL\ARM\C51\LIB\C51S.LIB (PRINTF)
  D:\WORK\KEIL\ARM\C51\LIB\C51S.LIB (?C?LLDIDATA0)
  D:\WORK\KEIL\ARM\C51\LIB\C51S.LIB (?C?LLDXDATA0)
  D:\WORK\KEIL\ARM\C51\LIB\C51S.LIB (?C?LLDPDATA0)
  D:\WORK\KEIL\ARM\C51\LIB\C51S.LIB (?C?LLDCODE0)
  D:\WORK\KEIL\ARM\C51\LIB\C51S.LIB (?C?PLDIIDATA)
BL51 BANKED LINKER/LOCATER V6.22.2.0                                                  09/15/2025  16:32:45  PAGE 2


  D:\WORK\KEIL\ARM\C51\LIB\C51S.LIB (?C?CCASE)


LINK MAP OF MODULE:  .\Objects\STC8H (?C_STARTUP)


            TYPE    BASE      LENGTH    RELOCATION   SEGMENT NAME
            -----------------------------------------------------

            * * * * * * *   D A T A   M E M O R Y   * * * * * * *
            REG     0000H     0008H     ABSOLUTE     "REG BANK 0"
            DATA    0008H     0018H     UNIT         _DATA_GROUP_
            BIT     0020H.0   0001H.1   UNIT         _BIT_GROUP_
            BIT     0021H.1   0000H.2   UNIT         ?BI?STC8H_RTC_ISR
            BIT     0021H.3   0000H.1   UNIT         ?BI?STC8G_H_I2C_ISR
                    0021H.4   0000H.4                *** GAP ***
            DATA    0022H     0014H     UNIT         ?DT?STC8G_H_UART
            DATA    0036H     000BH     UNIT         ?DT?IIC
            DATA    0041H     000AH     UNIT         ?DT?_MEDIAN_FILTER?FILTERING
            DATA    004BH     0008H     UNIT         ?DT?STC8G_H_TIMER_ISR
            DATA    0053H     0007H     UNIT         ?DT?_SORT?UART
            DATA    005AH     0006H     UNIT         ?DT?_I2C_WRITENBYTE?STC8G_H_I2C
            DATA    0060H     0006H     UNIT         ?DT?_I2C_READNBYTE?STC8G_H_I2C
            DATA    0066H     0005H     UNIT         ?DT?SINGLEKEY?KEY
            DATA    006BH     0005H     UNIT         ?DT?_DISPLAYANYNUM?DIGITALLED
            DATA    0070H     0003H     UNIT         ?DT?STC8G_H_I2C_ISR
            DATA    0073H     0002H     UNIT         ?DT?_GET_ADCRESULT?STC8G_H_ADC
            DATA    0075H     0001H     UNIT         ?DT?MAIN
            DATA    0076H     0001H     UNIT         ?DT?DIGITALLED
            DATA    0077H     0001H     UNIT         ?DT?UART1TX_UART2RX?UART
            DATA    0078H     0001H     UNIT         ?DT?STC8G_H_EXTI_ISR
            IDATA   0079H     0001H     UNIT         ?STACK

            * * * * * * *  X D A T A   M E M O R Y  * * * * * * *
            XDATA   0000H     02C0H     UNIT         ?XD?STC8G_H_UART
            XDATA   02C0H     00A0H     UNIT         ?XD?IIC
            XDATA   0360H     0015H     UNIT         ?XD?TOUCH
            XDATA   0375H     0008H     UNIT         ?XD?STC8G_H_I2C

            * * * * * * *   C O D E   M E M O R Y   * * * * * * *
            CODE    0000H     0003H     ABSOLUTE     
            CODE    0003H     0003H     ABSOLUTE     
            CODE    0006H     0005H     UNIT         ?PR?TIMER2_ISR_HANDLER?STC8G_H_TIMER_ISR
            CODE    000BH     0003H     ABSOLUTE     
            CODE    000EH     0005H     UNIT         ?PR?TIMER3_ISR_HANDLER?STC8G_H_TIMER_ISR
            CODE    0013H     0003H     ABSOLUTE     
            CODE    0016H     0005H     UNIT         ?PR?TIMER4_ISR_HANDLER?STC8G_H_TIMER_ISR
            CODE    001BH     0003H     ABSOLUTE     
            CODE    001EH     0005H     UNIT         ?PR?_PUTCHAR?STC8G_H_UART
            CODE    0023H     0003H     ABSOLUTE     
            CODE    0026H     0004H     UNIT         ?PR?INT4_ISR_HANDLER?STC8G_H_EXTI_ISR
            CODE    002AH     0001H     UNIT         ?PR?INT1_ISR_HANDLER?STC8G_H_EXTI_ISR
            CODE    002BH     0003H     ABSOLUTE     
            CODE    002EH     0013H     UNIT         ?PR?_PRINTSTRING1?STC8G_H_UART
            CODE    0041H     0001H     UNIT         ?PR?INT2_ISR_HANDLER?STC8G_H_EXTI_ISR
                    0042H     0001H                  *** GAP ***
            CODE    0043H     0003H     ABSOLUTE     
BL51 BANKED LINKER/LOCATER V6.22.2.0                                                  09/15/2025  16:32:45  PAGE 3


            CODE    0046H     000DH     UNIT         ?PR?IAPIDLE?IIC
            CODE    0053H     0003H     ABSOLUTE     
            CODE    0056H     0004H     UNIT         ?PR?ADC_ISR_HANDLER?STC8G_H_ADC_ISR
                    005AH     0001H                  *** GAP ***
            CODE    005BH     0003H     ABSOLUTE     
            CODE    005EH     0003H     UNIT         ?PR?TIMER1_ISR_HANDLER?STC8G_H_TIMER_ISR
                    0061H     0002H                  *** GAP ***
            CODE    0063H     0003H     ABSOLUTE     
            CODE    0066H     001DH     UNIT         ?PR?_NVIC_INT3_INIT?STC8G_H_NVIC
            CODE    0083H     0003H     ABSOLUTE     
                    0086H     0005H                  *** GAP ***
            CODE    008BH     0003H     ABSOLUTE     
                    008EH     0005H                  *** GAP ***
            CODE    0093H     0003H     ABSOLUTE     
                    0096H     0005H                  *** GAP ***
            CODE    009BH     0003H     ABSOLUTE     
                    009EH     0005H                  *** GAP ***
            CODE    00A3H     0003H     ABSOLUTE     
            CODE    00A6H     001CH     UNIT         ?PR?_LAPPROGRAM?IIC
                    00C2H     0001H                  *** GAP ***
            CODE    00C3H     0003H     ABSOLUTE     
            CODE    00C6H     0055H     UNIT         ?PR?_NVIC_TIMER0_INIT?STC8G_H_NVIC
            CODE    011BH     0003H     ABSOLUTE     
                    011EH     0005H                  *** GAP ***
            CODE    0123H     0003H     ABSOLUTE     
            CODE    0126H     001CH     UNIT         ?PR?_NVIC_INT2_INIT?STC8G_H_NVIC
                    0142H     0001H                  *** GAP ***
            CODE    0143H     0003H     ABSOLUTE     
            CODE    0146H     04F6H     UNIT         ?PR?_UART_CONFIGURATION?STC8G_H_UART
            CODE    063CH     035CH     UNIT         ?PR?PRINTF?PRINTF
            CODE    0998H     02C0H     UNIT         ?C?LIB_CODE
            CODE    0C58H     0288H     UNIT         ?PR?_TIMER_INILIZE?STC8G_H_TIMER
            CODE    0EE0H     0277H     UNIT         ?PR?_GPIO_INILIZE?STC8G_H_GPIO
            CODE    1157H     0175H     UNIT         ?PR?_RTC_INILIZE?STC8H_RTC
            CODE    12CCH     0161H     UNIT         ?PR?GETTOUCHVAL?TOUCH
            CODE    142DH     0146H     UNIT         ?PR?IIC_60S?IIC
            CODE    1573H     00D4H     UNIT         ?PR?_SORT?UART
            CODE    1647H     00CEH     UNIT         ?PR?_DISPLAYANYNUM?DIGITALLED
            CODE    1715H     00C2H     UNIT         ?PR?_MEDIAN_FILTER?FILTERING
            CODE    17D7H     00BDH     UNIT         ?PR?MAIN?MAIN
            CODE    1894H     00A7H     UNIT         ?PR?TIMER_CONFIG?CONFIG
            CODE    193BH     00A7H     UNIT         ?PR?_DISPLAY_TIME?DIGITALLED
            CODE    19E2H     00A7H     UNIT         ?PR?_DISPLAY_DAY?DIGITALLED
            CODE    1A89H     00A3H     UNIT         ?PR?I2C_ISR_HANDLER?STC8G_H_I2C_ISR
            CODE    1B2CH     0098H     UNIT         ?PR?_NVIC_PWM_INIT?STC8G_H_NVIC
            CODE    1BC4H     0095H     UNIT         ?PR?SINGLEKEY?KEY
            CODE    1C59H     008CH     UNIT         ?C_C51STARTUP
            CODE    1CE5H     007CH     UNIT         ?PR?_I2C_INIT?STC8G_H_I2C
            CODE    1D61H     007BH     UNIT         ?PR?UART1TX_UART2RX?UART
            CODE    1DDCH     007AH     UNIT         ?PR?_GET_ADCRESULT?STC8G_H_ADC
            CODE    1E56H     0070H     UNIT         ?PR?GPIO_CONFIG?CONFIG
            CODE    1EC6H     006FH     UNIT         ?PR?_NVIC_I2C_INIT?STC8G_H_NVIC
            CODE    1F35H     0064H     UNIT         ?PR?_ADC_INILIZE?STC8G_H_ADC
            CODE    1F99H     005DH     UNIT         ?PR?TOUCH_ISR?TOUCH
            CODE    1FF6H     005DH     UNIT         ?PR?_NVIC_UART3_INIT?STC8G_H_NVIC
            CODE    2053H     005BH     UNIT         ?PR?_NVIC_UART4_INIT?STC8G_H_NVIC
            CODE    20AEH     005AH     UNIT         ?PR?_NVIC_CMP_INIT?STC8G_H_NVIC
BL51 BANKED LINKER/LOCATER V6.22.2.0                                                  09/15/2025  16:32:45  PAGE 4


            CODE    2108H     005AH     UNIT         ?PR?_NVIC_SPI_INIT?STC8G_H_NVIC
            CODE    2162H     0059H     UNIT         ?PR?UART_CONFIG?CONFIG
            CODE    21BBH     0056H     UNIT         ?PR?_NVIC_UART2_INIT?STC8G_H_NVIC
            CODE    2211H     0055H     UNIT         ?PR?_NVIC_TIMER1_INIT?STC8G_H_NVIC
            CODE    2266H     0055H     UNIT         ?PR?_NVIC_INT0_INIT?STC8G_H_NVIC
            CODE    22BBH     0055H     UNIT         ?PR?_NVIC_INT1_INIT?STC8G_H_NVIC
            CODE    2310H     0055H     UNIT         ?PR?_NVIC_ADC_INIT?STC8G_H_NVIC
            CODE    2365H     0055H     UNIT         ?PR?_NVIC_UART1_INIT?STC8G_H_NVIC
            CODE    23BAH     004FH     UNIT         ?PR?UART3_ISR_HANDLER?STC8G_H_UART_ISR
            CODE    2409H     004FH     UNIT         ?PR?UART4_ISR_HANDLER?STC8G_H_UART_ISR
            CODE    2458H     004DH     UNIT         ?CO?MAIN
            CODE    24A5H     004DH     UNIT         ?PR?UART2_ISR_HANDLER?STC8G_H_UART_ISR
            CODE    24F2H     0047H     UNIT         ?PR?EXTI_CONFIG?CONFIG
            CODE    2539H     0047H     UNIT         ?PR?_NVIC_RTC_INIT?STC8G_H_NVIC
            CODE    2580H     0047H     UNIT         ?PR?UART1_ISR_HANDLER?STC8G_H_UART_ISR
            CODE    25C7H     003AH     UNIT         ?PR?_I2C_READNBYTE?STC8G_H_I2C
            CODE    2601H     0038H     UNIT         ?PR?_EXT_INILIZE?STC8G_H_EXTI
            CODE    2639H     0032H     UNIT         ?PR?RTC_CONFIG?CONFIG
            CODE    266BH     0031H     UNIT         ?PR?_I2C_WRITENBYTE?STC8G_H_I2C
            CODE    269CH     002BH     UNIT         ?PR?_NVIC_TIMER4_INIT?STC8G_H_NVIC
            CODE    26C7H     002BH     UNIT         ?PR?RTC_ISR_HANDLER?STC8H_RTC_ISR
            CODE    26F2H     002AH     UNIT         ?PR?_NVIC_TIMER2_INIT?STC8G_H_NVIC
            CODE    271CH     002AH     UNIT         ?PR?_NVIC_TIMER3_INIT?STC8G_H_NVIC
            CODE    2746H     0025H     UNIT         ?PR?I2C_CONFIG?CONFIG
            CODE    276BH     0023H     UNIT         ?PR?_BEEPMS?BEEP
            CODE    278EH     0023H     UNIT         ?PR?EXT_INTP3_ISR_HANDLER?STC8G_H_EXTI_ISR
            CODE    27B1H     0022H     UNIT         ?PR?ADC_CONFIG?CONFIG
            CODE    27D3H     0021H     UNIT         ?PR?TOUCH_CONFIG?TOUCH
            CODE    27F4H     001FH     UNIT         ?PR?_IAPREAD?IIC
            CODE    2813H     001EH     UNIT         ?PR?_NVIC_INT4_INIT?STC8G_H_NVIC
            CODE    2831H     001EH     UNIT         ?PR?TIMER0_ISR_HANDLER?STC8G_H_TIMER_ISR
            CODE    284FH     001AH     UNIT         ?PR?_HC595WRITEBYTE?DIGITALLED
            CODE    2869H     001AH     UNIT         ?PR?_IAPERASE?IIC
            CODE    2883H     0019H     UNIT         ?PR?_DISPLAYNUM?DIGITALLED
            CODE    289CH     0018H     UNIT         ?CO?DIGITALLED
            CODE    28B4H     0017H     UNIT         ?PR?_DELAY_MS?STC8G_H_DELAY
            CODE    28CBH     0013H     UNIT         ?PR?_PRINTSTRING2?STC8G_H_UART
            CODE    28DEH     0013H     UNIT         ?PR?_PRINTSTRING3?STC8G_H_UART
            CODE    28F1H     0013H     UNIT         ?PR?_PRINTSTRING4?STC8G_H_UART
            CODE    2904H     0011H     UNIT         ?PR?BEEP_INIT?BEEP
            CODE    2915H     0010H     UNIT         ?PR?KEY_INIT?KEY
            CODE    2925H     000FH     UNIT         ?PR?RECVACK?STC8G_H_I2C
            CODE    2934H     000FH     UNIT         ?PR?RECVDATA?STC8G_H_I2C
            CODE    2943H     000FH     UNIT         ?PR?SENDNAK?STC8G_H_I2C
            CODE    2952H     000EH     UNIT         ?PR?_SENDDATA?STC8G_H_I2C
            CODE    2960H     000EH     UNIT         ?PR?SENDACK?STC8G_H_I2C
            CODE    296EH     000DH     UNIT         ?PR?_ADC_POWERCONTROL?STC8G_H_ADC
            CODE    297BH     000DH     UNIT         ?PR?_SENDCMDDATA?STC8G_H_I2C
            CODE    2988H     000CH     UNIT         ?CO?IIC
            CODE    2994H     000CH     UNIT         ?PR?WAIT?STC8G_H_I2C
            CODE    29A0H     000AH     UNIT         ?PR?_TX1_WRITE2BUFF?STC8G_H_UART
            CODE    29AAH     000AH     UNIT         ?PR?_TX2_WRITE2BUFF?STC8G_H_UART
            CODE    29B4H     000AH     UNIT         ?PR?_TX3_WRITE2BUFF?STC8G_H_UART
            CODE    29BEH     000AH     UNIT         ?PR?_TX4_WRITE2BUFF?STC8G_H_UART
            CODE    29C8H     0009H     UNIT         ?CO?UART
            CODE    29D1H     0009H     UNIT         ?PR?START?STC8G_H_I2C
            CODE    29DAH     0009H     UNIT         ?PR?STOP?STC8G_H_I2C
BL51 BANKED LINKER/LOCATER V6.22.2.0                                                  09/15/2025  16:32:45  PAGE 5


            CODE    29E3H     0008H     UNIT         ?C_INITSEG
            CODE    29EBH     0008H     UNIT         ?PR?GET_MSBUSY_STATUS?STC8G_H_I2C
            CODE    29F3H     0006H     UNIT         ?PR?INT0_ISR_HANDLER?STC8G_H_EXTI_ISR
            CODE    29F9H     0006H     UNIT         ?PR?INT3_ISR_HANDLER?STC8G_H_EXTI_ISR



OVERLAY MAP OF MODULE:   .\Objects\STC8H (?C_STARTUP)


SEGMENT                                             BIT_GROUP          DATA_GROUP 
  +--> CALLED SEGMENT                            START    LENGTH     START    LENGTH
------------------------------------------------------------------------------------
?C_C51STARTUP                                    -----    -----      -----    -----
  +--> ?PR?MAIN?MAIN
  +--> ?C_INITSEG

?PR?MAIN?MAIN                                    -----    -----      0008H    0004H
  +--> ?PR?GPIO_CONFIG?CONFIG
  +--> ?PR?BEEP_INIT?BEEP
  +--> ?PR?KEY_INIT?KEY
  +--> ?PR?EXTI_CONFIG?CONFIG
  +--> ?PR?TIMER_CONFIG?CONFIG
  +--> ?PR?UART_CONFIG?CONFIG
  +--> ?PR?ADC_CONFIG?CONFIG
  +--> ?PR?I2C_CONFIG?CONFIG
  +--> ?PR?TOUCH_CONFIG?TOUCH
  +--> ?PR?RTC_CONFIG?CONFIG
  +--> ?PR?GETTOUCHVAL?TOUCH
  +--> ?PR?_DELAY_MS?STC8G_H_DELAY
  +--> ?PR?_DISPLAY_TIME?DIGITALLED
  +--> ?PR?_DISPLAY_DAY?DIGITALLED
  +--> ?CO?MAIN
  +--> ?PR?PRINTF?PRINTF

?PR?GPIO_CONFIG?CONFIG                           -----    -----      000CH    0002H
  +--> ?PR?_GPIO_INILIZE?STC8G_H_GPIO

?PR?BEEP_INIT?BEEP                               -----    -----      000CH    0002H
  +--> ?PR?_GPIO_INILIZE?STC8G_H_GPIO

?PR?KEY_INIT?KEY                                 -----    -----      000CH    0002H
  +--> ?PR?_GPIO_INILIZE?STC8G_H_GPIO

?PR?EXTI_CONFIG?CONFIG                           -----    -----      000CH    0001H
  +--> ?PR?_EXT_INILIZE?STC8G_H_EXTI
  +--> ?PR?_NVIC_INT0_INIT?STC8G_H_NVIC
  +--> ?PR?_NVIC_INT2_INIT?STC8G_H_NVIC
  +--> ?PR?_NVIC_INT3_INIT?STC8G_H_NVIC
  +--> ?PR?_NVIC_INT4_INIT?STC8G_H_NVIC

?PR?TIMER_CONFIG?CONFIG                          -----    -----      000CH    0007H
  +--> ?PR?_TIMER_INILIZE?STC8G_H_TIMER
  +--> ?PR?_NVIC_TIMER0_INIT?STC8G_H_NVIC
  +--> ?PR?_NVIC_TIMER1_INIT?STC8G_H_NVIC
  +--> ?PR?_NVIC_TIMER2_INIT?STC8G_H_NVIC
  +--> ?PR?_NVIC_TIMER3_INIT?STC8G_H_NVIC
BL51 BANKED LINKER/LOCATER V6.22.2.0                                                  09/15/2025  16:32:45  PAGE 6


  +--> ?PR?_NVIC_TIMER4_INIT?STC8G_H_NVIC

?PR?UART_CONFIG?CONFIG                           -----    -----      000CH    0009H
  +--> ?PR?_UART_CONFIGURATION?STC8G_H_UART
  +--> ?PR?_NVIC_UART1_INIT?STC8G_H_NVIC
  +--> ?PR?_NVIC_UART2_INIT?STC8G_H_NVIC

?PR?_UART_CONFIGURATION?STC8G_H_UART             -----    -----      0015H    000AH

?PR?ADC_CONFIG?CONFIG                            -----    -----      000CH    0005H
  +--> ?PR?_ADC_INILIZE?STC8G_H_ADC
  +--> ?PR?_ADC_POWERCONTROL?STC8G_H_ADC
  +--> ?PR?_NVIC_ADC_INIT?STC8G_H_NVIC

?PR?I2C_CONFIG?CONFIG                            -----    -----      000CH    0006H
  +--> ?PR?_I2C_INIT?STC8G_H_I2C
  +--> ?PR?_NVIC_I2C_INIT?STC8G_H_NVIC

?PR?RTC_CONFIG?CONFIG                            -----    -----      000CH    000DH
  +--> ?PR?_RTC_INILIZE?STC8H_RTC
  +--> ?PR?_NVIC_RTC_INIT?STC8G_H_NVIC

?PR?GETTOUCHVAL?TOUCH                            -----    -----      000CH    0005H
  +--> ?PR?_BEEPMS?BEEP

?PR?_BEEPMS?BEEP                                 -----    -----      0011H    0002H
  +--> ?PR?_DELAY_MS?STC8G_H_DELAY

?PR?_DISPLAY_TIME?DIGITALLED                     -----    -----      000CH    0005H
  +--> ?PR?_DISPLAYNUM?DIGITALLED
  +--> ?PR?_DELAY_MS?STC8G_H_DELAY

?PR?_DISPLAYNUM?DIGITALLED                       -----    -----      -----    -----
  +--> ?CO?DIGITALLED
  +--> ?PR?_HC595WRITEBYTE?DIGITALLED

?PR?_DISPLAY_DAY?DIGITALLED                      -----    -----      000CH    0005H
  +--> ?PR?_DISPLAYNUM?DIGITALLED
  +--> ?PR?_DELAY_MS?STC8G_H_DELAY

?PR?PRINTF?PRINTF                                0020H.0  0001H.1    000CH    0014H
  +--> ?PR?_PUTCHAR?STC8G_H_UART

?PR?_PUTCHAR?STC8G_H_UART                        -----    -----      -----    -----
  +--> ?PR?_TX2_WRITE2BUFF?STC8G_H_UART



SYMBOL TABLE OF MODULE:  .\Objects\STC8H (?C_STARTUP)

  VALUE           TYPE          NAME
  ----------------------------------

  -------         MODULE        ?C_STARTUP
  C:1C59H         SEGMENT       ?C_C51STARTUP
  I:0079H         SEGMENT       ?STACK
  C:0000H         PUBLIC        ?C_STARTUP
BL51 BANKED LINKER/LOCATER V6.22.2.0                                                  09/15/2025  16:32:45  PAGE 7


  D:00E0H         SYMBOL        ACC
  D:00F0H         SYMBOL        B
  D:0083H         SYMBOL        DPH
  D:0082H         SYMBOL        DPL
  N:0000H         SYMBOL        IBPSTACK
  N:0100H         SYMBOL        IBPSTACKTOP
  N:0080H         SYMBOL        IDATALEN
  C:1C5CH         SYMBOL        IDATALOOP
  N:0000H         SYMBOL        PBPSTACK
  N:0100H         SYMBOL        PBPSTACKTOP
  N:0000H         SYMBOL        PDATALEN
  N:0000H         SYMBOL        PDATASTART
  N:0000H         SYMBOL        PPAGE
  N:0000H         SYMBOL        PPAGEENABLE
  D:00A0H         SYMBOL        PPAGE_SFR
  D:0081H         SYMBOL        SP
  C:1C59H         SYMBOL        STARTUP1
  N:0000H         SYMBOL        XBPSTACK
  N:0000H         SYMBOL        XBPSTACKTOP
  N:0000H         SYMBOL        XDATALEN
  N:0000H         SYMBOL        XDATASTART
  C:0000H         LINE#         126
  C:1C59H         LINE#         133
  C:1C5BH         LINE#         134
  C:1C5CH         LINE#         135
  C:1C5DH         LINE#         136
  C:1C5FH         LINE#         185
  C:1C62H         LINE#         196
  -------         ENDMOD        ?C_STARTUP

  -------         MODULE        MAIN
  C:0000H         SYMBOL        _ICE_DUMMY_
  D:0080H         PUBLIC        P0
  D:0090H         PUBLIC        P1
  D:00A0H         PUBLIC        P2
  D:00B0H         PUBLIC        P3
  D:00C0H         PUBLIC        P4
  D:00C8H         PUBLIC        P5
  D:00E8H         PUBLIC        P6
  B:00A8H.7       PUBLIC        EA
  D:00F8H         PUBLIC        P7
  D:00BAH         PUBLIC        P_SW2
  D:00A8H         PUBLIC        IE
  D:00B8H         PUBLIC        IP
  C:17D7H         PUBLIC        main
  D:0098H         PUBLIC        SCON
  D:0088H         PUBLIC        TCON
  C:249DH         PUBLIC        ledNum
  D:00D0H         PUBLIC        PSW
  -------         PROC          MAIN
  -------         DO            
  D:0008H         SYMBOL        Touch_TEMP
  D:0075H         SYMBOL        display_mode
  D:0009H         SYMBOL        hour
  D:000AH         SYMBOL        min
  D:000BH         SYMBOL        sec
  -------         ENDDO         
BL51 BANKED LINKER/LOCATER V6.22.2.0                                                  09/15/2025  16:32:45  PAGE 8


  C:17D7H         LINE#         22
  C:17D7H         LINE#         23
  C:17D7H         LINE#         24
  C:17DAH         LINE#         28
  C:17E0H         LINE#         29
  C:17E3H         LINE#         30
  C:17E6H         LINE#         31
  C:17E9H         LINE#         32
  C:17ECH         LINE#         33
  C:17EFH         LINE#         34
  C:17F2H         LINE#         35
  C:17F5H         LINE#         36
  C:17F8H         LINE#         37
  C:17FBH         LINE#         38
  C:17FEH         LINE#         39
  C:1801H         LINE#         40
  C:1803H         LINE#         42
  C:1803H         LINE#         43
  C:1803H         LINE#         44
  C:1808H         LINE#         45
  C:180DH         LINE#         46
  C:180DH         LINE#         48
  C:1814H         LINE#         49
  C:181DH         LINE#         51
  C:1823H         LINE#         52
  C:182AH         LINE#         53
  C:182CH         LINE#         54
  C:182CH         LINE#         56
  C:1832H         LINE#         57
  C:1840H         LINE#         58
  C:1848H         LINE#         59
  C:1856H         LINE#         60
  C:1856H         LINE#         61
  C:1862H         LINE#         62
  C:186EH         LINE#         72
  C:1891H         LINE#         77
  -------         ENDPROC       MAIN
  -------         ENDMOD        MAIN

  -------         MODULE        CONFIG
  C:0000H         SYMBOL        _ICE_DUMMY_
  D:0092H         PUBLIC        P1M0
  D:0096H         PUBLIC        P2M0
  D:0091H         PUBLIC        P1M1
  D:0080H         PUBLIC        P0
  D:0095H         PUBLIC        P2M1
  D:0090H         PUBLIC        P1
  D:00A0H         PUBLIC        P2
  D:00CAH         PUBLIC        P5M0
  D:00B0H         PUBLIC        P3
  D:00C9H         PUBLIC        P5M1
  D:00C0H         PUBLIC        P4
  D:00C8H         PUBLIC        P5
  D:00E8H         PUBLIC        P6
  D:00F8H         PUBLIC        P7
  C:1E56H         PUBLIC        GPIO_config
  D:00A2H         PUBLIC        P_SW1
BL51 BANKED LINKER/LOCATER V6.22.2.0                                                  09/15/2025  16:32:45  PAGE 9


  D:00BAH         PUBLIC        P_SW2
  D:00A8H         PUBLIC        IE
  C:2162H         PUBLIC        UART_config
  C:2746H         PUBLIC        I2C_config
  D:00B8H         PUBLIC        IP
  C:27B1H         PUBLIC        ADC_config
  D:0098H         PUBLIC        SCON
  D:0088H         PUBLIC        TCON
  C:2639H         PUBLIC        RTC_config
  C:1894H         PUBLIC        Timer_config
  C:24F2H         PUBLIC        Exti_config
  D:00D0H         PUBLIC        PSW
  -------         PROC          GPIO_CONFIG
  -------         DO            
  D:000CH         SYMBOL        GPIO_InitStructure
  -------         ENDDO         
  C:1E56H         LINE#         10
  C:1E56H         LINE#         11
  C:1E56H         LINE#         14
  C:1E59H         LINE#         15
  C:1E5CH         LINE#         16
  C:1E66H         LINE#         17
  C:1E71H         LINE#         18
  C:1E7CH         LINE#         19
  C:1E87H         LINE#         20
  C:1E92H         LINE#         21
  C:1E9DH         LINE#         22
  C:1EA8H         LINE#         25
  C:1EB3H         LINE#         26
  C:1EB9H         LINE#         27
  C:1EBFH         LINE#         28
  C:1EC5H         LINE#         29
  -------         ENDPROC       GPIO_CONFIG
  -------         PROC          EXTI_CONFIG
  -------         DO            
  D:000CH         SYMBOL        Exti_InitStructure
  -------         ENDDO         
  C:24F2H         LINE#         31
  C:24F2H         LINE#         32
  C:24F2H         LINE#         36
  C:24F5H         LINE#         37
  C:2500H         LINE#         38
  C:2507H         LINE#         42
  C:250AH         LINE#         43
  C:2515H         LINE#         44
  C:251CH         LINE#         57
  C:2523H         LINE#         58
  C:252AH         LINE#         59
  C:2531H         LINE#         61
  C:2538H         LINE#         63
  -------         ENDPROC       EXTI_CONFIG
  -------         PROC          TIMER_CONFIG
  -------         DO            
  D:000CH         SYMBOL        TIM_InitStructure
  -------         ENDDO         
  C:1894H         LINE#         64
  C:1894H         LINE#         65
BL51 BANKED LINKER/LOCATER V6.22.2.0                                                  09/15/2025  16:32:45  PAGE 10


  C:1894H         LINE#         69
  C:1897H         LINE#         70
  C:189AH         LINE#         71
  C:189CH         LINE#         72
  C:18A2H         LINE#         73
  C:18A5H         LINE#         74
  C:18AEH         LINE#         75
  C:18B5H         LINE#         78
  C:18B8H         LINE#         79
  C:18BBH         LINE#         80
  C:18BDH         LINE#         81
  C:18C3H         LINE#         82
  C:18C6H         LINE#         83
  C:18D0H         LINE#         84
  C:18D7H         LINE#         87
  C:18DAH         LINE#         88
  C:18DDH         LINE#         89
  C:18E3H         LINE#         90
  C:18E5H         LINE#         91
  C:18E8H         LINE#         92
  C:18F2H         LINE#         93
  C:18F9H         LINE#         96
  C:18FCH         LINE#         97
  C:18FEH         LINE#         98
  C:1904H         LINE#         99
  C:1906H         LINE#         100
  C:1909H         LINE#         101
  C:1913H         LINE#         102
  C:191AH         LINE#         105
  C:191DH         LINE#         106
  C:191FH         LINE#         107
  C:1925H         LINE#         108
  C:1927H         LINE#         109
  C:192AH         LINE#         110
  C:1934H         LINE#         111
  -------         ENDPROC       TIMER_CONFIG
  -------         PROC          UART_CONFIG
  -------         DO            
  D:000CH         SYMBOL        COMx_InitStructure
  -------         ENDDO         
  C:2162H         LINE#         114
  C:2162H         LINE#         115
  C:2162H         LINE#         118
  C:2165H         LINE#         119
  C:2168H         LINE#         120
  C:2174H         LINE#         121
  C:2177H         LINE#         122
  C:217AH         LINE#         123
  C:2184H         LINE#         124
  C:218BH         LINE#         126
  C:218EH         LINE#         128
  C:219AH         LINE#         129
  C:219DH         LINE#         130
  C:21A8H         LINE#         131
  C:21AFH         LINE#         133
  C:21B2H         LINE#         134
  C:21BAH         LINE#         135
BL51 BANKED LINKER/LOCATER V6.22.2.0                                                  09/15/2025  16:32:45  PAGE 11


  -------         ENDPROC       UART_CONFIG
  -------         PROC          ADC_CONFIG
  -------         DO            
  D:000CH         SYMBOL        ADC_InitStructure
  -------         ENDDO         
  C:27B1H         LINE#         137
  C:27B1H         LINE#         138
  C:27B1H         LINE#         141
  C:27B4H         LINE#         142
  C:27B7H         LINE#         143
  C:27BAH         LINE#         144
  C:27BDH         LINE#         145
  C:27C0H         LINE#         146
  C:27C8H         LINE#         147
  C:27CDH         LINE#         148
  -------         ENDPROC       ADC_CONFIG
  -------         PROC          I2C_CONFIG
  -------         DO            
  D:000CH         SYMBOL        I2C_InitStructure
  -------         ENDDO         
  C:2746H         LINE#         152
  C:2746H         LINE#         153
  C:2746H         LINE#         156
  C:2749H         LINE#         157
  C:274CH         LINE#         158
  C:274FH         LINE#         159
  C:2752H         LINE#         160
  C:275AH         LINE#         161
  C:2762H         LINE#         163
  C:276AH         LINE#         164
  -------         ENDPROC       I2C_CONFIG
  -------         PROC          RTC_CONFIG
  -------         DO            
  D:000CH         SYMBOL        RTC_InitStructure
  -------         ENDDO         
  C:2639H         LINE#         166
  C:2639H         LINE#         167
  C:2639H         LINE#         169
  C:263CH         LINE#         170
  C:263FH         LINE#         171
  C:2642H         LINE#         172
  C:2645H         LINE#         173
  C:2648H         LINE#         174
  C:264BH         LINE#         175
  C:264EH         LINE#         176
  C:2651H         LINE#         177
  C:2654H         LINE#         179
  C:2656H         LINE#         180
  C:2658H         LINE#         181
  C:265AH         LINE#         182
  C:265CH         LINE#         183
  C:2664H         LINE#         184
  -------         ENDPROC       RTC_CONFIG
  -------         ENDMOD        CONFIG

  -------         MODULE        BEEP
  C:0000H         SYMBOL        _ICE_DUMMY_
BL51 BANKED LINKER/LOCATER V6.22.2.0                                                  09/15/2025  16:32:45  PAGE 12


  D:0080H         PUBLIC        P0
  D:0090H         PUBLIC        P1
  D:00A0H         PUBLIC        P2
  D:00B0H         PUBLIC        P3
  D:00C0H         PUBLIC        P4
  D:00C8H         PUBLIC        P5
  D:00E8H         PUBLIC        P6
  D:00F8H         PUBLIC        P7
  D:00A8H         PUBLIC        IE
  D:00B8H         PUBLIC        IP
  D:0098H         PUBLIC        SCON
  C:2904H         PUBLIC        beep_init
  D:0088H         PUBLIC        TCON
  B:00C8H.3       PUBLIC        P53
  C:276BH         PUBLIC        _BeepMs
  D:00D0H         PUBLIC        PSW
  -------         PROC          BEEP_INIT
  -------         DO            
  D:000CH         SYMBOL        GPIO_InitStructure
  -------         ENDDO         
  C:2904H         LINE#         12
  C:2904H         LINE#         13
  C:2904H         LINE#         16
  C:2907H         LINE#         17
  C:290AH         LINE#         18
  -------         ENDPROC       BEEP_INIT
  -------         PROC          _BEEPMS
  D:0011H         SYMBOL        ms
  C:276BH         LINE#         29
  C:276FH         LINE#         30
  C:276FH         LINE#         31
  C:277AH         LINE#         32
  C:277AH         LINE#         33
  C:277CH         LINE#         34
  C:2783H         LINE#         35
  C:278DH         LINE#         36
  -------         ENDPROC       _BEEPMS
  -------         ENDMOD        BEEP

  -------         MODULE        KEY
  C:0000H         SYMBOL        _ICE_DUMMY_
  D:0080H         PUBLIC        P0
  D:0090H         PUBLIC        P1
  D:00A0H         PUBLIC        P2
  D:00B0H         PUBLIC        P3
  D:00C0H         PUBLIC        P4
  D:00C8H         PUBLIC        P5
  D:00E8H         PUBLIC        P6
  D:00F8H         PUBLIC        P7
  D:00A8H         PUBLIC        IE
  C:1BC4H         PUBLIC        SingleKey
  D:00B8H         PUBLIC        IP
  D:0098H         PUBLIC        SCON
  B:00B0H.2       PUBLIC        P32
  D:0088H         PUBLIC        TCON
  B:00B0H.3       PUBLIC        P33
  B:00B0H.4       PUBLIC        P34
BL51 BANKED LINKER/LOCATER V6.22.2.0                                                  09/15/2025  16:32:45  PAGE 13


  B:00B0H.5       PUBLIC        P35
  C:2915H         PUBLIC        key_init
  D:00D0H         PUBLIC        PSW
  -------         PROC          KEY_INIT
  -------         DO            
  D:000CH         SYMBOL        GPIO_InitStructure
  -------         ENDDO         
  C:2915H         LINE#         13
  C:2915H         LINE#         14
  C:2915H         LINE#         17
  C:2918H         LINE#         18
  C:291BH         LINE#         19
  -------         ENDPROC       KEY_INIT
  -------         PROC          SINGLEKEY
  -------         DO            
  D:0066H         SYMBOL        KEYVAL1
  D:0067H         SYMBOL        longpressNum
  -------         ENDDO         
  C:1BC4H         LINE#         28
  C:1BC4H         LINE#         29
  C:1BC4H         LINE#         32
  C:1BCDH         LINE#         33
  C:1BD0H         LINE#         34
  C:1BD0H         LINE#         35
  C:1BD6H         LINE#         36
  C:1BD9H         LINE#         37
  C:1BD9H         LINE#         38
  C:1BDCH         LINE#         39
  C:1BDFH         LINE#         40
  C:1BDFH         LINE#         41
  C:1BF2H         LINE#         42
  C:1BF2H         LINE#         43
  C:1BF5H         LINE#         44
  C:1BFCH         LINE#         45
  C:1BFCH         LINE#         46
  C:1BFEH         LINE#         47
  C:1BFEH         LINE#         48
  C:1C05H         LINE#         49
  C:1C08H         LINE#         50
  C:1C08H         LINE#         51
  C:1C0BH         LINE#         52
  C:1C0BH         LINE#         53
  C:1C12H         LINE#         54
  C:1C15H         LINE#         55
  C:1C15H         LINE#         56
  C:1C18H         LINE#         57
  C:1C18H         LINE#         58
  C:1C1FH         LINE#         59
  C:1C22H         LINE#         60
  C:1C22H         LINE#         61
  C:1C25H         LINE#         62
  C:1C25H         LINE#         63
  C:1C2CH         LINE#         64
  C:1C2FH         LINE#         65
  C:1C2FH         LINE#         66
  C:1C32H         LINE#         67
  C:1C32H         LINE#         68
BL51 BANKED LINKER/LOCATER V6.22.2.0                                                  09/15/2025  16:32:45  PAGE 14


  C:1C39H         LINE#         69
  C:1C3CH         LINE#         70
  C:1C3CH         LINE#         71
  C:1C3FH         LINE#         72
  C:1C3FH         LINE#         73
  C:1C46H         LINE#         74
  C:1C49H         LINE#         75
  C:1C49H         LINE#         76
  C:1C4CH         LINE#         77
  C:1C4CH         LINE#         78
  C:1C53H         LINE#         79
  C:1C56H         LINE#         80
  C:1C56H         LINE#         81
  C:1C58H         LINE#         82
  -------         ENDPROC       SINGLEKEY
  -------         ENDMOD        KEY

  -------         MODULE        DIGITALLED
  C:0000H         SYMBOL        _ICE_DUMMY_
  D:0080H         PUBLIC        P0
  D:0090H         PUBLIC        P1
  D:00A0H         PUBLIC        P2
  D:00B0H         PUBLIC        P3
  D:00C0H         PUBLIC        P4
  C:289CH         PUBLIC        TableDU
  D:00C8H         PUBLIC        P5
  D:00E8H         PUBLIC        P6
  D:00F8H         PUBLIC        P7
  C:28ACH         PUBLIC        TableWE
  C:2883H         PUBLIC        _DisplayNum
  D:00A8H         PUBLIC        IE
  D:00B8H         PUBLIC        IP
  B:00D0H.7       PUBLIC        CY
  D:0098H         PUBLIC        SCON
  B:00C0H.1       PUBLIC        P41
  D:0088H         PUBLIC        TCON
  C:1647H         PUBLIC        _DisplayAnyNum
  B:00F8H.6       PUBLIC        P76
  B:00F8H.7       PUBLIC        P77
  C:19E2H         PUBLIC        _Display_Day
  D:0076H         PUBLIC        i
  C:193BH         PUBLIC        _Display_time
  C:284FH         PUBLIC        _Hc595WriteByte
  D:00D0H         PUBLIC        PSW
  -------         PROC          _HC595WRITEBYTE
  D:0007H         SYMBOL        Data
  -------         DO            
  D:0006H         SYMBOL        k
  -------         ENDDO         
  C:284FH         LINE#         25
  C:284FH         LINE#         26
  C:284FH         LINE#         28
  C:285BH         LINE#         29
  C:285BH         LINE#         30
  C:285DH         LINE#         31
  C:2861H         LINE#         32
  C:2863H         LINE#         33
BL51 BANKED LINKER/LOCATER V6.22.2.0                                                  09/15/2025  16:32:45  PAGE 15


  C:2865H         LINE#         34
  C:2868H         LINE#         35
  -------         ENDPROC       _HC595WRITEBYTE
  -------         PROC          _DISPLAYNUM
  D:0004H         SYMBOL        num
  D:0005H         SYMBOL        dat
  C:2883H         LINE#         43
  C:2885H         LINE#         44
  C:2885H         LINE#         46
  C:288EH         LINE#         47
  C:2897H         LINE#         48
  C:2899H         LINE#         49
  C:289BH         LINE#         50
  -------         ENDPROC       _DISPLAYNUM
  -------         PROC          _DISPLAY_TIME
  D:0007H         SYMBOL        hour
  D:0006H         SYMBOL        min
  D:0003H         SYMBOL        sec
  -------         DO            
  D:0005H         SYMBOL        shi1
  D:000CH         SYMBOL        shi2
  D:000DH         SYMBOL        fen1
  D:000EH         SYMBOL        fen2
  D:000FH         SYMBOL        miao1
  D:0010H         SYMBOL        miao2
  -------         ENDDO         
  C:193BH         LINE#         128
  C:193DH         LINE#         129
  C:193DH         LINE#         131
  C:1943H         LINE#         132
  C:194BH         LINE#         133
  C:1952H         LINE#         134
  C:195AH         LINE#         135
  C:1961H         LINE#         136
  C:1969H         LINE#         137
  C:196CH         LINE#         138
  C:196CH         LINE#         139
  C:1971H         LINE#         140
  C:1978H         LINE#         141
  C:1978H         LINE#         142
  C:197FH         LINE#         143
  C:197FH         LINE#         144
  C:1986H         LINE#         145
  C:198DH         LINE#         146
  C:198DH         LINE#         147
  C:1994H         LINE#         148
  C:1994H         LINE#         149
  C:199BH         LINE#         150
  C:19A2H         LINE#         151
  C:19A2H         LINE#         152
  C:19A9H         LINE#         153
  C:19A9H         LINE#         154
  C:19B0H         LINE#         155
  C:19B7H         LINE#         156
  C:19B7H         LINE#         157
  C:19BEH         LINE#         158
  C:19BEH         LINE#         159
BL51 BANKED LINKER/LOCATER V6.22.2.0                                                  09/15/2025  16:32:45  PAGE 16


  C:19C5H         LINE#         160
  C:19CCH         LINE#         161
  C:19CCH         LINE#         162
  C:19D3H         LINE#         163
  C:19D3H         LINE#         164
  C:19DAH         LINE#         165
  C:19E1H         LINE#         166
  C:19E1H         LINE#         168
  -------         ENDPROC       _DISPLAY_TIME
  -------         PROC          _DISPLAY_DAY
  D:0007H         SYMBOL        year
  D:0006H         SYMBOL        month
  D:0003H         SYMBOL        day
  -------         DO            
  D:0005H         SYMBOL        nian1
  D:000CH         SYMBOL        nian2
  D:000DH         SYMBOL        month1
  D:000EH         SYMBOL        month2
  D:000FH         SYMBOL        day1
  D:0010H         SYMBOL        day2
  -------         ENDDO         
  C:19E2H         LINE#         176
  C:19E4H         LINE#         177
  C:19E4H         LINE#         179
  C:19EAH         LINE#         180
  C:19F2H         LINE#         181
  C:19F9H         LINE#         182
  C:1A01H         LINE#         183
  C:1A08H         LINE#         184
  C:1A10H         LINE#         185
  C:1A13H         LINE#         186
  C:1A13H         LINE#         187
  C:1A18H         LINE#         188
  C:1A1FH         LINE#         189
  C:1A1FH         LINE#         190
  C:1A26H         LINE#         191
  C:1A26H         LINE#         192
  C:1A2DH         LINE#         193
  C:1A34H         LINE#         194
  C:1A34H         LINE#         195
  C:1A3BH         LINE#         196
  C:1A3BH         LINE#         197
  C:1A42H         LINE#         198
  C:1A49H         LINE#         199
  C:1A49H         LINE#         200
  C:1A50H         LINE#         201
  C:1A50H         LINE#         202
  C:1A57H         LINE#         203
  C:1A5EH         LINE#         204
  C:1A5EH         LINE#         205
  C:1A65H         LINE#         206
  C:1A65H         LINE#         207
  C:1A6CH         LINE#         208
  C:1A73H         LINE#         209
  C:1A73H         LINE#         210
  C:1A7AH         LINE#         211
  C:1A7AH         LINE#         212
BL51 BANKED LINKER/LOCATER V6.22.2.0                                                  09/15/2025  16:32:45  PAGE 17


  C:1A81H         LINE#         213
  C:1A88H         LINE#         214
  C:1A88H         LINE#         216
  -------         ENDPROC       _DISPLAY_DAY
  -------         PROC          _DISPLAYANYNUM
  D:0002H         SYMBOL        disnum
  -------         DO            
  D:006BH         SYMBOL        wan
  D:006CH         SYMBOL        qian
  D:006DH         SYMBOL        bai
  D:006EH         SYMBOL        shi
  D:006FH         SYMBOL        ge
  -------         ENDDO         
  C:1647H         LINE#         217
  C:164BH         LINE#         218
  C:164BH         LINE#         220
  C:1654H         LINE#         221
  C:166EH         LINE#         222
  C:1688H         LINE#         223
  C:16A2H         LINE#         224
  C:16AFH         LINE#         225
  C:16B3H         LINE#         226
  C:16B3H         LINE#         227
  C:16B9H         LINE#         228
  C:16C0H         LINE#         229
  C:16C0H         LINE#         230
  C:16C8H         LINE#         231
  C:16C8H         LINE#         232
  C:16CFH         LINE#         233
  C:16D6H         LINE#         234
  C:16D6H         LINE#         235
  C:16E2H         LINE#         236
  C:16E2H         LINE#         237
  C:16E9H         LINE#         238
  C:16F0H         LINE#         239
  C:16F0H         LINE#         240
  C:1700H         LINE#         241
  C:1700H         LINE#         242
  C:1707H         LINE#         243
  C:170EH         LINE#         244
  C:170EH         LINE#         245
  -------         ENDPROC       _DISPLAYANYNUM
  -------         ENDMOD        DIGITALLED

  -------         MODULE        ENCODER
  C:0000H         SYMBOL        _ICE_DUMMY_
  D:0080H         PUBLIC        P0
  D:0090H         PUBLIC        P1
  D:00A0H         PUBLIC        P2
  D:00B0H         PUBLIC        P3
  D:00C0H         PUBLIC        P4
  D:00C8H         PUBLIC        P5
  D:00E8H         PUBLIC        P6
  D:00F8H         PUBLIC        P7
  D:00A8H         PUBLIC        IE
  D:00B8H         PUBLIC        IP
  D:0098H         PUBLIC        SCON
BL51 BANKED LINKER/LOCATER V6.22.2.0                                                  09/15/2025  16:32:45  PAGE 18


  D:0088H         PUBLIC        TCON
  D:00D0H         PUBLIC        PSW
  -------         ENDMOD        ENCODER

  -------         MODULE        UART
  C:0000H         SYMBOL        _ICE_DUMMY_
  D:0080H         PUBLIC        P0
  D:0090H         PUBLIC        P1
  D:00A0H         PUBLIC        P2
  D:00B0H         PUBLIC        P3
  D:00C0H         PUBLIC        P4
  D:00C8H         PUBLIC        P5
  D:00E8H         PUBLIC        P6
  D:00F8H         PUBLIC        P7
  D:00A8H         PUBLIC        IE
  D:00B8H         PUBLIC        IP
  C:1D61H         PUBLIC        uart1tx_uart2rx
  C:29C8H         PUBLIC        atarr
  D:0098H         PUBLIC        SCON
  D:0088H         PUBLIC        TCON
  C:1573H         PUBLIC        _sort
  D:00D0H         PUBLIC        PSW
  -------         PROC          _SORT
  D:0001H         SYMBOL        Data
  D:0053H         SYMBOL        len
  -------         DO            
  D:0054H         SYMBOL        i
  D:0056H         SYMBOL        j
  D:0058H         SYMBOL        temp
  -------         ENDDO         
  C:1573H         LINE#         8
  C:1575H         LINE#         9
  C:1575H         LINE#         11
  C:158FH         LINE#         12
  C:15B0H         LINE#         13
  C:15E1H         LINE#         15
  C:15E5H         LINE#         16
  C:160FH         LINE#         17
  C:162AH         LINE#         19
  C:162AH         LINE#         20
  C:1638H         LINE#         21
  C:1646H         LINE#         22
  -------         ENDPROC       _SORT
  -------         PROC          UART1TX_UART2RX
  -------         DO            
  D:0077H         SYMBOL        i
  -------         ENDDO         
  C:1D61H         LINE#         31
  C:1D61H         LINE#         32
  C:1D61H         LINE#         35
  C:1D6CH         LINE#         36
  C:1D6CH         LINE#         37
  C:1D72H         LINE#         38
  C:1D72H         LINE#         39
  C:1D7DH         LINE#         40
  C:1D7DH         LINE#         46
  C:1D9BH         LINE#         47
BL51 BANKED LINKER/LOCATER V6.22.2.0                                                  09/15/2025  16:32:45  PAGE 19


  C:1D9BH         LINE#         48
  C:1D9EH         LINE#         49
  C:1D9EH         LINE#         50
  C:1D9EH         LINE#         52
  C:1DA9H         LINE#         53
  C:1DA9H         LINE#         54
  C:1DAFH         LINE#         55
  C:1DAFH         LINE#         56
  C:1DBAH         LINE#         57
  C:1DBAH         LINE#         60
  C:1DD8H         LINE#         61
  C:1DD8H         LINE#         62
  C:1DDBH         LINE#         63
  C:1DDBH         LINE#         64
  C:1DDBH         LINE#         69
  -------         ENDPROC       UART1TX_UART2RX
  -------         ENDMOD        UART

  -------         MODULE        FILTERING
  C:0000H         SYMBOL        _ICE_DUMMY_
  D:0080H         PUBLIC        P0
  D:0090H         PUBLIC        P1
  D:00A0H         PUBLIC        P2
  D:00B0H         PUBLIC        P3
  D:00C0H         PUBLIC        P4
  D:00C8H         PUBLIC        P5
  D:00E8H         PUBLIC        P6
  D:00F8H         PUBLIC        P7
  D:00A8H         PUBLIC        IE
  D:00B8H         PUBLIC        IP
  C:1715H         PUBLIC        _Median_Filter
  D:0098H         PUBLIC        SCON
  D:0088H         PUBLIC        TCON
  D:00D0H         PUBLIC        PSW
  -------         PROC          _MEDIAN_FILTER
  D:0041H         SYMBOL        friler_arr
  D:0044H         SYMBOL        len
  -------         DO            
  D:0045H         SYMBOL        i
  D:0047H         SYMBOL        sum
  -------         ENDDO         
  C:1715H         LINE#         13
  C:171DH         LINE#         14
  C:171DH         LINE#         15
  C:1722H         LINE#         16
  C:172AH         LINE#         17
  C:1730H         LINE#         18
  C:1740H         LINE#         19
  C:1740H         LINE#         20
  C:175FH         LINE#         21
  C:1769H         LINE#         22
  C:1774H         LINE#         24
  C:1779H         LINE#         25
  C:17AFH         LINE#         26
  C:17BDH         LINE#         28
  C:17D6H         LINE#         30
  C:17D6H         LINE#         32
BL51 BANKED LINKER/LOCATER V6.22.2.0                                                  09/15/2025  16:32:45  PAGE 20


  -------         ENDPROC       _MEDIAN_FILTER
  -------         ENDMOD        FILTERING

  -------         MODULE        IIC
  C:0000H         SYMBOL        _ICE_DUMMY_
  D:0080H         PUBLIC        P0
  D:0090H         PUBLIC        P1
  D:00A0H         PUBLIC        P2
  D:00B0H         PUBLIC        P3
  D:00C0H         PUBLIC        P4
  D:00C8H         PUBLIC        P5
  D:00E8H         PUBLIC        P6
  D:00F8H         PUBLIC        P7
  D:0036H         PUBLIC        ADC_VAL
  D:00A8H         PUBLIC        IE
  C:2869H         PUBLIC        _IapErase
  D:00C5H         PUBLIC        IAP_CMD
  D:0038H         PUBLIC        sysT0tick
  D:00B8H         PUBLIC        IP
  C:27F4H         PUBLIC        _IapRead
  C:00A6H         PUBLIC        _lapProgram
  C:0046H         PUBLIC        IapIdle
  D:003CH         PUBLIC        data_high
  D:00C3H         PUBLIC        IAP_ADDRH
  D:00C4H         PUBLIC        IAP_ADDRL
  X:02C0H         PUBLIC        adc_val30
  D:00F5H         PUBLIC        IAP_TPS
  D:0098H         PUBLIC        SCON
  D:0088H         PUBLIC        TCON
  D:00C7H         PUBLIC        IAP_CONTR
  D:003DH         PUBLIC        data_low
  X:02FCH         PUBLIC        adc_arr
  D:00C2H         PUBLIC        IAP_DATA
  D:003EH         PUBLIC        j
  C:142DH         PUBLIC        IIC_60S
  D:00C6H         PUBLIC        IAP_TRIG
  D:00D0H         PUBLIC        PSW
  D:003FH         PUBLIC        Data
  -------         PROC          IIC_60S
  C:142DH         LINE#         24
  C:142DH         LINE#         25
  C:142DH         LINE#         26
  C:1452H         LINE#         27
  C:145EH         LINE#         28
  C:146CH         LINE#         29
  C:146CH         LINE#         30
  C:1483H         LINE#         31
  C:1487H         LINE#         32
  C:1492H         LINE#         33
  C:14A3H         LINE#         34
  C:14A3H         LINE#         35
  C:14C7H         LINE#         36
  C:14DAH         LINE#         37
  C:14DDH         LINE#         38
  C:14F0H         LINE#         39
  C:14F7H         LINE#         40
  C:150BH         LINE#         41
BL51 BANKED LINKER/LOCATER V6.22.2.0                                                  09/15/2025  16:32:45  PAGE 21


  C:1512H         LINE#         42
  C:1525H         LINE#         43
  C:152CH         LINE#         44
  C:1540H         LINE#         45
  C:1548H         LINE#         46
  C:154FH         LINE#         47
  C:155EH         LINE#         49
  C:1563H         LINE#         50
  C:1563H         LINE#         51
  C:1572H         LINE#         52
  C:1572H         LINE#         53
  -------         ENDPROC       IIC_60S
  -------         PROC          IAPIDLE
  C:0046H         LINE#         61
  C:0046H         LINE#         62
  C:0046H         LINE#         63
  C:0049H         LINE#         64
  C:004BH         LINE#         65
  C:004DH         LINE#         66
  C:0050H         LINE#         67
  C:0052H         LINE#         68
  -------         ENDPROC       IAPIDLE
  -------         PROC          _IAPREAD
  D:0006H         SYMBOL        addr
  -------         DO            
  D:0007H         SYMBOL        dat
  -------         ENDDO         
  C:27F4H         LINE#         76
  C:27F4H         LINE#         77
  C:27F4H         LINE#         78
  C:27F7H         LINE#         79
  C:27FAH         LINE#         80
  C:27FDH         LINE#         81
  C:27FFH         LINE#         82
  C:2801H         LINE#         83
  C:2804H         LINE#         84
  C:2807H         LINE#         85
  C:2808H         LINE#         86
  C:2809H         LINE#         87
  C:280AH         LINE#         88
  C:280BH         LINE#         89
  C:280DH         LINE#         90
  C:2810H         LINE#         91
  C:2812H         LINE#         92
  -------         ENDPROC       _IAPREAD
  -------         PROC          _LAPPROGRAM
  D:0006H         SYMBOL        addr
  D:0005H         SYMBOL        dat
  C:00A6H         LINE#         100
  C:00A6H         LINE#         101
  C:00A6H         LINE#         102
  C:00ACH         LINE#         104
  C:00AFH         LINE#         105
  C:00B1H         LINE#         106
  C:00B3H         LINE#         107
  C:00B5H         LINE#         108
  C:00B8H         LINE#         109
BL51 BANKED LINKER/LOCATER V6.22.2.0                                                  09/15/2025  16:32:45  PAGE 22


  C:00BBH         LINE#         110
  C:00BCH         LINE#         111
  C:00BDH         LINE#         112
  C:00BEH         LINE#         113
  C:00BFH         LINE#         114
  -------         ENDPROC       _LAPPROGRAM
  -------         PROC          _IAPERASE
  D:0006H         SYMBOL        addr
  C:2869H         LINE#         123
  C:2869H         LINE#         124
  C:2869H         LINE#         125
  C:286CH         LINE#         126
  C:286FH         LINE#         127
  C:2872H         LINE#         128
  C:2874H         LINE#         129
  C:2876H         LINE#         130
  C:2879H         LINE#         131
  C:287CH         LINE#         132
  C:287DH         LINE#         133
  C:287EH         LINE#         134
  C:287FH         LINE#         135
  C:2880H         LINE#         136
  -------         ENDPROC       _IAPERASE
  -------         ENDMOD        IIC

  -------         MODULE        TOUCH
  C:0000H         SYMBOL        _ICE_DUMMY_
  D:0080H         PUBLIC        P0
  D:0090H         PUBLIC        P1
  D:00A0H         PUBLIC        P2
  D:00B0H         PUBLIC        P3
  D:00C0H         PUBLIC        P4
  D:00C8H         PUBLIC        P5
  D:00E8H         PUBLIC        P6
  X:0360H         PUBLIC        B_ReadKeyOk
  D:00F8H         PUBLIC        P7
  D:00A8H         PUBLIC        IE
  D:00B8H         PUBLIC        IP
  D:0098H         PUBLIC        SCON
  D:0088H         PUBLIC        TCON
  C:27D3H         PUBLIC        Touch_Config
  D:00AFH         PUBLIC        IE2
  X:0361H         PUBLIC        TK_cnt
  C:12CCH         PUBLIC        GetTouchVal
  C:1F99H         PUBLIC        Touch_ISR
  D:00D0H         PUBLIC        PSW
  -------         PROC          GETTOUCHVAL
  -------         DO            
  D:000CH         SYMBOL        Toucha_val
  D:000DH         SYMBOL        Toucha_Longval
  -------         ENDDO         
  C:12CCH         LINE#         14
  C:12CCH         LINE#         15
  C:12CCH         LINE#         16
  C:12CFH         LINE#         17
  C:12D7H         LINE#         18
  C:12EEH         LINE#         19
BL51 BANKED LINKER/LOCATER V6.22.2.0                                                  09/15/2025  16:32:45  PAGE 23


  C:12EEH         LINE#         20
  C:12F1H         LINE#         21
  C:1308H         LINE#         22
  C:1308H         LINE#         23
  C:131BH         LINE#         24
  C:131BH         LINE#         25
  C:131EH         LINE#         26
  C:1325H         LINE#         27
  C:1325H         LINE#         28
  C:1327H         LINE#         31
  C:1327H         LINE#         32
  C:133EH         LINE#         33
  C:133EH         LINE#         34
  C:1341H         LINE#         35
  C:1358H         LINE#         36
  C:1358H         LINE#         37
  C:136BH         LINE#         38
  C:136BH         LINE#         39
  C:136EH         LINE#         40
  C:1375H         LINE#         41
  C:1375H         LINE#         42
  C:1377H         LINE#         43
  C:1377H         LINE#         44
  C:1379H         LINE#         45
  C:1379H         LINE#         46
  C:1390H         LINE#         47
  C:1390H         LINE#         48
  C:1393H         LINE#         49
  C:13AAH         LINE#         50
  C:13AAH         LINE#         51
  C:13BDH         LINE#         52
  C:13BDH         LINE#         53
  C:13C0H         LINE#         54
  C:13C7H         LINE#         55
  C:13C7H         LINE#         56
  C:13C9H         LINE#         57
  C:13D0H         LINE#         58
  C:13D3H         LINE#         59
  C:13D3H         LINE#         60
  C:13EAH         LINE#         61
  C:13EAH         LINE#         62
  C:13EDH         LINE#         63
  C:1404H         LINE#         64
  C:1404H         LINE#         65
  C:1417H         LINE#         66
  C:1417H         LINE#         67
  C:141AH         LINE#         68
  C:1421H         LINE#         69
  C:1421H         LINE#         70
  C:1423H         LINE#         71
  C:142AH         LINE#         72
  C:142AH         LINE#         73
  C:142CH         LINE#         74
  -------         ENDPROC       GETTOUCHVAL
  -------         PROC          TOUCH_CONFIG
  C:27D3H         LINE#         82
  C:27D3H         LINE#         83
BL51 BANKED LINKER/LOCATER V6.22.2.0                                                  09/15/2025  16:32:45  PAGE 24


  C:27D3H         LINE#         85
  C:27D9H         LINE#         86
  C:27DDH         LINE#         87
  C:27E1H         LINE#         88
  C:27E5H         LINE#         89
  C:27EBH         LINE#         90
  C:27F0H         LINE#         91
  C:27F3H         LINE#         92
  -------         ENDPROC       TOUCH_CONFIG
  -------         PROC          TOUCH_ISR
  -------         DO            
  D:0007H         SYMBOL        j
  -------         ENDDO         
  C:1F99H         LINE#         100
  C:1FAAH         LINE#         104
  C:1FAFH         LINE#         106
  C:1FB2H         LINE#         107
  C:1FB2H         LINE#         108
  C:1FB6H         LINE#         109
  C:1FB6H         LINE#         110
  C:1FBAH         LINE#         111
  C:1FBAH         LINE#         112
  C:1FBDH         LINE#         113
  C:1FC4H         LINE#         115
  C:1FDDH         LINE#         117
  C:1FE7H         LINE#         118
  C:1FE7H         LINE#         119
  -------         ENDPROC       TOUCH_ISR
  -------         ENDMOD        TOUCH

  -------         MODULE        STC8G_H_GPIO
  C:0000H         SYMBOL        _ICE_DUMMY_
  D:0093H         PUBLIC        P0M1
  D:0092H         PUBLIC        P1M0
  D:0096H         PUBLIC        P2M0
  D:0091H         PUBLIC        P1M1
  D:0080H         PUBLIC        P0
  D:00B2H         PUBLIC        P3M0
  D:0095H         PUBLIC        P2M1
  D:0090H         PUBLIC        P1
  D:00B4H         PUBLIC        P4M0
  D:00B1H         PUBLIC        P3M1
  D:00A0H         PUBLIC        P2
  D:00CAH         PUBLIC        P5M0
  D:00B3H         PUBLIC        P4M1
  D:00B0H         PUBLIC        P3
  D:00CCH         PUBLIC        P6M0
  D:00C9H         PUBLIC        P5M1
  D:00C0H         PUBLIC        P4
  D:00E2H         PUBLIC        P7M0
  D:00CBH         PUBLIC        P6M1
  D:00C8H         PUBLIC        P5
  D:00E8H         PUBLIC        P6
  D:00E1H         PUBLIC        P7M1
  D:00F8H         PUBLIC        P7
  D:00A8H         PUBLIC        IE
  D:00B8H         PUBLIC        IP
BL51 BANKED LINKER/LOCATER V6.22.2.0                                                  09/15/2025  16:32:45  PAGE 25


  D:0098H         PUBLIC        SCON
  D:0088H         PUBLIC        TCON
  C:0EE0H         PUBLIC        _GPIO_Inilize
  D:00D0H         PUBLIC        PSW
  D:0094H         PUBLIC        P0M0
  -------         PROC          _GPIO_INILIZE
  D:0007H         SYMBOL        GPIO
  D:0001H         SYMBOL        GPIOx
  C:0EE0H         LINE#         22
  C:0EE0H         LINE#         23
  C:0EE0H         LINE#         24
  C:0EEDH         LINE#         25
  C:0EFDH         LINE#         26
  C:0F00H         LINE#         27
  C:0F00H         LINE#         28
  C:0F0EH         LINE#         29
  C:0F20H         LINE#         30
  C:0F32H         LINE#         31
  C:0F44H         LINE#         32
  C:0F44H         LINE#         33
  C:0F49H         LINE#         34
  C:0F49H         LINE#         35
  C:0F5AH         LINE#         36
  C:0F6AH         LINE#         37
  C:0F7BH         LINE#         38
  C:0F8FH         LINE#         39
  C:0F8FH         LINE#         40
  C:0F94H         LINE#         41
  C:0F94H         LINE#         42
  C:0FA5H         LINE#         43
  C:0FB5H         LINE#         44
  C:0FC6H         LINE#         45
  C:0FDAH         LINE#         46
  C:0FDAH         LINE#         47
  C:0FDFH         LINE#         48
  C:0FDFH         LINE#         49
  C:0FF0H         LINE#         50
  C:1000H         LINE#         51
  C:1011H         LINE#         52
  C:1025H         LINE#         53
  C:1025H         LINE#         54
  C:102AH         LINE#         55
  C:102AH         LINE#         56
  C:103BH         LINE#         57
  C:104BH         LINE#         58
  C:105CH         LINE#         59
  C:1070H         LINE#         60
  C:1070H         LINE#         61
  C:1075H         LINE#         62
  C:1075H         LINE#         63
  C:1086H         LINE#         64
  C:1096H         LINE#         65
  C:10A7H         LINE#         66
  C:10BBH         LINE#         67
  C:10BBH         LINE#         68
  C:10C0H         LINE#         69
  C:10C0H         LINE#         70
BL51 BANKED LINKER/LOCATER V6.22.2.0                                                  09/15/2025  16:32:45  PAGE 26


  C:10D1H         LINE#         71
  C:10E1H         LINE#         72
  C:10F2H         LINE#         73
  C:1106H         LINE#         74
  C:1106H         LINE#         75
  C:110BH         LINE#         76
  C:110BH         LINE#         77
  C:111EH         LINE#         78
  C:112FH         LINE#         79
  C:1140H         LINE#         80
  C:1154H         LINE#         81
  C:1154H         LINE#         82
  C:1156H         LINE#         83
  -------         ENDPROC       _GPIO_INILIZE
  -------         ENDMOD        STC8G_H_GPIO

  -------         MODULE        STC8G_H_DELAY
  C:0000H         SYMBOL        _ICE_DUMMY_
  D:0080H         PUBLIC        P0
  D:0090H         PUBLIC        P1
  D:00A0H         PUBLIC        P2
  D:00B0H         PUBLIC        P3
  D:00C0H         PUBLIC        P4
  D:00C8H         PUBLIC        P5
  D:00E8H         PUBLIC        P6
  D:00F8H         PUBLIC        P7
  D:00A8H         PUBLIC        IE
  D:00B8H         PUBLIC        IP
  D:0098H         PUBLIC        SCON
  D:0088H         PUBLIC        TCON
  C:28B4H         PUBLIC        _delay_ms
  D:00D0H         PUBLIC        PSW
  -------         PROC          _DELAY_MS
  D:0006H         SYMBOL        ms
  -------         DO            
  D:0004H         SYMBOL        i
  -------         ENDDO         
  C:28B4H         LINE#         24
  C:28B4H         LINE#         25
  C:28B4H         LINE#         27
  C:28B4H         LINE#         28
  C:28B8H         LINE#         29
  C:28C1H         LINE#         30
  C:28CAH         LINE#         31
  -------         ENDPROC       _DELAY_MS
  -------         ENDMOD        STC8G_H_DELAY

  -------         MODULE        STC8G_H_EXTI
  C:0000H         SYMBOL        _ICE_DUMMY_
  D:0080H         PUBLIC        P0
  D:0090H         PUBLIC        P1
  D:00A0H         PUBLIC        P2
  D:00B0H         PUBLIC        P3
  D:00C0H         PUBLIC        P4
  D:00C8H         PUBLIC        P5
  D:00E8H         PUBLIC        P6
  D:00F8H         PUBLIC        P7
BL51 BANKED LINKER/LOCATER V6.22.2.0                                                  09/15/2025  16:32:45  PAGE 27


  D:00A8H         PUBLIC        IE
  D:00B8H         PUBLIC        IP
  D:0098H         PUBLIC        SCON
  D:0088H         PUBLIC        TCON
  B:0088H.1       PUBLIC        IE0
  B:0088H.3       PUBLIC        IE1
  B:0088H.0       PUBLIC        IT0
  B:0088H.2       PUBLIC        IT1
  C:2601H         PUBLIC        _Ext_Inilize
  D:00D0H         PUBLIC        PSW
  -------         PROC          _EXT_INILIZE
  D:0007H         SYMBOL        EXT
  D:0001H         SYMBOL        INTx
  C:2601H         LINE#         22
  C:2601H         LINE#         23
  C:2601H         LINE#         24
  C:260EH         LINE#         26
  C:2611H         LINE#         27
  C:2611H         LINE#         28
  C:2613H         LINE#         29
  C:261EH         LINE#         30
  C:2621H         LINE#         31
  C:2621H         LINE#         33
  C:2626H         LINE#         34
  C:2626H         LINE#         35
  C:2628H         LINE#         36
  C:2633H         LINE#         37
  C:2636H         LINE#         38
  C:2636H         LINE#         39
  C:2638H         LINE#         40
  -------         ENDPROC       _EXT_INILIZE
  -------         ENDMOD        STC8G_H_EXTI

  -------         MODULE        STC8G_H_NVIC
  C:0000H         SYMBOL        _ICE_DUMMY_
  D:0080H         PUBLIC        P0
  D:0090H         PUBLIC        P1
  D:00A0H         PUBLIC        P2
  D:00B0H         PUBLIC        P3
  D:00C0H         PUBLIC        P4
  D:00C8H         PUBLIC        P5
  D:00E8H         PUBLIC        P6
  D:00F8H         PUBLIC        P7
  B:00A8H.5       PUBLIC        EADC
  D:00A8H         PUBLIC        IE
  D:00B6H         PUBLIC        IP2H
  D:00EEH         PUBLIC        IP3H
  D:008FH         PUBLIC        INTCLKO
  B:00A8H.4       PUBLIC        ES
  B:00B8H.5       PUBLIC        PADC
  D:00B8H         PUBLIC        IP
  B:00B8H.4       PUBLIC        PS
  C:2266H         PUBLIC        _NVIC_INT0_Init
  C:22BBH         PUBLIC        _NVIC_INT1_Init
  C:0126H         PUBLIC        _NVIC_INT2_Init
  C:0066H         PUBLIC        _NVIC_INT3_Init
  D:00E6H         PUBLIC        CMPCR1
BL51 BANKED LINKER/LOCATER V6.22.2.0                                                  09/15/2025  16:32:45  PAGE 28


  C:2813H         PUBLIC        _NVIC_INT4_Init
  D:0098H         PUBLIC        SCON
  D:0088H         PUBLIC        TCON
  C:00C6H         PUBLIC        _NVIC_Timer0_Init
  C:2211H         PUBLIC        _NVIC_Timer1_Init
  C:26F2H         PUBLIC        _NVIC_Timer2_Init
  C:271CH         PUBLIC        _NVIC_Timer3_Init
  D:00AFH         PUBLIC        IE2
  C:269CH         PUBLIC        _NVIC_Timer4_Init
  C:1EC6H         PUBLIC        _NVIC_I2C_Init
  B:00A8H.1       PUBLIC        ET0
  B:00A8H.3       PUBLIC        ET1
  D:00B5H         PUBLIC        IP2
  D:00DFH         PUBLIC        IP3
  B:00A8H.0       PUBLIC        EX0
  B:00A8H.2       PUBLIC        EX1
  C:2310H         PUBLIC        _NVIC_ADC_Init
  B:00B8H.1       PUBLIC        PT0
  B:00B8H.3       PUBLIC        PT1
  B:00B8H.0       PUBLIC        PX0
  B:00B8H.2       PUBLIC        PX1
  D:00B7H         PUBLIC        IPH
  C:20AEH         PUBLIC        _NVIC_CMP_Init
  C:2539H         PUBLIC        _NVIC_RTC_Init
  C:2108H         PUBLIC        _NVIC_SPI_Init
  C:2365H         PUBLIC        _NVIC_UART1_Init
  C:21BBH         PUBLIC        _NVIC_UART2_Init
  C:1FF6H         PUBLIC        _NVIC_UART3_Init
  C:2053H         PUBLIC        _NVIC_UART4_Init
  D:00D0H         PUBLIC        PSW
  C:1B2CH         PUBLIC        _NVIC_PWM_Init
  -------         PROC          _NVIC_TIMER0_INIT
  D:0007H         SYMBOL        State
  D:0005H         SYMBOL        Priority
  C:00C6H         LINE#         23
  C:00C6H         LINE#         24
  C:00C6H         LINE#         25
  C:00D6H         LINE#         26
  C:00E3H         LINE#         27
  C:00EDH         LINE#         28
  C:0118H         LINE#         29
  C:011AH         LINE#         30
  -------         ENDPROC       _NVIC_TIMER0_INIT
  -------         PROC          _NVIC_TIMER1_INIT
  D:0007H         SYMBOL        State
  D:0005H         SYMBOL        Priority
  C:2211H         LINE#         40
  C:2211H         LINE#         41
  C:2211H         LINE#         42
  C:2221H         LINE#         43
  C:222EH         LINE#         44
  C:2238H         LINE#         45
  C:2263H         LINE#         46
  C:2265H         LINE#         47
  -------         ENDPROC       _NVIC_TIMER1_INIT
  -------         PROC          _NVIC_TIMER2_INIT
  D:0007H         SYMBOL        State
BL51 BANKED LINKER/LOCATER V6.22.2.0                                                  09/15/2025  16:32:45  PAGE 29


  D:0005H         SYMBOL        Priority
  C:26F2H         LINE#         57
  C:26F2H         LINE#         58
  C:26F2H         LINE#         59
  C:26FFH         LINE#         60
  C:270CH         LINE#         61
  C:2719H         LINE#         62
  C:271AH         LINE#         63
  C:271BH         LINE#         64
  -------         ENDPROC       _NVIC_TIMER2_INIT
  -------         PROC          _NVIC_TIMER3_INIT
  D:0007H         SYMBOL        State
  D:0005H         SYMBOL        Priority
  C:271CH         LINE#         74
  C:271CH         LINE#         75
  C:271CH         LINE#         76
  C:2729H         LINE#         77
  C:2736H         LINE#         78
  C:2743H         LINE#         79
  C:2744H         LINE#         80
  C:2745H         LINE#         81
  -------         ENDPROC       _NVIC_TIMER3_INIT
  -------         PROC          _NVIC_TIMER4_INIT
  D:0007H         SYMBOL        State
  D:0005H         SYMBOL        Priority
  C:269CH         LINE#         91
  C:269CH         LINE#         92
  C:269CH         LINE#         93
  C:26A9H         LINE#         94
  C:26B6H         LINE#         95
  C:26C4H         LINE#         96
  C:26C5H         LINE#         97
  C:26C6H         LINE#         98
  -------         ENDPROC       _NVIC_TIMER4_INIT
  -------         PROC          _NVIC_INT0_INIT
  D:0007H         SYMBOL        State
  D:0005H         SYMBOL        Priority
  C:2266H         LINE#         108
  C:2266H         LINE#         109
  C:2266H         LINE#         110
  C:2276H         LINE#         111
  C:2283H         LINE#         112
  C:228DH         LINE#         113
  C:22B8H         LINE#         114
  C:22BAH         LINE#         115
  -------         ENDPROC       _NVIC_INT0_INIT
  -------         PROC          _NVIC_INT1_INIT
  D:0007H         SYMBOL        State
  D:0005H         SYMBOL        Priority
  C:22BBH         LINE#         125
  C:22BBH         LINE#         126
  C:22BBH         LINE#         127
  C:22CBH         LINE#         128
  C:22D8H         LINE#         129
  C:22E2H         LINE#         130
  C:230DH         LINE#         131
  C:230FH         LINE#         132
BL51 BANKED LINKER/LOCATER V6.22.2.0                                                  09/15/2025  16:32:45  PAGE 30


  -------         ENDPROC       _NVIC_INT1_INIT
  -------         PROC          _NVIC_INT2_INIT
  D:0007H         SYMBOL        State
  D:0005H         SYMBOL        Priority
  C:0126H         LINE#         142
  C:0126H         LINE#         143
  C:0126H         LINE#         144
  C:0133H         LINE#         145
  C:013FH         LINE#         146
  C:0140H         LINE#         147
  C:0141H         LINE#         148
  -------         ENDPROC       _NVIC_INT2_INIT
  -------         PROC          _NVIC_INT3_INIT
  D:0007H         SYMBOL        State
  D:0005H         SYMBOL        Priority
  C:0066H         LINE#         158
  C:0066H         LINE#         159
  C:0066H         LINE#         160
  C:0073H         LINE#         161
  C:0080H         LINE#         162
  C:0081H         LINE#         163
  C:0082H         LINE#         164
  -------         ENDPROC       _NVIC_INT3_INIT
  -------         PROC          _NVIC_INT4_INIT
  D:0007H         SYMBOL        State
  D:0005H         SYMBOL        Priority
  C:2813H         LINE#         174
  C:2813H         LINE#         175
  C:2813H         LINE#         176
  C:2820H         LINE#         177
  C:282EH         LINE#         178
  C:282FH         LINE#         179
  C:2830H         LINE#         180
  -------         ENDPROC       _NVIC_INT4_INIT
  -------         PROC          _NVIC_ADC_INIT
  D:0007H         SYMBOL        State
  D:0005H         SYMBOL        Priority
  C:2310H         LINE#         190
  C:2310H         LINE#         191
  C:2310H         LINE#         192
  C:2320H         LINE#         193
  C:232DH         LINE#         194
  C:2337H         LINE#         195
  C:2362H         LINE#         196
  C:2364H         LINE#         197
  -------         ENDPROC       _NVIC_ADC_INIT
  -------         PROC          _NVIC_CMP_INIT
  D:0007H         SYMBOL        State
  D:0005H         SYMBOL        Priority
  C:20AEH         LINE#         207
  C:20AEH         LINE#         208
  C:20AEH         LINE#         209
  C:20BEH         LINE#         210
  C:20C7H         LINE#         211
  C:20CAH         LINE#         212
  C:20D3H         LINE#         213
  C:20D6H         LINE#         214
BL51 BANKED LINKER/LOCATER V6.22.2.0                                                  09/15/2025  16:32:45  PAGE 31


  C:2105H         LINE#         215
  C:2107H         LINE#         216
  -------         ENDPROC       _NVIC_CMP_INIT
  -------         PROC          _NVIC_I2C_INIT
  D:0007H         SYMBOL        Mode
  D:0005H         SYMBOL        State
  D:0003H         SYMBOL        Priority
  C:1EC6H         LINE#         228
  C:1EC6H         LINE#         229
  C:1EC6H         LINE#         230
  C:1ED3H         LINE#         231
  C:1EE0H         LINE#         232
  C:1EE5H         LINE#         233
  C:1EE5H         LINE#         234
  C:1EF5H         LINE#         235
  C:1EF7H         LINE#         236
  C:1EFAH         LINE#         237
  C:1EFAH         LINE#         238
  C:1F02H         LINE#         239
  C:1F02H         LINE#         240
  C:1F32H         LINE#         241
  C:1F34H         LINE#         242
  -------         ENDPROC       _NVIC_I2C_INIT
  -------         PROC          _NVIC_UART1_INIT
  D:0007H         SYMBOL        State
  D:0005H         SYMBOL        Priority
  C:2365H         LINE#         252
  C:2365H         LINE#         253
  C:2365H         LINE#         254
  C:2375H         LINE#         255
  C:2382H         LINE#         256
  C:238CH         LINE#         257
  C:23B7H         LINE#         258
  C:23B9H         LINE#         259
  -------         ENDPROC       _NVIC_UART1_INIT
  -------         PROC          _NVIC_UART2_INIT
  D:0007H         SYMBOL        State
  D:0005H         SYMBOL        Priority
  C:21BBH         LINE#         269
  C:21BBH         LINE#         270
  C:21BBH         LINE#         271
  C:21C8H         LINE#         272
  C:21D8H         LINE#         273
  C:21DFH         LINE#         274
  C:220EH         LINE#         275
  C:2210H         LINE#         276
  -------         ENDPROC       _NVIC_UART2_INIT
  -------         PROC          _NVIC_UART3_INIT
  D:0007H         SYMBOL        State
  D:0005H         SYMBOL        Priority
  C:1FF6H         LINE#         286
  C:1FF6H         LINE#         287
  C:1FF6H         LINE#         288
  C:2003H         LINE#         289
  C:2013H         LINE#         290
  C:2021H         LINE#         291
  C:2050H         LINE#         292
BL51 BANKED LINKER/LOCATER V6.22.2.0                                                  09/15/2025  16:32:45  PAGE 32


  C:2052H         LINE#         293
  -------         ENDPROC       _NVIC_UART3_INIT
  -------         PROC          _NVIC_UART4_INIT
  D:0007H         SYMBOL        State
  D:0005H         SYMBOL        Priority
  C:2053H         LINE#         303
  C:2053H         LINE#         304
  C:2053H         LINE#         305
  C:2060H         LINE#         306
  C:2070H         LINE#         307
  C:207CH         LINE#         308
  C:20ABH         LINE#         309
  C:20ADH         LINE#         310
  -------         ENDPROC       _NVIC_UART4_INIT
  -------         PROC          _NVIC_SPI_INIT
  D:0007H         SYMBOL        State
  D:0005H         SYMBOL        Priority
  C:2108H         LINE#         320
  C:2108H         LINE#         321
  C:2108H         LINE#         322
  C:2115H         LINE#         323
  C:2125H         LINE#         324
  C:2130H         LINE#         325
  C:215FH         LINE#         326
  C:2161H         LINE#         327
  -------         ENDPROC       _NVIC_SPI_INIT
  -------         PROC          _NVIC_PWM_INIT
  D:0007H         SYMBOL        Channel
  D:0005H         SYMBOL        State
  D:0003H         SYMBOL        Priority
  C:1B2CH         LINE#         338
  C:1B2CH         LINE#         339
  C:1B2CH         LINE#         340
  C:1B39H         LINE#         341
  C:1B46H         LINE#         342
  C:1B4EH         LINE#         343
  C:1B4EH         LINE#         344
  C:1B4EH         LINE#         345
  C:1B53H         LINE#         346
  C:1B83H         LINE#         347
  C:1B85H         LINE#         349
  C:1B85H         LINE#         350
  C:1B8AH         LINE#         351
  C:1BBAH         LINE#         352
  C:1BBCH         LINE#         354
  C:1BBCH         LINE#         355
  C:1BC1H         LINE#         356
  C:1BC1H         LINE#         357
  C:1BC1H         LINE#         358
  C:1BC1H         LINE#         359
  C:1BC3H         LINE#         360
  -------         ENDPROC       _NVIC_PWM_INIT
  -------         PROC          _NVIC_RTC_INIT
  D:0007H         SYMBOL        State
  D:0005H         SYMBOL        Priority
  C:2539H         LINE#         370
  C:2539H         LINE#         371
BL51 BANKED LINKER/LOCATER V6.22.2.0                                                  09/15/2025  16:32:45  PAGE 33


  C:2539H         LINE#         372
  C:2578H         LINE#         373
  C:257DH         LINE#         374
  C:257FH         LINE#         375
  -------         ENDPROC       _NVIC_RTC_INIT
  -------         ENDMOD        STC8G_H_NVIC

  -------         MODULE        STC8G_H_EXTI_ISR
  C:0000H         SYMBOL        _ICE_DUMMY_
  D:0080H         PUBLIC        P0
  D:0090H         PUBLIC        P1
  D:00A0H         PUBLIC        P2
  D:00B0H         PUBLIC        P3
  D:00C0H         PUBLIC        P4
  D:00C8H         PUBLIC        P5
  D:00E8H         PUBLIC        P6
  D:00F8H         PUBLIC        P7
  D:00A8H         PUBLIC        IE
  C:29F3H         PUBLIC        INT0_ISR_Handler
  C:002AH         PUBLIC        INT1_ISR_Handler
  C:0041H         PUBLIC        INT2_ISR_Handler
  C:29F9H         PUBLIC        INT3_ISR_Handler
  C:0026H         PUBLIC        INT4_ISR_Handler
  D:00B8H         PUBLIC        IP
  B:0080H.0       PUBLIC        P00
  B:0080H.3       PUBLIC        P03
  D:0098H         PUBLIC        SCON
  C:278EH         PUBLIC        EXT_INTP3_ISR_Handler
  D:0088H         PUBLIC        TCON
  B:0080H.5       PUBLIC        P05
  B:0080H.6       PUBLIC        P06
  D:0078H         PUBLIC        WakeUpSource
  D:00D0H         PUBLIC        PSW
  -------         PROC          INT0_ISR_HANDLER
  C:29F3H         LINE#         31
  C:29F3H         LINE#         34
  C:29F5H         LINE#         35
  C:29F8H         LINE#         38
  -------         ENDPROC       INT0_ISR_HANDLER
  -------         PROC          INT1_ISR_HANDLER
  C:002AH         LINE#         47
  C:002AH         LINE#         55
  -------         ENDPROC       INT1_ISR_HANDLER
  -------         PROC          INT2_ISR_HANDLER
  C:0041H         LINE#         64
  C:0041H         LINE#         70
  -------         ENDPROC       INT2_ISR_HANDLER
  -------         PROC          INT3_ISR_HANDLER
  C:29F9H         LINE#         79
  C:29F9H         LINE#         82
  C:29FBH         LINE#         83
  C:29FEH         LINE#         84
  -------         ENDPROC       INT3_ISR_HANDLER
  -------         PROC          INT4_ISR_HANDLER
  C:0026H         LINE#         93
  C:0026H         LINE#         97
  C:0029H         LINE#         98
[...]
  C:244AH         LINE#         158
  C:244DH         LINE#         160
  C:244DH         LINE#         161
  -------         ENDPROC       UART4_ISR_HANDLER
  -------         ENDMOD        STC8G_H_UART_ISR

  -------         MODULE        STC8G_H_ADC
  C:0000H         SYMBOL        _ICE_DUMMY_
  D:0080H         PUBLIC        P0
  D:0090H         PUBLIC        P1
  C:1F35H         PUBLIC        _ADC_Inilize
  D:00A0H         PUBLIC        P2
  D:00B0H         PUBLIC        P3
  D:00C0H         PUBLIC        P4
  D:00C8H         PUBLIC        P5
  D:00E8H         PUBLIC        P6
  D:00F8H         PUBLIC        P7
  D:00A8H         PUBLIC        IE
  D:00BDH         PUBLIC        ADC_RES
  D:00B8H         PUBLIC        IP
  D:00DEH         PUBLIC        ADCCFG
  C:296EH         PUBLIC        _ADC_PowerControl
  D:00BCH         PUBLIC        ADC_CONTR
  D:0098H         PUBLIC        SCON
  D:0088H         PUBLIC        TCON
  C:1DDCH         PUBLIC        _Get_ADCResult
  D:00BEH         PUBLIC        ADC_RESL
  D:00D0H         PUBLIC        PSW
  -------         PROC          _ADC_INILIZE
  D:0001H         SYMBOL        ADCx
  C:1F35H         LINE#         22
  C:1F35H         LINE#         23
  C:1F35H         LINE#         24
  C:1F43H         LINE#         25
  C:1F55H         LINE#         27
  C:1F61H         LINE#         28
  C:1F71H         LINE#         29
  C:1F81H         LINE#         31
  C:1F98H         LINE#         32
  -------         ENDPROC       _ADC_INILIZE
  -------         PROC          _ADC_POWERCONTROL
  D:0007H         SYMBOL        pwr
  C:296EH         LINE#         42
  C:296EH         LINE#         43
  C:296EH         LINE#         44
  C:2977H         LINE#         45
  C:297AH         LINE#         46
  -------         ENDPROC       _ADC_POWERCONTROL
  -------         PROC          _GET_ADCRESULT
  D:0007H         SYMBOL        channel
  -------         DO            
  D:0073H         SYMBOL        adc
  D:0005H         SYMBOL        i
  -------         ENDDO         
  C:1DDCH         LINE#         55
  C:1DDCH         LINE#         56
BL51 BANKED LINKER/LOCATER V6.22.2.0                                                  09/15/2025  16:32:45  PAGE 45


  C:1DDCH         LINE#         60
  C:1DE8H         LINE#         61
  C:1DEBH         LINE#         62
  C:1DEDH         LINE#         64
  C:1DF6H         LINE#         65
  C:1E00H         LINE#         67
  C:1E0CH         LINE#         68
  C:1E0CH         LINE#         69
  C:1E11H         LINE#         70
  C:1E11H         LINE#         71
  C:1E14H         LINE#         72
  C:1E1BH         LINE#         73
  C:1E1BH         LINE#         74
  C:1E27H         LINE#         75
  C:1E29H         LINE#         77
  C:1E29H         LINE#         79
  C:1E2EH         LINE#         80
  C:1E49H         LINE#         85
  C:1E49H         LINE#         86
  C:1E4EH         LINE#         87
  C:1E4EH         LINE#         88
  C:1E51H         LINE#         89
  C:1E55H         LINE#         90
  -------         ENDPROC       _GET_ADCRESULT
  -------         ENDMOD        STC8G_H_ADC

  -------         MODULE        STC8G_H_ADC_ISR
  C:0000H         SYMBOL        _ICE_DUMMY_
  D:0080H         PUBLIC        P0
  D:0090H         PUBLIC        P1
  D:00A0H         PUBLIC        P2
  D:00B0H         PUBLIC        P3
  D:00C0H         PUBLIC        P4
  D:00C8H         PUBLIC        P5
  D:00E8H         PUBLIC        P6
  D:00F8H         PUBLIC        P7
  D:00A8H         PUBLIC        IE
  D:00B8H         PUBLIC        IP
  D:00BCH         PUBLIC        ADC_CONTR
  D:0098H         PUBLIC        SCON
  D:0088H         PUBLIC        TCON
  C:0056H         PUBLIC        ADC_ISR_Handler
  D:00D0H         PUBLIC        PSW
  -------         PROC          ADC_ISR_HANDLER
  C:0056H         LINE#         22
  C:0056H         LINE#         24
  C:0059H         LINE#         28
  -------         ENDPROC       ADC_ISR_HANDLER
  -------         ENDMOD        STC8G_H_ADC_ISR

  -------         MODULE        STC8G_H_I2C
  C:0000H         SYMBOL        _ICE_DUMMY_
  D:0080H         PUBLIC        P0
  D:0090H         PUBLIC        P1
  D:00A0H         PUBLIC        P2
  D:00B0H         PUBLIC        P3
  D:00C0H         PUBLIC        P4
BL51 BANKED LINKER/LOCATER V6.22.2.0                                                  09/15/2025  16:32:45  PAGE 46


  D:00C8H         PUBLIC        P5
  D:00E8H         PUBLIC        P6
  D:00F8H         PUBLIC        P7
  C:2952H         PUBLIC        _SendData
  D:00A8H         PUBLIC        IE
  C:2934H         PUBLIC        RecvData
  C:29D1H         PUBLIC        Start
  C:2994H         PUBLIC        Wait
  D:00B8H         PUBLIC        IP
  C:297BH         PUBLIC        _SendCmdData
  C:25C7H         PUBLIC        _I2C_ReadNbyte
  C:29DAH         PUBLIC        Stop
  C:29EBH         PUBLIC        Get_MSBusy_Status
  C:266BH         PUBLIC        _I2C_WriteNbyte
  D:0098H         PUBLIC        SCON
  C:1CE5H         PUBLIC        _I2C_Init
  D:0088H         PUBLIC        TCON
  C:2960H         PUBLIC        SendACK
  C:292BH         PUBLIC        RecvACK
  C:2943H         PUBLIC        SendNAK
  D:00D0H         PUBLIC        PSW
  X:0375H         PUBLIC        I2C_Buffer
  -------         PROC          _I2C_INIT
  D:0001H         SYMBOL        I2Cx
  C:1CE5H         LINE#         24
  C:1CE5H         LINE#         25
  C:1CE5H         LINE#         26
  C:1CEFH         LINE#         27
  C:1CEFH         LINE#         28
  C:1CF6H         LINE#         29
  C:1CFBH         LINE#         30
  C:1D09H         LINE#         31
  C:1D18H         LINE#         35
  C:1D18H         LINE#         36
  C:1D1FH         LINE#         37
  C:1D24H         LINE#         38
  C:1D35H         LINE#         39
  C:1D48H         LINE#         40
  C:1D4CH         LINE#         41
  C:1D4CH         LINE#         43
  C:1D60H         LINE#         44
  -------         ENDPROC       _I2C_INIT
  -------         PROC          GET_MSBUSY_STATUS
  C:29EBH         LINE#         53
  C:29EBH         LINE#         54
  C:29EBH         LINE#         55
  C:29F2H         LINE#         56
  -------         ENDPROC       GET_MSBUSY_STATUS
  -------         PROC          WAIT
  C:2994H         LINE#         65
  C:2994H         LINE#         66
  C:2994H         LINE#         67
  C:299BH         LINE#         68
  C:299FH         LINE#         69
  -------         ENDPROC       WAIT
  -------         PROC          START
  C:29D1H         LINE#         78
BL51 BANKED LINKER/LOCATER V6.22.2.0                                                  09/15/2025  16:32:45  PAGE 47


  C:29D1H         LINE#         79
  C:29D1H         LINE#         80
  C:29D7H         LINE#         81
  -------         ENDPROC       START
  -------         PROC          _SENDDATA
  D:0007H         SYMBOL        dat
  C:2952H         LINE#         91
  C:2952H         LINE#         92
  C:2952H         LINE#         93
  C:2957H         LINE#         94
  C:295DH         LINE#         95
  -------         ENDPROC       _SENDDATA
  -------         PROC          L?0034
  -------         ENDPROC       L?0034
  -------         PROC          RECVACK
  C:292BH         LINE#         105
  C:292BH         LINE#         106
  C:292BH         LINE#         107
  C:2931H         LINE#         108
  -------         ENDPROC       RECVACK
  -------         PROC          RECVDATA
  C:2934H         LINE#         118
  C:2934H         LINE#         119
  C:2934H         LINE#         120
  C:293AH         LINE#         121
  C:293DH         LINE#         122
  C:2942H         LINE#         123
  -------         ENDPROC       RECVDATA
  -------         PROC          SENDACK
  C:2960H         LINE#         132
  C:2960H         LINE#         133
  C:2960H         LINE#         134
  C:2965H         LINE#         135
  C:296BH         LINE#         136
  -------         ENDPROC       SENDACK
  -------         PROC          SENDNAK
  C:2943H         LINE#         146
  C:2943H         LINE#         147
  C:2943H         LINE#         148
  C:2949H         LINE#         149
  C:294FH         LINE#         150
  -------         ENDPROC       SENDNAK
  -------         PROC          STOP
  C:29DAH         LINE#         160
  C:29DAH         LINE#         161
  C:29DAH         LINE#         162
  C:29E0H         LINE#         163
  -------         ENDPROC       STOP
  -------         PROC          _SENDCMDDATA
  D:0007H         SYMBOL        cmd
  D:0005H         SYMBOL        dat
  C:297BH         LINE#         173
  C:297BH         LINE#         174
  C:297BH         LINE#         175
  C:2980H         LINE#         176
  C:2985H         LINE#         177
  -------         ENDPROC       _SENDCMDDATA
BL51 BANKED LINKER/LOCATER V6.22.2.0                                                  09/15/2025  16:32:45  PAGE 48


  -------         PROC          _I2C_WRITENBYTE
  D:0007H         SYMBOL        dev_addr
  D:0006H         SYMBOL        mem_addr
  D:005CH         SYMBOL        p
  D:005FH         SYMBOL        number
  C:266BH         LINE#         187
  C:2673H         LINE#         188
  C:2673H         LINE#         189
  C:2673H         LINE#         190
  C:2673H         LINE#         191
  C:2676H         LINE#         192
  C:267BH         LINE#         193
  C:267EH         LINE#         195
  C:267EH         LINE#         196
  C:2693H         LINE#         197
  C:2696H         LINE#         198
  C:2696H         LINE#         199
  C:2699H         LINE#         200
  -------         ENDPROC       _I2C_WRITENBYTE
  -------         PROC          _I2C_READNBYTE
  D:0006H         SYMBOL        dev_addr
  D:0005H         SYMBOL        mem_addr
  D:0001H         SYMBOL        p
  D:0065H         SYMBOL        number
  C:25C7H         LINE#         210
  C:25C9H         LINE#         211
  C:25C9H         LINE#         212
  C:25C9H         LINE#         213
  C:25C9H         LINE#         214
  C:25CCH         LINE#         215
  C:25D1H         LINE#         216
  C:25D4H         LINE#         217
  C:25D7H         LINE#         218
  C:25DEH         LINE#         219
  C:25E1H         LINE#         221
  C:25E1H         LINE#         222
  C:25E8H         LINE#         223
  C:25EFH         LINE#         224
  C:25F8H         LINE#         225
  C:25F8H         LINE#         226
  C:25FBH         LINE#         227
  C:25FEH         LINE#         228
  -------         ENDPROC       _I2C_READNBYTE
  -------         ENDMOD        STC8G_H_I2C

  -------         MODULE        STC8G_H_I2C_ISR
  C:0000H         SYMBOL        _ICE_DUMMY_
  D:0080H         PUBLIC        P0
  D:0090H         PUBLIC        P1
  D:00A0H         PUBLIC        P2
  D:00B0H         PUBLIC        P3
  D:00C0H         PUBLIC        P4
  D:00C8H         PUBLIC        P5
  D:00E8H         PUBLIC        P6
  D:00F8H         PUBLIC        P7
  D:00A8H         PUBLIC        IE
  D:00B8H         PUBLIC        IP
BL51 BANKED LINKER/LOCATER V6.22.2.0                                                  09/15/2025  16:32:45  PAGE 49


  C:1A89H         PUBLIC        I2C_ISR_Handler
  D:0098H         PUBLIC        SCON
  D:0088H         PUBLIC        TCON
  B:0021H.3       PUBLIC        DisplayFlag
  D:0070H         PUBLIC        I2CIsr
  D:00D0H         PUBLIC        PSW
  -------         PROC          I2C_ISR_HANDLER
  C:1A89H         LINE#         34
  C:1A98H         LINE#         37
  C:1A9FH         LINE#         38
  C:1A9FH         LINE#         39
  C:1AA3H         LINE#         40
  C:1AA5H         LINE#         41
  C:1AACH         LINE#         42
  C:1AACH         LINE#         43
  C:1AB0H         LINE#         44
  C:1AB4H         LINE#         45
  C:1AB4H         LINE#         46
  C:1AB7H         LINE#         47
  C:1AB9H         LINE#         48
  C:1ABDH         LINE#         49
  C:1ABDH         LINE#         50
  C:1AC0H         LINE#         51
  C:1AC6H         LINE#         52
  C:1AC8H         LINE#         53
  C:1ACAH         LINE#         55
  C:1ACAH         LINE#         56
  C:1ADFH         LINE#         57
  C:1ADFH         LINE#         58
  C:1AE1H         LINE#         59
  C:1AE8H         LINE#         60
  C:1AE8H         LINE#         61
  C:1AECH         LINE#         62
  C:1AF0H         LINE#         63
  C:1AF0H         LINE#         64
  C:1AF6H         LINE#         65
  C:1AF8H         LINE#         67
  C:1AF8H         LINE#         68
  C:1B0AH         LINE#         69
  C:1B0AH         LINE#         70
  C:1B0CH         LINE#         71
  C:1B13H         LINE#         72
  C:1B13H         LINE#         73
  C:1B17H         LINE#         74
  C:1B1AH         LINE#         75
  C:1B1DH         LINE#         76
  C:1B1FH         LINE#         77
  C:1B1FH         LINE#         78
  -------         ENDPROC       I2C_ISR_HANDLER
  -------         ENDMOD        STC8G_H_I2C_ISR

  -------         MODULE        STC8H_RTC
  C:0000H         SYMBOL        _ICE_DUMMY_
  D:0080H         PUBLIC        P0
  D:0090H         PUBLIC        P1
  D:00A0H         PUBLIC        P2
  D:00B0H         PUBLIC        P3
BL51 BANKED LINKER/LOCATER V6.22.2.0                                                  09/15/2025  16:32:45  PAGE 50


  D:00C0H         PUBLIC        P4
  D:00C8H         PUBLIC        P5
  D:00E8H         PUBLIC        P6
  D:00F8H         PUBLIC        P7
  D:00A8H         PUBLIC        IE
  D:00B8H         PUBLIC        IP
  C:1157H         PUBLIC        _RTC_Inilize
  D:0098H         PUBLIC        SCON
  D:0088H         PUBLIC        TCON
  D:00D0H         PUBLIC        PSW
  -------         PROC          _RTC_INILIZE
  D:0001H         SYMBOL        RTCx
  C:1157H         LINE#         22
  C:1157H         LINE#         23
  C:1157H         LINE#         24
  C:1169H         LINE#         25
  C:117BH         LINE#         26
  C:118DH         LINE#         27
  C:119FH         LINE#         28
  C:11B1H         LINE#         29
  C:11C3H         LINE#         30
  C:11D5H         LINE#         31
  C:11E7H         LINE#         32
  C:11F9H         LINE#         33
  C:120CH         LINE#         34
  C:121FH         LINE#         36
  C:1229H         LINE#         37
  C:1233H         LINE#         38
  C:123DH         LINE#         39
  C:1247H         LINE#         40
  C:1251H         LINE#         41
  C:125BH         LINE#         42
  C:1265H         LINE#         44
  C:126FH         LINE#         45
  C:1279H         LINE#         46
  C:127CH         LINE#         47
  C:127FH         LINE#         49
  C:1287H         LINE#         50
  C:1287H         LINE#         52
  C:128DH         LINE#         53
  C:1294H         LINE#         54
  C:129AH         LINE#         55
  C:129CH         LINE#         57
  C:129CH         LINE#         58
  C:12A2H         LINE#         59
  C:12A9H         LINE#         60
  C:12AFH         LINE#         61
  C:12AFH         LINE#         63
  C:12B6H         LINE#         64
  C:12B6H         LINE#         65
  C:12BBH         LINE#         66
  C:12C4H         LINE#         69
  C:12C4H         LINE#         71
  C:12C4H         LINE#         72
  C:12C9H         LINE#         73
  C:12C9H         LINE#         75
  C:12CBH         LINE#         76
BL51 BANKED LINKER/LOCATER V6.22.2.0                                                  09/15/2025  16:32:45  PAGE 51


  -------         ENDPROC       _RTC_INILIZE
  -------         ENDMOD        STC8H_RTC

  -------         MODULE        STC8H_RTC_ISR
  C:0000H         SYMBOL        _ICE_DUMMY_
  D:0080H         PUBLIC        P0
  D:0090H         PUBLIC        P1
  D:00A0H         PUBLIC        P2
  D:00B0H         PUBLIC        P3
  D:00C0H         PUBLIC        P4
  D:00C8H         PUBLIC        P5
  D:00E8H         PUBLIC        P6
  D:00F8H         PUBLIC        P7
  D:00A8H         PUBLIC        IE
  B:0021H.1       PUBLIC        B_Alarm
  D:00B8H         PUBLIC        IP
  B:0021H.2       PUBLIC        B_1S
  B:0080H.0       PUBLIC        P00
  B:0080H.1       PUBLIC        P01
  D:0098H         PUBLIC        SCON
  D:0088H         PUBLIC        TCON
  C:26C7H         PUBLIC        RTC_ISR_Handler
  D:00D0H         PUBLIC        PSW
  -------         PROC          RTC_ISR_HANDLER
  C:26C7H         LINE#         25
  C:26CDH         LINE#         28
  C:26D4H         LINE#         29
  C:26D4H         LINE#         30
  C:26D6H         LINE#         31
  C:26DAH         LINE#         32
  C:26DCH         LINE#         33
  C:26DCH         LINE#         35
  C:26E3H         LINE#         36
  C:26E3H         LINE#         37
  C:26E5H         LINE#         38
  C:26E9H         LINE#         39
  C:26EBH         LINE#         40
  C:26EBH         LINE#         41
  -------         ENDPROC       RTC_ISR_HANDLER
  -------         ENDMOD        STC8H_RTC_ISR

  -------         MODULE        ?C?CLDPTR
  C:0998H         PUBLIC        ?C?CLDPTR
  -------         ENDMOD        ?C?CLDPTR

  -------         MODULE        ?C?CLDOPTR
  C:09B1H         PUBLIC        ?C?CLDOPTR
  -------         ENDMOD        ?C?CLDOPTR

  -------         MODULE        ?C?CSTPTR
  C:09DEH         PUBLIC        ?C?CSTPTR
  -------         ENDMOD        ?C?CSTPTR

  -------         MODULE        ?C?UIDIV
  C:09F0H         PUBLIC        ?C?UIDIV
  -------         ENDMOD        ?C?UIDIV

BL51 BANKED LINKER/LOCATER V6.22.2.0                                                  09/15/2025  16:32:45  PAGE 52


  -------         MODULE        ?C?ILDOPTR
  C:0A45H         PUBLIC        ?C?ILDOPTR
  -------         ENDMOD        ?C?ILDOPTR

  -------         MODULE        ?C?ISTOPTR
  C:0A7DH         PUBLIC        ?C?ISTOPTR
  -------         ENDMOD        ?C?ISTOPTR

  -------         MODULE        ?C?ULDIV
  C:0AE6H         PUBLIC        ?C?ULDIV
  -------         ENDMOD        ?C?ULDIV

  -------         MODULE        ?C?ULCMP
  C:0B78H         PUBLIC        ?C?ULCMP
  -------         ENDMOD        ?C?ULCMP

  -------         MODULE        ?C?ULSHR
  C:0B89H         PUBLIC        ?C?ULSHR
  -------         ENDMOD        ?C?ULSHR

  -------         MODULE        ?C?LLDOPTR0
  C:0B9CH         PUBLIC        ?C?LLDOPTR0
  -------         ENDMOD        ?C?LLDOPTR0

  -------         MODULE        ?C?LILDIDATA
  C:0BD5H         PUBLIC        ?C?LILDIDATA
  C:0BCCH         PUBLIC        ?C?LILDIDATA1
  C:0BCEH         PUBLIC        ?C?LILDIDATA8
  -------         ENDMOD        ?C?LILDIDATA

  -------         MODULE        PRINTF
  D:000CH         PUBLIC        ?_PRINTF517?BYTE
  D:000CH         PUBLIC        ?_PRINTF?BYTE
  D:000CH         PUBLIC        ?_SPRINTF517?BYTE
  D:000CH         PUBLIC        ?_SPRINTF?BYTE
  C:069EH         PUBLIC        _PRINTF
  C:069EH         PUBLIC        _PRINTF517
  C:0698H         PUBLIC        _SPRINTF
  C:0698H         PUBLIC        _SPRINTF517
  -------         ENDMOD        PRINTF

  -------         MODULE        ?C?LLDIDATA0
  C:0BECH         PUBLIC        ?C?LLDIDATA0
  -------         ENDMOD        ?C?LLDIDATA0

  -------         MODULE        ?C?LLDXDATA0
  C:0BF9H         PUBLIC        ?C?LLDXDATA0
  -------         ENDMOD        ?C?LLDXDATA0

  -------         MODULE        ?C?LLDPDATA0
  C:0C05H         PUBLIC        ?C?LLDPDATA0
  -------         ENDMOD        ?C?LLDPDATA0

  -------         MODULE        ?C?LLDCODE0
  C:0C12H         PUBLIC        ?C?LLDCODE0
  -------         ENDMOD        ?C?LLDCODE0

BL51 BANKED LINKER/LOCATER V6.22.2.0                                                  09/15/2025  16:32:45  PAGE 53


  -------         MODULE        ?C?PLDIIDATA
  C:0C22H         PUBLIC        ?C?PLDIIDATA
  -------         ENDMOD        ?C?PLDIIDATA

  -------         MODULE        ?C?CCASE
  C:0C32H         PUBLIC        ?C?CCASE
  -------         ENDMOD        ?C?CCASE

Program Size: data=121.4 xdata=893 code=10720
LINK/LOCATE RUN COMPLETE.  0 WARNING(S),  0 ERROR(S)
