BL51 BANKED LINKER/LOCATER V6.22.2.0                                                    09/18/2025  19:01:36  PAGE 1


BL51 BANKED LINKER/LOCATER V6.22.2.0, INVOKED BY:
D:\WORK\KEIL\ARM\C51\BIN\BL51.EXE .\Objects\STARTUP.obj, .\Objects\main.obj, .\Objects\config.obj, .\Objects\StateMachin
>> e.obj, .\Objects\BEEP.obj, .\Objects\KEY.obj, .\Objects\Digitalled.obj, .\Objects\encoder.obj, .\Objects\uart.obj, .\
>> Objects\filtering.obj, .\Objects\IIC.obj, .\Objects\touch.obj, .\Objects\LCD_BASE.obj, .\Objects\LCD_DISPLAY.obj, .\O
>> bjects\Picture.obj, .\Objects\STC8G_H_GPIO.obj, .\Objects\STC8G_H_Delay.obj, .\Objects\STC8G_H_Exti.obj, .\Objects\ST
>> C8G_H_NVIC.obj, .\Objects\STC8G_H_Exti_Isr.obj, .\Objects\STC8G_H_Timer.obj, .\Objects\STC8G_H_Timer_Isr.obj, .\Objec
>> ts\STC8G_H_UART.obj, .\Objects\STC8G_H_UART_Isr.obj, .\Objects\STC8G_H_ADC.obj, .\Objects\STC8G_H_ADC_Isr.obj, .\Obje
>> cts\STC8G_H_I2C.obj, .\Objects\STC8G_H_I2C_Isr.obj, .\Objects\STC8H_RTC.obj, .\Objects\STC8H_RTC_Isr.obj, .\Objects\S
>> TC8G_H_SPI_Isr.obj, .\Objects\STC8G_H_SPI.obj TO .\Objects\STC8H PRINT (.\Listings\STC8H.m51) RAMSIZE (256) DISABLEWA
>> RNING (16)


MEMORY MODEL: LARGE WITH FLOATING POINT ARITHMETIC


INPUT MODULES INCLUDED:
  .\Objects\STARTUP.obj (?C_STARTUP)
  .\Objects\main.obj (MAIN)
  .\Objects\config.obj (CONFIG)
  .\Objects\StateMachine.obj (STATEMACHINE)
  .\Objects\BEEP.obj (BEEP)
  .\Objects\KEY.obj (KEY)
  .\Objects\Digitalled.obj (DIGITALLED)
  .\Objects\encoder.obj (ENCODER)
  .\Objects\uart.obj (UART)
  .\Objects\filtering.obj (FILTERING)
  .\Objects\IIC.obj (IIC)
  .\Objects\touch.obj (TOUCH)
  .\Objects\LCD_BASE.obj (LCD_BASE)
  .\Objects\LCD_DISPLAY.obj (LCD_DISPLAY)
  .\Objects\Picture.obj (PICTURE)
  .\Objects\STC8G_H_GPIO.obj (STC8G_H_GPIO)
  .\Objects\STC8G_H_Delay.obj (STC8G_H_DELAY)
  .\Objects\STC8G_H_Exti.obj (STC8G_H_EXTI)
  .\Objects\STC8G_H_NVIC.obj (STC8G_H_NVIC)
  .\Objects\STC8G_H_Exti_Isr.obj (STC8G_H_EXTI_ISR)
  .\Objects\STC8G_H_Timer.obj (STC8G_H_TIMER)
  .\Objects\STC8G_H_Timer_Isr.obj (STC8G_H_TIMER_ISR)
  .\Objects\STC8G_H_UART.obj (STC8G_H_UART)
  .\Objects\STC8G_H_UART_Isr.obj (STC8G_H_UART_ISR)
  .\Objects\STC8G_H_ADC.obj (STC8G_H_ADC)
  .\Objects\STC8G_H_ADC_Isr.obj (STC8G_H_ADC_ISR)
  .\Objects\STC8G_H_I2C.obj (STC8G_H_I2C)
  .\Objects\STC8G_H_I2C_Isr.obj (STC8G_H_I2C_ISR)
  .\Objects\STC8H_RTC.obj (STC8H_RTC)
  .\Objects\STC8H_RTC_Isr.obj (STC8H_RTC_ISR)
  .\Objects\STC8G_H_SPI_Isr.obj (STC8G_H_SPI_ISR)
  .\Objects\STC8G_H_SPI.obj (STC8G_H_SPI)
  D:\WORK\KEIL\ARM\C51\LIB\C51FPL.LIB (?C?FPMUL)
  D:\WORK\KEIL\ARM\C51\LIB\C51FPL.LIB (?C?FPDIV)
  D:\WORK\KEIL\ARM\C51\LIB\C51FPL.LIB (?C?FCAST)
  D:\WORK\KEIL\ARM\C51\LIB\C51FPL.LIB (?C?CASTF)
  D:\WORK\KEIL\ARM\C51\LIB\C51FPL.LIB (PRINTF)
  D:\WORK\KEIL\ARM\C51\LIB\C51FPL.LIB (?C?FPGETOPN)
  D:\WORK\KEIL\ARM\C51\LIB\C51FPL.LIB (?C?FPROUND)
  D:\WORK\KEIL\ARM\C51\LIB\C51FPL.LIB (?C?FPCONVERT)
  D:\WORK\KEIL\ARM\C51\LIB\C51FPL.LIB (?C?FPADD)
  D:\WORK\KEIL\ARM\C51\LIB\C51FPL.LIB (?C?FTNPWR)
BL51 BANKED LINKER/LOCATER V6.22.2.0                                                  09/18/2025  19:01:36  PAGE 2


  D:\WORK\KEIL\ARM\C51\LIB\C51L.LIB (?C_INIT)
  D:\WORK\KEIL\ARM\C51\LIB\C51L.LIB (?C?CLDPTR)
  D:\WORK\KEIL\ARM\C51\LIB\C51L.LIB (?C?CLDOPTR)
  D:\WORK\KEIL\ARM\C51\LIB\C51L.LIB (?C?CSTPTR)
  D:\WORK\KEIL\ARM\C51\LIB\C51L.LIB (?C?IMUL)
  D:\WORK\KEIL\ARM\C51\LIB\C51L.LIB (?C?UIDIV)
  D:\WORK\KEIL\ARM\C51\LIB\C51L.LIB (?C?IILDX)
  D:\WORK\KEIL\ARM\C51\LIB\C51L.LIB (?C?ILDIX)
  D:\WORK\KEIL\ARM\C51\LIB\C51L.LIB (?C?ILDOPTR)
  D:\WORK\KEIL\ARM\C51\LIB\C51L.LIB (?C?ISTOPTR)
  D:\WORK\KEIL\ARM\C51\LIB\C51L.LIB (?C?LMUL)
  D:\WORK\KEIL\ARM\C51\LIB\C51L.LIB (?C?ULDIV)
  D:\WORK\KEIL\ARM\C51\LIB\C51L.LIB (?C?LNEG)
  D:\WORK\KEIL\ARM\C51\LIB\C51L.LIB (?C?ULCMP)
  D:\WORK\KEIL\ARM\C51\LIB\C51L.LIB (?C?ULSHR)
  D:\WORK\KEIL\ARM\C51\LIB\C51L.LIB (?C?LLDOPTR0)
  D:\WORK\KEIL\ARM\C51\LIB\C51L.LIB (?C?LILDXDATA)
  D:\WORK\KEIL\ARM\C51\LIB\C51L.LIB (?C?LSTXDATA)
  D:\WORK\KEIL\ARM\C51\LIB\C51L.LIB (?C?LSTKXDATA)
  D:\WORK\KEIL\ARM\C51\LIB\C51L.LIB (?C?OFFXADD)
  D:\WORK\KEIL\ARM\C51\LIB\C51L.LIB (?C?PLDIXDATA)
  D:\WORK\KEIL\ARM\C51\LIB\C51L.LIB (?C?PSTXDATA)
  D:\WORK\KEIL\ARM\C51\LIB\C51L.LIB (?C?CCASE)
  D:\WORK\KEIL\ARM\C51\LIB\C51L.LIB (?C?LLDIDATA0)
  D:\WORK\KEIL\ARM\C51\LIB\C51L.LIB (?C?LLDXDATA0)
  D:\WORK\KEIL\ARM\C51\LIB\C51L.LIB (?C?LLDPDATA0)
  D:\WORK\KEIL\ARM\C51\LIB\C51L.LIB (?C?LLDCODE0)


LINK MAP OF MODULE:  .\Objects\STC8H (?C_STARTUP)


            TYPE    BASE      LENGTH    RELOCATION   SEGMENT NAME
            -----------------------------------------------------

            * * * * * * *   D A T A   M E M O R Y   * * * * * * *
            REG     0000H     0008H     ABSOLUTE     "REG BANK 0"
            DATA    0008H     0005H     UNIT         _DATA_GROUP_
                    000DH     0013H                  *** GAP ***
            BIT     0020H.0   0001H.1   UNIT         _BIT_GROUP_
            BIT     0021H.1   0000H.2   UNIT         ?BI?STC8H_RTC_ISR
            BIT     0021H.3   0000H.1   UNIT         ?BI?STC8G_H_I2C_ISR
            BIT     0021H.4   0000H.1   UNIT         ?BI?STC8G_H_SPI
                    0021H.5   0000H.3                *** GAP ***
            IDATA   0022H     0001H     UNIT         ?STACK

            * * * * * * *  X D A T A   M E M O R Y  * * * * * * *
            XDATA   0000H     02D4H     UNIT         ?XD?STC8G_H_UART
            XDATA   02D4H     00ABH     UNIT         ?XD?IIC
            XDATA   037FH     0081H     UNIT         ?XD?STC8G_H_SPI
            XDATA   0400H     006DH     UNIT         _XDATA_GROUP_
            XDATA   046DH     006CH     UNIT         ?XD?MAIN
            XDATA   04D9H     0018H     UNIT         ?XD?_LCD_SHOWPICTUREBW?LCD_BASE
            XDATA   04F1H     0015H     UNIT         ?XD?TOUCH
            XDATA   0506H     0014H     UNIT         ?XD?_LCD_SHOWFLOATNUM3?LCD_BASE
            XDATA   051AH     000DH     UNIT         ?XD?_LCD_SHOWCHINESE?LCD_BASE
            XDATA   0527H     000DH     UNIT         ?XD?_LCD_SHOWSTRING?LCD_BASE
BL51 BANKED LINKER/LOCATER V6.22.2.0                                                  09/18/2025  19:01:36  PAGE 3


            XDATA   0534H     0008H     UNIT         ?XD?STATEMACHINE
            XDATA   053CH     0008H     UNIT         ?XD?STC8G_H_TIMER_ISR
            XDATA   0544H     0008H     UNIT         ?XD?STC8G_H_I2C
            XDATA   054CH     0006H     UNIT         ?XD?_I2C_WRITENBYTE?STC8G_H_I2C
            XDATA   0552H     0006H     UNIT         ?XD?_I2C_READNBYTE?STC8G_H_I2C
            XDATA   0558H     0005H     UNIT         ?XD?SINGLEKEY?KEY
            XDATA   055DH     0005H     UNIT         ?XD?_DISPLAY_TIME?DIGITALLED
            XDATA   0562H     0005H     UNIT         ?XD?_DISPLAY_DAY?DIGITALLED
            XDATA   0567H     0005H     UNIT         ?XD?_DISPLAYANYNUM?DIGITALLED
            XDATA   056CH     0003H     UNIT         ?XD?STC8G_H_I2C_ISR
            XDATA   056FH     0001H     UNIT         ?XD?EXTI_CONFIG?CONFIG
            XDATA   0570H     0001H     UNIT         ?XD?DIGITALLED
            XDATA   0571H     0001H     UNIT         ?XD?UART1TX_UART2RX?UART
            XDATA   0572H     0001H     UNIT         ?XD?STC8G_H_EXTI_ISR
            XDATA   0573H     0001H     UNIT         ?XD?STC8G_H_SPI_ISR

            * * * * * * *   C O D E   M E M O R Y   * * * * * * *
            CODE    0000H     0003H     ABSOLUTE     
            CODE    0003H     0003H     ABSOLUTE     
            CODE    0006H     0005H     UNIT         ?PR?_PUTCHAR?STC8G_H_UART
            CODE    000BH     0003H     ABSOLUTE     
            CODE    000EH     0004H     UNIT         ?PR?ADC_ISR_HANDLER?STC8G_H_ADC_ISR
            CODE    0012H     0001H     UNIT         ?PR?INT1_ISR_HANDLER?STC8G_H_EXTI_ISR
            CODE    0013H     0003H     ABSOLUTE     
            CODE    0016H     0001H     UNIT         ?PR?INT2_ISR_HANDLER?STC8G_H_EXTI_ISR
                    0017H     0004H                  *** GAP ***
            CODE    001BH     0003H     ABSOLUTE     
                    001EH     0005H                  *** GAP ***
            CODE    0023H     0003H     ABSOLUTE     
                    0026H     0005H                  *** GAP ***
            CODE    002BH     0003H     ABSOLUTE     
            CODE    002EH     0015H     UNIT         ?PR?INT0_ISR_HANDLER?STC8G_H_EXTI_ISR
            CODE    0043H     0003H     ABSOLUTE     
                    0046H     0005H                  *** GAP ***
            CODE    004BH     0003H     ABSOLUTE     
                    004EH     0005H                  *** GAP ***
            CODE    0053H     0003H     ABSOLUTE     
                    0056H     0005H                  *** GAP ***
            CODE    005BH     0003H     ABSOLUTE     
                    005EH     0005H                  *** GAP ***
            CODE    0063H     0003H     ABSOLUTE     
            CODE    0066H     001DH     UNIT         ?PR?_NVIC_INT3_INIT?STC8G_H_NVIC
            CODE    0083H     0003H     ABSOLUTE     
                    0086H     0005H                  *** GAP ***
            CODE    008BH     0003H     ABSOLUTE     
                    008EH     0005H                  *** GAP ***
            CODE    0093H     0003H     ABSOLUTE     
                    0096H     0005H                  *** GAP ***
            CODE    009BH     0003H     ABSOLUTE     
                    009EH     0005H                  *** GAP ***
            CODE    00A3H     0003H     ABSOLUTE     
            CODE    00A6H     001CH     UNIT         ?PR?_NVIC_INT2_INIT?STC8G_H_NVIC
                    00C2H     0001H                  *** GAP ***
            CODE    00C3H     0003H     ABSOLUTE     
            CODE    00C6H     0055H     UNIT         ?PR?_NVIC_TIMER0_INIT?STC8G_H_NVIC
            CODE    011BH     0003H     ABSOLUTE     
                    011EH     0005H                  *** GAP ***
BL51 BANKED LINKER/LOCATER V6.22.2.0                                                  09/18/2025  19:01:36  PAGE 4


            CODE    0123H     0003H     ABSOLUTE     
            CODE    0126H     001BH     UNIT         ?PR?_IAPERASE?IIC
                    0141H     0002H                  *** GAP ***
            CODE    0143H     0003H     ABSOLUTE     
            CODE    0146H     7080H     UNIT         ?CO?PICTURE
            CODE    71C6H     218EH     UNIT         ?CO?LCD_BASE
            CODE    9354H     0CDBH     UNIT         ?PR?_PAGE_CONTENT1_2_3?LCD_DISPLAY
            CODE    A02FH     08D8H     UNIT         ?C?LIB_CODE
            CODE    A907H     066EH     UNIT         ?PR?_UART_CONFIGURATION?STC8G_H_UART
            CODE    AF75H     060AH     UNIT         ?PR?_GETSTATE?STATEMACHINE
            CODE    B57FH     04FCH     UNIT         ?PR?_PAGE_CONTENT_1?LCD_DISPLAY
            CODE    BA7BH     0483H     UNIT         ?PR?PRINTF?PRINTF
            CODE    BEFEH     029AH     UNIT         ?PR?_LCD_SHOWFLOATNUM3?LCD_BASE
            CODE    C198H     028BH     UNIT         ?PR?_LCD_SHOWFLOATNUM2?LCD_BASE
            CODE    C423H     0288H     UNIT         ?PR?_TIMER_INILIZE?STC8G_H_TIMER
            CODE    C6ABH     0283H     UNIT         ?PR?_LCD_SHOWCHINESE16X16?LCD_BASE
            CODE    C92EH     0277H     UNIT         ?PR?_GPIO_INILIZE?STC8G_H_GPIO
            CODE    CBA5H     025FH     UNIT         ?PR?_STATEMACHINE?STATEMACHINE
            CODE    CE04H     022CH     UNIT         ?PR?_LCD_SHOWCHINESE24X24?LCD_BASE
            CODE    D030H     01FBH     UNIT         ?PR?_LCD_SHOWCHAR?LCD_BASE
            CODE    D22BH     01EDH     UNIT         ?PR?_LCD_DRAWLINE?LCD_BASE
            CODE    D418H     01B9H     UNIT         ?PR?_SHOW_STRINGANDCHINESE?LCD_BASE
            CODE    D5D1H     01B8H     UNIT         ?PR?_LCD_SHOWPICTUREBW?LCD_BASE
            CODE    D789H     019FH     UNIT         ?PR?IIC_60S?IIC
            CODE    D928H     0181H     UNIT         ?PR?GETTOUCHVAL?TOUCH
            CODE    DAA9H     0178H     UNIT         ?PR?MAIN?MAIN
            CODE    DC21H     0175H     UNIT         ?PR?_RTC_INILIZE?STC8H_RTC
            CODE    DD96H     013BH     UNIT         ?PR?LCD_INIT?LCD_DISPLAY
            CODE    DED1H     012FH     UNIT         ?PR?_LCD_SHOWINTNUM?LCD_BASE
            CODE    E000H     012DH     UNIT         ?PR?_MEDIAN_FILTER?FILTERING
            CODE    E12DH     0120H     UNIT         ?PR?_LCD_SHOWPICTURE?LCD_BASE
            CODE    E24DH     011DH     UNIT         ?PR?_SORT?UART
            CODE    E36AH     00E9H     UNIT         ?PR?_DISPLAYANYNUM?DIGITALLED
            CODE    E453H     00E5H     UNIT         ?PR?_LCD_SHOWCHINESE?LCD_BASE
            CODE    E538H     00C7H     UNIT         ?PR?TIMER_CONFIG?CONFIG
            CODE    E5FFH     00BBH     UNIT         ?PR?VEP_ALL_DISPLAY?LCD_DISPLAY
            CODE    E6BAH     00BAH     UNIT         ?PR?_DISPLAY_TIME?DIGITALLED
            CODE    E774H     00BAH     UNIT         ?PR?_DISPLAY_DAY?DIGITALLED
            CODE    E82EH     00B0H     UNIT         ?PR?I2C_ISR_HANDLER?STC8G_H_I2C_ISR
            CODE    E8DEH     00A5H     UNIT         ?PR?UART1TX_UART2RX?UART
            CODE    E983H     00A1H     UNIT         ?PR?SINGLEKEY?KEY
            CODE    EA24H     0098H     UNIT         ?PR?_NVIC_PWM_INIT?STC8G_H_NVIC
            CODE    EABCH     0091H     UNIT         ?PR?_LCD_FILL?LCD_BASE
            CODE    EB4DH     008CH     UNIT         ?C_C51STARTUP
            CODE    EBD9H     008AH     UNIT         ?PR?_LCD_SHOWSTRING?LCD_BASE
            CODE    EC63H     0088H     UNIT         ?PR?_LCD_FILL_BLACK?LCD_BASE
            CODE    ECEBH     0084H     UNIT         ?PR?_GET_ADCRESULT?STC8G_H_ADC
            CODE    ED6FH     0080H     UNIT         ?PR?_SPI_INIT?STC8G_H_SPI
            CODE    EDEFH     007CH     UNIT         ?PR?_I2C_INIT?STC8G_H_I2C
            CODE    EE6BH     0076H     UNIT         ?PR?GPIO_CONFIG?CONFIG
            CODE    EEE1H     006FH     UNIT         ?PR?_NVIC_I2C_INIT?STC8G_H_NVIC
            CODE    EF50H     0064H     UNIT         ?PR?_ADC_INILIZE?STC8G_H_ADC
            CODE    EFB4H     0060H     UNIT         ?PR?UART_CONFIG?CONFIG
            CODE    F014H     005EH     UNIT         ?CO?LCD_DISPLAY
            CODE    F072H     005DH     UNIT         ?PR?TOUCH_ISR?TOUCH
            CODE    F0CFH     005DH     UNIT         ?PR?_NVIC_UART3_INIT?STC8G_H_NVIC
            CODE    F12CH     005BH     UNIT         ?PR?_NVIC_UART4_INIT?STC8G_H_NVIC
BL51 BANKED LINKER/LOCATER V6.22.2.0                                                  09/18/2025  19:01:36  PAGE 5


            CODE    F187H     005AH     UNIT         ?PR?_NVIC_CMP_INIT?STC8G_H_NVIC
            CODE    F1E1H     005AH     UNIT         ?PR?_NVIC_SPI_INIT?STC8G_H_NVIC
            CODE    F23BH     0058H     UNIT         ?PR?_MYPOW?LCD_BASE
            CODE    F293H     0058H     UNIT         ?PR?UART3_ISR_HANDLER?STC8G_H_UART_ISR
            CODE    F2EBH     0058H     UNIT         ?PR?UART4_ISR_HANDLER?STC8G_H_UART_ISR
            CODE    F343H     0056H     UNIT         ?PR?_NVIC_UART2_INIT?STC8G_H_NVIC
            CODE    F399H     0056H     UNIT         ?PR?UART2_ISR_HANDLER?STC8G_H_UART_ISR
            CODE    F3EFH     0055H     UNIT         ?PR?_NVIC_TIMER1_INIT?STC8G_H_NVIC
            CODE    F444H     0055H     UNIT         ?PR?_NVIC_INT0_INIT?STC8G_H_NVIC
            CODE    F499H     0055H     UNIT         ?PR?_NVIC_INT1_INIT?STC8G_H_NVIC
            CODE    F4EEH     0055H     UNIT         ?PR?_NVIC_ADC_INIT?STC8G_H_NVIC
            CODE    F543H     0055H     UNIT         ?PR?_NVIC_UART1_INIT?STC8G_H_NVIC
            CODE    F598H     0050H     UNIT         ?PR?UART1_ISR_HANDLER?STC8G_H_UART_ISR
            CODE    F5E8H     004EH     UNIT         ?PR?RTC_ISR_HANDLER?STC8H_RTC_ISR
            CODE    F636H     004DH     UNIT         ?PR?SPI_ISR_HANDLER?STC8G_H_SPI_ISR
            CODE    F683H     004BH     UNIT         ?PR?TIMER0_ISR_HANDLER?STC8G_H_TIMER_ISR
            CODE    F6CEH     004AH     UNIT         ?PR?EXTI_CONFIG?CONFIG
            CODE    F718H     004AH     UNIT         ?PR?PAGE_CONTENT1_2?LCD_DISPLAY
            CODE    F762H     0048H     UNIT         ?PR?_LCD_DRAWPOINT?LCD_BASE
            CODE    F7AAH     0047H     UNIT         ?PR?_NVIC_RTC_INIT?STC8G_H_NVIC
            CODE    F7F1H     0044H     UNIT         ?PR?RTC_CONFIG?CONFIG
            CODE    F835H     0039H     UNIT         ?PR?_LCD_ADDRESS_SET?LCD_BASE
            CODE    F86EH     0039H     UNIT         ?PR?_I2C_READNBYTE?STC8G_H_I2C
            CODE    F8A7H     0038H     UNIT         ?PR?_EXT_INILIZE?STC8G_H_EXTI
            CODE    F8DFH     0034H     UNIT         ?CO?STATEMACHINE
            CODE    F913H     0033H     UNIT         ?PR?_I2C_WRITENBYTE?STC8G_H_I2C
            CODE    F946H     0031H     UNIT         ?PR?_BEEPMS?BEEP
            CODE    F977H     002FH     UNIT         ?PR?I2C_CONFIG?CONFIG
            CODE    F9A6H     002EH     UNIT         ?PR?SPI_CONFIG?CONFIG
            CODE    F9D4H     002BH     UNIT         ?PR?ADC_CONFIG?CONFIG
            CODE    F9FFH     002BH     UNIT         ?PR?_NVIC_TIMER4_INIT?STC8G_H_NVIC
            CODE    FA2AH     002AH     UNIT         ?PR?_NVIC_TIMER2_INIT?STC8G_H_NVIC
            CODE    FA54H     002AH     UNIT         ?PR?_NVIC_TIMER3_INIT?STC8G_H_NVIC
            CODE    FA7EH     0023H     UNIT         ?PR?EXT_INTP3_ISR_HANDLER?STC8G_H_EXTI_ISR
            CODE    FAA1H     0021H     UNIT         ?C_INITSEG
            CODE    FAC2H     0021H     UNIT         ?PR?TOUCH_CONFIG?TOUCH
            CODE    FAE3H     0020H     UNIT         ?PR?_IAPREAD?IIC
            CODE    FB03H     001FH     UNIT         ?PR?_LAPPROGRAM?IIC
            CODE    FB22H     001EH     UNIT         ?PR?_NVIC_INT4_INIT?STC8G_H_NVIC
            CODE    FB40H     001AH     UNIT         ?PR?_HC595WRITEBYTE?DIGITALLED
            CODE    FB5AH     0019H     UNIT         ?PR?_DISPLAYNUM?DIGITALLED
            CODE    FB73H     0018H     UNIT         ?CO?DIGITALLED
            CODE    FB8BH     0017H     UNIT         ?PR?BEEP_INIT?BEEP
            CODE    FBA2H     0017H     UNIT         ?PR?_DELAY_MS?STC8G_H_DELAY
            CODE    FBB9H     0017H     UNIT         ?PR?RECVACK?STC8G_H_I2C
            CODE    FBD0H     0016H     UNIT         ?PR?KEY_INIT?KEY
            CODE    FBE6H     0016H     UNIT         ?PR?_LCD_WR_DATA8?LCD_BASE
            CODE    FBFCH     0015H     UNIT         ?PR?INT3_ISR_HANDLER?STC8G_H_EXTI_ISR
            CODE    FC11H     0015H     UNIT         ?PR?TIMER2_ISR_HANDLER?STC8G_H_TIMER_ISR
            CODE    FC26H     0015H     UNIT         ?PR?TIMER3_ISR_HANDLER?STC8G_H_TIMER_ISR
            CODE    FC3BH     0015H     UNIT         ?PR?TIMER4_ISR_HANDLER?STC8G_H_TIMER_ISR
            CODE    FC50H     0013H     UNIT         ?PR?_LCD_WR_DATA?LCD_BASE
            CODE    FC63H     0013H     UNIT         ?PR?INT4_ISR_HANDLER?STC8G_H_EXTI_ISR
            CODE    FC76H     0013H     UNIT         ?PR?TIMER1_ISR_HANDLER?STC8G_H_TIMER_ISR
            CODE    FC89H     0013H     UNIT         ?PR?_PRINTSTRING1?STC8G_H_UART
            CODE    FC9CH     0013H     UNIT         ?PR?_PRINTSTRING2?STC8G_H_UART
            CODE    FCAFH     0013H     UNIT         ?PR?_PRINTSTRING3?STC8G_H_UART
BL51 BANKED LINKER/LOCATER V6.22.2.0                                                  09/18/2025  19:01:36  PAGE 6


            CODE    FCC2H     0013H     UNIT         ?PR?_PRINTSTRING4?STC8G_H_UART
            CODE    FCD5H     0011H     UNIT         ?PR?_SPI_SETMODE?STC8G_H_SPI
            CODE    FCE6H     000FH     UNIT         ?PR?_TX1_WRITE2BUFF?STC8G_H_UART
            CODE    FCF5H     000FH     UNIT         ?PR?_TX2_WRITE2BUFF?STC8G_H_UART
            CODE    FD04H     000FH     UNIT         ?PR?_TX3_WRITE2BUFF?STC8G_H_UART
            CODE    FD13H     000FH     UNIT         ?PR?_TX4_WRITE2BUFF?STC8G_H_UART
            CODE    FD22H     000FH     UNIT         ?PR?RECVDATA?STC8G_H_I2C
            CODE    FD31H     000FH     UNIT         ?PR?SENDNAK?STC8G_H_I2C
            CODE    FD40H     000EH     UNIT         ?PR?_SENDDATA?STC8G_H_I2C
            CODE    FD4EH     000EH     UNIT         ?PR?SENDACK?STC8G_H_I2C
            CODE    FD5CH     000DH     UNIT         ?PR?IAPIDLE?IIC
            CODE    FD69H     000DH     UNIT         ?PR?_ADC_POWERCONTROL?STC8G_H_ADC
            CODE    FD76H     000DH     UNIT         ?PR?_SENDCMDDATA?STC8G_H_I2C
            CODE    FD83H     000CH     UNIT         ?CO?IIC
            CODE    FD8FH     000CH     UNIT         ?PR?WAIT?STC8G_H_I2C
            CODE    FD9BH     0009H     UNIT         ?CO?UART
            CODE    FDA4H     0009H     UNIT         ?PR?START?STC8G_H_I2C
            CODE    FDADH     0009H     UNIT         ?PR?STOP?STC8G_H_I2C
            CODE    FDB6H     0008H     UNIT         ?CO?MAIN
            CODE    FDBEH     0008H     UNIT         ?PR?_LCD_WRIT_BUS?LCD_BASE
            CODE    FDC6H     0008H     UNIT         ?PR?_LCD_WR_REG?LCD_BASE
            CODE    FDCEH     0008H     UNIT         ?PR?GET_MSBUSY_STATUS?STC8G_H_I2C
            CODE    FDD6H     0008H     UNIT         ?PR?_SPI_WRITEBYTE?STC8G_H_SPI



OVERLAY MAP OF MODULE:   .\Objects\STC8H (?C_STARTUP)


SEGMENT                                             BIT_GROUP          DATA_GROUP          XDATA_GROUP
  +--> CALLED SEGMENT                            START    LENGTH     START    LENGTH     START    LENGTH
--------------------------------------------------------------------------------------------------------
?C_C51STARTUP                                    -----    -----      -----    -----      -----    -----
  +--> ?PR?MAIN?MAIN
  +--> ?C_INITSEG

?PR?MAIN?MAIN                                    -----    -----      -----    -----      -----    -----
  +--> ?PR?GPIO_CONFIG?CONFIG
  +--> ?PR?BEEP_INIT?BEEP
  +--> ?PR?KEY_INIT?KEY
  +--> ?PR?TIMER_CONFIG?CONFIG
  +--> ?PR?UART_CONFIG?CONFIG
  +--> ?PR?ADC_CONFIG?CONFIG
  +--> ?PR?I2C_CONFIG?CONFIG
  +--> ?PR?TOUCH_CONFIG?TOUCH
  +--> ?PR?RTC_CONFIG?CONFIG
  +--> ?PR?SPI_CONFIG?CONFIG
  +--> ?PR?_DELAY_MS?STC8G_H_DELAY
  +--> ?PR?LCD_INIT?LCD_DISPLAY
  +--> ?PR?_LCD_FILL_BLACK?LCD_BASE
  +--> ?PR?_PAGE_CONTENT_1?LCD_DISPLAY
  +--> ?PR?_MEDIAN_FILTER?FILTERING
  +--> ?PR?GETTOUCHVAL?TOUCH
  +--> ?PR?_GETSTATE?STATEMACHINE
  +--> ?PR?_STATEMACHINE?STATEMACHINE
  +--> ?PR?_BEEPMS?BEEP

BL51 BANKED LINKER/LOCATER V6.22.2.0                                                  09/18/2025  19:01:36  PAGE 7


?PR?GPIO_CONFIG?CONFIG                           -----    -----      -----    -----      0400H    0002H
  +--> ?PR?_GPIO_INILIZE?STC8G_H_GPIO

?PR?BEEP_INIT?BEEP                               -----    -----      -----    -----      0400H    0002H
  +--> ?PR?_GPIO_INILIZE?STC8G_H_GPIO

?PR?KEY_INIT?KEY                                 -----    -----      -----    -----      0400H    0002H
  +--> ?PR?_GPIO_INILIZE?STC8G_H_GPIO

?PR?TIMER_CONFIG?CONFIG                          -----    -----      -----    -----      0400H    0007H
  +--> ?PR?_TIMER_INILIZE?STC8G_H_TIMER
  +--> ?PR?_NVIC_TIMER0_INIT?STC8G_H_NVIC
  +--> ?PR?_NVIC_TIMER1_INIT?STC8G_H_NVIC
  +--> ?PR?_NVIC_TIMER2_INIT?STC8G_H_NVIC
  +--> ?PR?_NVIC_TIMER3_INIT?STC8G_H_NVIC
  +--> ?PR?_NVIC_TIMER4_INIT?STC8G_H_NVIC

?PR?UART_CONFIG?CONFIG                           -----    -----      -----    -----      0400H    0009H
  +--> ?PR?_UART_CONFIGURATION?STC8G_H_UART
  +--> ?PR?_NVIC_UART1_INIT?STC8G_H_NVIC
  +--> ?PR?_NVIC_UART2_INIT?STC8G_H_NVIC

?PR?_UART_CONFIGURATION?STC8G_H_UART             -----    -----      -----    -----      0409H    000AH

?PR?ADC_CONFIG?CONFIG                            -----    -----      -----    -----      0400H    0005H
  +--> ?PR?_ADC_INILIZE?STC8G_H_ADC
  +--> ?PR?_ADC_POWERCONTROL?STC8G_H_ADC
  +--> ?PR?_NVIC_ADC_INIT?STC8G_H_NVIC

?PR?I2C_CONFIG?CONFIG                            -----    -----      -----    -----      0400H    0006H
  +--> ?PR?_I2C_INIT?STC8G_H_I2C
  +--> ?PR?_NVIC_I2C_INIT?STC8G_H_NVIC

?PR?RTC_CONFIG?CONFIG                            -----    -----      -----    -----      0400H    000DH
  +--> ?PR?_RTC_INILIZE?STC8H_RTC
  +--> ?PR?_NVIC_RTC_INIT?STC8G_H_NVIC

?PR?SPI_CONFIG?CONFIG                            -----    -----      -----    -----      0400H    0007H
  +--> ?PR?_SPI_INIT?STC8G_H_SPI
  +--> ?PR?_NVIC_SPI_INIT?STC8G_H_NVIC

?PR?LCD_INIT?LCD_DISPLAY                         -----    -----      -----    -----      -----    -----
  +--> ?PR?_DELAY_MS?STC8G_H_DELAY
  +--> ?PR?_LCD_WR_REG?LCD_BASE
  +--> ?PR?_LCD_WR_DATA8?LCD_BASE

?PR?_LCD_WR_REG?LCD_BASE                         -----    -----      -----    -----      -----    -----
  +--> ?PR?_LCD_WRIT_BUS?LCD_BASE

?PR?_LCD_WR_DATA8?LCD_BASE                       -----    -----      -----    -----      -----    -----
  +--> ?PR?_LCD_WRIT_BUS?LCD_BASE

?PR?_LCD_FILL_BLACK?LCD_BASE                     -----    -----      -----    -----      0403H    0008H
  +--> ?PR?_LCD_ADDRESS_SET?LCD_BASE
  +--> ?PR?_LCD_WRIT_BUS?LCD_BASE

?PR?_LCD_ADDRESS_SET?LCD_BASE                    -----    -----      -----    -----      0465H    0008H
BL51 BANKED LINKER/LOCATER V6.22.2.0                                                  09/18/2025  19:01:36  PAGE 8


  +--> ?PR?_LCD_WR_REG?LCD_BASE
  +--> ?PR?_LCD_WR_DATA?LCD_BASE

?PR?_LCD_WR_DATA?LCD_BASE                        -----    -----      -----    -----      -----    -----
  +--> ?PR?_LCD_WRIT_BUS?LCD_BASE

?PR?_PAGE_CONTENT_1?LCD_DISPLAY                  -----    -----      -----    -----      0403H    0034H
  +--> ?CO?LCD_DISPLAY
  +--> ?PR?_SHOW_STRINGANDCHINESE?LCD_BASE
  +--> ?PR?_LCD_DRAWLINE?LCD_BASE
  +--> ?PR?PRINTF?PRINTF

?PR?_SHOW_STRINGANDCHINESE?LCD_BASE              -----    -----      -----    -----      0437H    0010H
  +--> ?PR?_LCD_SHOWCHAR?LCD_BASE
  +--> ?PR?_LCD_SHOWCHINESE16X16?LCD_BASE
  +--> ?PR?_LCD_SHOWCHINESE24X24?LCD_BASE

?PR?_LCD_SHOWCHAR?LCD_BASE                       -----    -----      -----    -----      0447H    0014H
  +--> ?PR?_LCD_ADDRESS_SET?LCD_BASE
  +--> ?CO?LCD_BASE
  +--> ?PR?_LCD_WR_DATA?LCD_BASE
  +--> ?PR?_LCD_DRAWPOINT?LCD_BASE

?PR?_LCD_DRAWPOINT?LCD_BASE                      -----    -----      -----    -----      045FH    0006H
  +--> ?PR?_LCD_ADDRESS_SET?LCD_BASE
  +--> ?PR?_LCD_WR_DATA?LCD_BASE

?PR?_LCD_SHOWCHINESE16X16?LCD_BASE               -----    -----      -----    -----      0447H    0018H
  +--> ?CO?LCD_BASE
  +--> ?PR?_LCD_ADDRESS_SET?LCD_BASE
  +--> ?PR?_LCD_WR_DATA?LCD_BASE
  +--> ?PR?_LCD_DRAWPOINT?LCD_BASE

?PR?_LCD_SHOWCHINESE24X24?LCD_BASE               -----    -----      -----    -----      0447H    0016H
  +--> ?CO?LCD_BASE
  +--> ?PR?_LCD_ADDRESS_SET?LCD_BASE
  +--> ?PR?_LCD_WR_DATA?LCD_BASE
  +--> ?PR?_LCD_DRAWPOINT?LCD_BASE

?PR?_LCD_DRAWLINE?LCD_BASE                       -----    -----      -----    -----      0437H    001EH
  +--> ?PR?_LCD_DRAWPOINT?LCD_BASE

?PR?PRINTF?PRINTF                                0020H.0  0001H.1    0008H    0005H      0437H    0030H
  +--> ?PR?_PUTCHAR?STC8G_H_UART

?PR?_PUTCHAR?STC8G_H_UART                        -----    -----      -----    -----      -----    -----
  +--> ?PR?_TX2_WRITE2BUFF?STC8G_H_UART

?PR?_MEDIAN_FILTER?FILTERING                     -----    -----      -----    -----      0400H    000AH
  +--> ?PR?_DELAY_MS?STC8G_H_DELAY
  +--> ?PR?_GET_ADCRESULT?STC8G_H_ADC
  +--> ?PR?_SORT?UART

?PR?_GET_ADCRESULT?STC8G_H_ADC                   -----    -----      -----    -----      040AH    0002H

?PR?_SORT?UART                                   -----    -----      -----    -----      040AH    0007H

BL51 BANKED LINKER/LOCATER V6.22.2.0                                                  09/18/2025  19:01:36  PAGE 9


?PR?GETTOUCHVAL?TOUCH                            -----    -----      -----    -----      0400H    0005H
  +--> ?PR?_BEEPMS?BEEP

?PR?_BEEPMS?BEEP                                 -----    -----      -----    -----      0405H    0002H
  +--> ?PR?_DELAY_MS?STC8G_H_DELAY

?PR?_GETSTATE?STATEMACHINE                       -----    -----      -----    -----      0400H    0003H
  +--> ?PR?_PAGE_CONTENT_1?LCD_DISPLAY
  +--> ?PR?_LCD_FILL_BLACK?LCD_BASE
  +--> ?CO?PICTURE
  +--> ?PR?_LCD_SHOWPICTURE?LCD_BASE
  +--> ?PR?PAGE_CONTENT1_2?LCD_DISPLAY
  +--> ?PR?_PAGE_CONTENT1_2_3?LCD_DISPLAY

?PR?_LCD_SHOWPICTURE?LCD_BASE                    -----    -----      -----    -----      0403H    0013H
  +--> ?PR?_LCD_ADDRESS_SET?LCD_BASE
  +--> ?PR?_LCD_WR_DATA8?LCD_BASE

?PR?PAGE_CONTENT1_2?LCD_DISPLAY                  -----    -----      -----    -----      -----    -----
  +--> ?CO?LCD_DISPLAY
  +--> ?PR?_SHOW_STRINGANDCHINESE?LCD_BASE

?PR?_PAGE_CONTENT1_2_3?LCD_DISPLAY               -----    -----      -----    -----      0403H    0002H
  +--> ?CO?LCD_DISPLAY
  +--> ?PR?_SHOW_STRINGANDCHINESE?LCD_BASE
  +--> ?PR?_LCD_SHOWINTNUM?LCD_BASE
  +--> ?PR?_LCD_SHOWCHAR?LCD_BASE
  +--> ?PR?_LCD_FILL?LCD_BASE

?PR?_LCD_SHOWINTNUM?LCD_BASE                     -----    -----      -----    -----      0405H    0010H
  +--> ?PR?_MYPOW?LCD_BASE
  +--> ?PR?_LCD_SHOWCHAR?LCD_BASE

?PR?_MYPOW?LCD_BASE                              -----    -----      -----    -----      0416H    0006H

?PR?_LCD_FILL?LCD_BASE                           -----    -----      -----    -----      0405H    000CH
  +--> ?PR?_LCD_ADDRESS_SET?LCD_BASE
  +--> ?PR?_LCD_WR_DATA?LCD_BASE

?PR?_STATEMACHINE?STATEMACHINE                   -----    -----      -----    -----      0400H    0002H
  +--> ?PR?_LCD_SHOWINTNUM?LCD_BASE
  +--> ?PR?_LCD_SHOWCHAR?LCD_BASE
  +--> ?PR?_LCD_FILL?LCD_BASE
  +--> ?PR?_LCD_SHOWFLOATNUM2?LCD_BASE
  +--> ?CO?PICTURE
  +--> ?PR?_LCD_SHOWPICTURE?LCD_BASE
  +--> ?CO?STATEMACHINE
  +--> ?PR?PRINTF?PRINTF
  +--> ?PR?_LCD_FILL_BLACK?LCD_BASE
  +--> ?PR?PAGE_CONTENT1_2?LCD_DISPLAY
  +--> ?PR?_SHOW_STRINGANDCHINESE?LCD_BASE
  +--> ?PR?_PAGE_CONTENT1_2_3?LCD_DISPLAY

?PR?_LCD_SHOWFLOATNUM2?LCD_BASE                  -----    -----      -----    -----      0402H    0014H
  +--> ?PR?_LCD_SHOWCHAR?LCD_BASE
  +--> ?PR?_MYPOW?LCD_BASE

BL51 BANKED LINKER/LOCATER V6.22.2.0                                                  09/18/2025  19:01:36  PAGE 10




SYMBOL TABLE OF MODULE:  .\Objects\STC8H (?C_STARTUP)

  VALUE           TYPE          NAME
  ----------------------------------

  -------         MODULE        ?C_STARTUP
  C:EB4DH         SEGMENT       ?C_C51STARTUP
  I:0022H         SEGMENT       ?STACK
  C:0000H         PUBLIC        ?C_STARTUP
  D:00E0H         SYMBOL        ACC
  D:00F0H         SYMBOL        B
  D:0083H         SYMBOL        DPH
  D:0082H         SYMBOL        DPL
  N:0000H         SYMBOL        IBPSTACK
  N:0100H         SYMBOL        IBPSTACKTOP
  N:0080H         SYMBOL        IDATALEN
  C:EB50H         SYMBOL        IDATALOOP
  N:0000H         SYMBOL        PBPSTACK
  N:0100H         SYMBOL        PBPSTACKTOP
  N:0000H         SYMBOL        PDATALEN
  N:0000H         SYMBOL        PDATASTART
  N:0000H         SYMBOL        PPAGE
  N:0000H         SYMBOL        PPAGEENABLE
  D:00A0H         SYMBOL        PPAGE_SFR
  D:0081H         SYMBOL        SP
  C:EB4DH         SYMBOL        STARTUP1
  N:0000H         SYMBOL        XBPSTACK
  N:0000H         SYMBOL        XBPSTACKTOP
  N:0000H         SYMBOL        XDATALEN
  N:0000H         SYMBOL        XDATASTART
  C:0000H         LINE#         126
  C:EB4DH         LINE#         133
  C:EB4FH         LINE#         134
  C:EB50H         LINE#         135
  C:EB51H         LINE#         136
  C:EB53H         LINE#         185
  C:EB56H         LINE#         196
  -------         ENDMOD        ?C_STARTUP

  -------         MODULE        MAIN
  C:0000H         SYMBOL        _ICE_DUMMY_
  D:0080H         PUBLIC        P0
  D:0090H         PUBLIC        P1
  D:00A0H         PUBLIC        P2
  D:00B0H         PUBLIC        P3
  X:046DH         PUBLIC        touchKeyNum
  D:00C0H         PUBLIC        P4
  D:00C8H         PUBLIC        P5
  D:00E8H         PUBLIC        P6
  B:00A8H.7       PUBLIC        EA
  D:00F8H         PUBLIC        P7
  D:00BAH         PUBLIC        P_SW2
  D:00A8H         PUBLIC        IE
  D:00B8H         PUBLIC        IP
  C:DAA9H         PUBLIC        main
BL51 BANKED LINKER/LOCATER V6.22.2.0                                                  09/18/2025  19:01:36  PAGE 11


  X:046EH         PUBLIC        count
  X:0470H         PUBLIC        friler_arr
  D:0098H         PUBLIC        SCON
  D:0088H         PUBLIC        TCON
  X:04D4H         PUBLIC        state1
  X:04D5H         PUBLIC        VAL
  C:FDB6H         PUBLIC        ledNum
  D:00D0H         PUBLIC        PSW
  -------         PROC          MAIN
  C:DAA9H         LINE#         32
  C:DAA9H         LINE#         33
  C:DAA9H         LINE#         40
  C:DAACH         LINE#         41
  C:DAAFH         LINE#         42
  C:DAB2H         LINE#         43
  C:DAB5H         LINE#         45
  C:DAB8H         LINE#         46
  C:DABBH         LINE#         47
  C:DABEH         LINE#         48
  C:DAC1H         LINE#         49
  C:DAC4H         LINE#         50
  C:DAC7H         LINE#         51
  C:DACAH         LINE#         52
  C:DACCH         LINE#         53
  C:DAD3H         LINE#         54
  C:DAD6H         LINE#         55
  C:DAEBH         LINE#         57
  C:DB6FH         LINE#         59
  C:DB6FH         LINE#         60
  C:DB6FH         LINE#         61
  C:DB9DH         LINE#         62
  C:DBA5H         LINE#         63
  C:DBC6H         LINE#         64
  C:DBCEH         LINE#         66
  C:DBDDH         LINE#         67
  C:DBDDH         LINE#         68
  C:DBE4H         LINE#         69
  C:DBF9H         LINE#         71
  C:DC02H         LINE#         72
  C:DC02H         LINE#         73
  C:DC17H         LINE#         74
  C:DC1EH         LINE#         75
  C:DC1EH         LINE#         76
  C:DC1EH         LINE#         80
  -------         ENDPROC       MAIN
  -------         ENDMOD        MAIN

  -------         MODULE        CONFIG
  C:0000H         SYMBOL        _ICE_DUMMY_
  D:0092H         PUBLIC        P1M0
  D:0096H         PUBLIC        P2M0
  D:0091H         PUBLIC        P1M1
  D:0080H         PUBLIC        P0
  D:0095H         PUBLIC        P2M1
  D:0090H         PUBLIC        P1
  D:00A0H         PUBLIC        P2
  D:00CAH         PUBLIC        P5M0
BL51 BANKED LINKER/LOCATER V6.22.2.0                                                  09/18/2025  19:01:36  PAGE 12


  D:00B0H         PUBLIC        P3
  D:00C9H         PUBLIC        P5M1
  D:00C0H         PUBLIC        P4
  D:00C8H         PUBLIC        P5
  D:00E8H         PUBLIC        P6
  D:00F8H         PUBLIC        P7
  C:EE6BH         PUBLIC        GPIO_config
  D:00A2H         PUBLIC        P_SW1
  D:00BAH         PUBLIC        P_SW2
  D:00A8H         PUBLIC        IE
  C:EFB4H         PUBLIC        UART_config
  C:F977H         PUBLIC        I2C_config
  D:00B8H         PUBLIC        IP
  C:F9D4H         PUBLIC        ADC_config
  D:0098H         PUBLIC        SCON
  D:0088H         PUBLIC        TCON
  C:F7F1H         PUBLIC        RTC_config
  C:F9A6H         PUBLIC        SPI_config
  C:E538H         PUBLIC        Timer_config
  C:F6CEH         PUBLIC        Exti_config
  D:00D0H         PUBLIC        PSW
  -------         PROC          GPIO_CONFIG
  -------         DO            
  X:0400H         SYMBOL        GPIO_InitStructure
  -------         ENDDO         
  C:EE6BH         LINE#         11
  C:EE6BH         LINE#         12
  C:EE6BH         LINE#         15
  C:EE71H         LINE#         16
  C:EE76H         LINE#         17
  C:EE81H         LINE#         18
  C:EE8CH         LINE#         19
  C:EE97H         LINE#         20
  C:EEA2H         LINE#         21
  C:EEADH         LINE#         22
  C:EEB8H         LINE#         23
  C:EEC3H         LINE#         26
  C:EECEH         LINE#         27
  C:EED4H         LINE#         28
  C:EEDAH         LINE#         29
  C:EEE0H         LINE#         30
  -------         ENDPROC       GPIO_CONFIG
  -------         PROC          EXTI_CONFIG
  -------         DO            
  X:056FH         SYMBOL        Exti_InitStructure
  -------         ENDDO         
  C:F6CEH         LINE#         32
  C:F6CEH         LINE#         33
  C:F6CEH         LINE#         37
  C:F6D4H         LINE#         38
  C:F6DEH         LINE#         39
  C:F6E5H         LINE#         43
  C:F6EBH         LINE#         44
  C:F6F4H         LINE#         45
  C:F6FBH         LINE#         58
  C:F702H         LINE#         59
  C:F709H         LINE#         60
BL51 BANKED LINKER/LOCATER V6.22.2.0                                                  09/18/2025  19:01:36  PAGE 13


  C:F710H         LINE#         62
  C:F717H         LINE#         64
  -------         ENDPROC       EXTI_CONFIG
  -------         PROC          TIMER_CONFIG
  -------         DO            
  X:0400H         SYMBOL        TIM_InitStructure
  -------         ENDDO         
  C:E538H         LINE#         65
  C:E538H         LINE#         66
  C:E538H         LINE#         70
  C:E53DH         LINE#         71
  C:E540H         LINE#         72
  C:E543H         LINE#         73
  C:E54BH         LINE#         74
  C:E551H         LINE#         75
  C:E55BH         LINE#         76
  C:E562H         LINE#         79
  C:E567H         LINE#         80
  C:E56AH         LINE#         81
  C:E56DH         LINE#         82
  C:E575H         LINE#         83
  C:E57BH         LINE#         84
  C:E584H         LINE#         85
  C:E58BH         LINE#         88
  C:E591H         LINE#         89
  C:E594H         LINE#         90
  C:E59CH         LINE#         91
  C:E59FH         LINE#         92
  C:E5A2H         LINE#         93
  C:E5ACH         LINE#         94
  C:E5B3H         LINE#         97
  C:E5B8H         LINE#         98
  C:E5BAH         LINE#         99
  C:E5C2H         LINE#         100
  C:E5C5H         LINE#         101
  C:E5C8H         LINE#         102
  C:E5D2H         LINE#         103
  C:E5D9H         LINE#         106
  C:E5DEH         LINE#         107
  C:E5E0H         LINE#         108
  C:E5E8H         LINE#         109
  C:E5EBH         LINE#         110
  C:E5EEH         LINE#         111
  C:E5F8H         LINE#         112
  -------         ENDPROC       TIMER_CONFIG
  -------         PROC          UART_CONFIG
  -------         DO            
  X:0400H         SYMBOL        COMx_InitStructure
  -------         ENDDO         
  C:EFB4H         LINE#         115
  C:EFB4H         LINE#         116
  C:EFB4H         LINE#         119
  C:EFBAH         LINE#         120
  C:EFBEH         LINE#         121
  C:EFC6H         LINE#         122
  C:EFCCH         LINE#         123
  C:EFCFH         LINE#         124
BL51 BANKED LINKER/LOCATER V6.22.2.0                                                  09/18/2025  19:01:36  PAGE 14


  C:EFDAH         LINE#         125
  C:EFE1H         LINE#         127
  C:EFE7H         LINE#         129
  C:EFF1H         LINE#         130
  C:EFF7H         LINE#         131
  C:F001H         LINE#         132
  C:F008H         LINE#         134
  C:F00BH         LINE#         135
  C:F013H         LINE#         136
  -------         ENDPROC       UART_CONFIG
  -------         PROC          ADC_CONFIG
  -------         DO            
  X:0400H         SYMBOL        ADC_InitStructure
  -------         ENDDO         
  C:F9D4H         LINE#         138
  C:F9D4H         LINE#         139
  C:F9D4H         LINE#         142
  C:F9DAH         LINE#         143
  C:F9DFH         LINE#         144
  C:F9E2H         LINE#         145
  C:F9E8H         LINE#         146
  C:F9ECH         LINE#         147
  C:F9F4H         LINE#         148
  C:F9F9H         LINE#         149
  -------         ENDPROC       ADC_CONFIG
  -------         PROC          I2C_CONFIG
  -------         DO            
  X:0400H         SYMBOL        I2C_InitStructure
  -------         ENDDO         
  C:F977H         LINE#         153
  C:F977H         LINE#         154
  C:F977H         LINE#         157
  C:F97DH         LINE#         158
  C:F981H         LINE#         159
  C:F986H         LINE#         160
  C:F98CH         LINE#         161
  C:F995H         LINE#         162
  C:F99DH         LINE#         164
  C:F9A5H         LINE#         165
  -------         ENDPROC       I2C_CONFIG
  -------         PROC          RTC_CONFIG
  -------         DO            
  X:0400H         SYMBOL        RTC_InitStructure
  -------         ENDDO         
  C:F7F1H         LINE#         167
  C:F7F1H         LINE#         168
  C:F7F1H         LINE#         170
  C:F7F7H         LINE#         171
  C:F7FBH         LINE#         172
  C:F801H         LINE#         173
  C:F805H         LINE#         174
  C:F809H         LINE#         175
  C:F80DH         LINE#         176
  C:F811H         LINE#         177
  C:F815H         LINE#         178
  C:F818H         LINE#         180
  C:F81CH         LINE#         181
BL51 BANKED LINKER/LOCATER V6.22.2.0                                                  09/18/2025  19:01:36  PAGE 15


  C:F820H         LINE#         182
  C:F823H         LINE#         183
  C:F825H         LINE#         184
  C:F82EH         LINE#         185
  -------         ENDPROC       RTC_CONFIG
  -------         PROC          SPI_CONFIG
  -------         DO            
  X:0400H         SYMBOL        SPI_InitStructure
  -------         ENDDO         
  C:F9A6H         LINE#         187
  C:F9A6H         LINE#         188
  C:F9A6H         LINE#         191
  C:F9ACH         LINE#         192
  C:F9AEH         LINE#         193
  C:F9B1H         LINE#         194
  C:F9B4H         LINE#         195
  C:F9B6H         LINE#         196
  C:F9B8H         LINE#         197
  C:F9BBH         LINE#         198
  C:F9C4H         LINE#         199
  C:F9CBH         LINE#         201
  C:F9D3H         LINE#         204
  -------         ENDPROC       SPI_CONFIG
  -------         ENDMOD        CONFIG

  -------         MODULE        STATEMACHINE
  C:0000H         SYMBOL        _ICE_DUMMY_
  D:0080H         PUBLIC        P0
  D:0090H         PUBLIC        P1
  D:00A0H         PUBLIC        P2
  D:00B0H         PUBLIC        P3
  D:00C0H         PUBLIC        P4
  D:00C8H         PUBLIC        P5
  D:00E8H         PUBLIC        P6
  D:00F8H         PUBLIC        P7
  D:00A8H         PUBLIC        IE
  D:00B8H         PUBLIC        IP
  X:0536H         SYMBOL        miao
  D:0098H         PUBLIC        SCON
  D:0088H         PUBLIC        TCON
  X:0538H         SYMBOL        fen
  C:CBA5H         PUBLIC        _StateMachine
  X:053AH         SYMBOL        shi
  C:AF75H         PUBLIC        _Getstate
  D:00D0H         PUBLIC        PSW
  -------         PROC          _GETSTATE
  X:0400H         SYMBOL        key
  X:0401H         SYMBOL        VAL
  -------         DO            
  X:0534H         SYMBOL        state
  X:0535H         SYMBOL        layer
  -------         ENDDO         
  C:AF75H         LINE#         18
  C:AF82H         LINE#         19
  C:AF82H         LINE#         22
  C:AF94H         LINE#         23
  C:AF94H         LINE#         24
BL51 BANKED LINKER/LOCATER V6.22.2.0                                                  09/18/2025  19:01:36  PAGE 16


  C:AFA0H         LINE#         25
  C:AFA7H         LINE#         26
  C:AFA7H         LINE#         27
  C:B031H         LINE#         28
  C:B033H         LINE#         29
  C:B03BH         LINE#         30
  C:B03BH         LINE#         31
  C:B04FH         LINE#         32
  C:B073H         LINE#         33
  C:B075H         LINE#         34
  C:B07DH         LINE#         35
  C:B091H         LINE#         37
  C:B091H         LINE#         38
  C:B0A7H         LINE#         39
  C:B0A7H         LINE#         40
  C:B0ADH         LINE#         41
  C:B0ADH         LINE#         42
  C:B0B3H         LINE#         43
  C:B0B7H         LINE#         44
  C:B0CCH         LINE#         45
  C:B0CCH         LINE#         46
  C:B0D4H         LINE#         47
  C:B0D4H         LINE#         48
  C:B0DAH         LINE#         49
  C:B0DEH         LINE#         50
  C:B0F3H         LINE#         51
  C:B0F6H         LINE#         52
  C:B0F6H         LINE#         54
  C:B0F6H         LINE#         55
  C:B111H         LINE#         56
  C:B111H         LINE#         57
  C:B114H         LINE#         58
  C:B114H         LINE#         59
  C:B122H         LINE#         60
  C:B122H         LINE#         61
  C:B12CH         LINE#         62
  C:B12CH         LINE#         63
  C:B144H         LINE#         64
  C:B144H         LINE#         65
  C:B147H         LINE#         66
  C:B14BH         LINE#         67
  C:B160H         LINE#         68
  C:B16AH         LINE#         70
  C:B16AH         LINE#         72
  C:B180H         LINE#         73
  C:B180H         LINE#         74
  C:B18BH         LINE#         75
  C:B18BH         LINE#         76
  C:B18BH         LINE#         77
  C:B18DH         LINE#         78
  C:B193H         LINE#         79
  C:B193H         LINE#         80
  C:B199H         LINE#         81
  C:B19BH         LINE#         82
  C:B1A1H         LINE#         83
  C:B1A1H         LINE#         84
  C:B1A7H         LINE#         85
BL51 BANKED LINKER/LOCATER V6.22.2.0                                                  09/18/2025  19:01:36  PAGE 17


  C:B1A9H         LINE#         86
  C:B1AFH         LINE#         87
  C:B1AFH         LINE#         88
  C:B1B5H         LINE#         89
  C:B1B7H         LINE#         90
  C:B1BDH         LINE#         91
  C:B1BDH         LINE#         92
  C:B1C3H         LINE#         93
  C:B1C5H         LINE#         94
  C:B1CBH         LINE#         95
  C:B1CBH         LINE#         96
  C:B1D1H         LINE#         97
  C:B1D3H         LINE#         98
  C:B1D9H         LINE#         99
  C:B1D9H         LINE#         100
  C:B1DFH         LINE#         101
  C:B1DFH         LINE#         102
  C:B1F4H         LINE#         103
  C:B1FEH         LINE#         104
  C:B1FEH         LINE#         105
  C:B20FH         LINE#         106
  C:B20FH         LINE#         107
  C:B21AH         LINE#         108
  C:B21AH         LINE#         109
  C:B221H         LINE#         110
  C:B221H         LINE#         111
  C:B221H         LINE#         112
  C:B223H         LINE#         113
  C:B229H         LINE#         114
  C:B229H         LINE#         115
  C:B230H         LINE#         116
  C:B230H         LINE#         117
  C:B230H         LINE#         118
  C:B232H         LINE#         119
  C:B23DH         LINE#         120
  C:B23DH         LINE#         121
  C:B244H         LINE#         122
  C:B244H         LINE#         123
  C:B244H         LINE#         124
  C:B246H         LINE#         125
  C:B24CH         LINE#         126
  C:B24CH         LINE#         127
  C:B253H         LINE#         128
  C:B253H         LINE#         129
  C:B253H         LINE#         130
  C:B255H         LINE#         131
  C:B260H         LINE#         132
  C:B260H         LINE#         133
  C:B267H         LINE#         134
  C:B267H         LINE#         135
  C:B267H         LINE#         136
  C:B269H         LINE#         137
  C:B26FH         LINE#         138
  C:B26FH         LINE#         139
  C:B277H         LINE#         140
  C:B27AH         LINE#         141
  C:B281H         LINE#         142
BL51 BANKED LINKER/LOCATER V6.22.2.0                                                  09/18/2025  19:01:36  PAGE 18


  C:B281H         LINE#         143
  C:B281H         LINE#         144
  C:B28EH         LINE#         145
  C:B28EH         LINE#         146
  C:B299H         LINE#         147
  C:B299H         LINE#         148
  C:B2A0H         LINE#         149
  C:B2A0H         LINE#         150
  C:B2A0H         LINE#         151
  C:B2A2H         LINE#         152
  C:B2A8H         LINE#         153
  C:B2A8H         LINE#         154
  C:B2AFH         LINE#         155
  C:B2AFH         LINE#         156
  C:B2AFH         LINE#         157
  C:B2B1H         LINE#         158
  C:B2BCH         LINE#         159
  C:B2BCH         LINE#         160
  C:B2C3H         LINE#         161
  C:B2C3H         LINE#         162
  C:B2C3H         LINE#         163
  C:B2C5H         LINE#         164
  C:B2CBH         LINE#         165
  C:B2CBH         LINE#         166
  C:B2D2H         LINE#         167
  C:B2D2H         LINE#         168
  C:B2D2H         LINE#         169
  C:B2D4H         LINE#         170
  C:B2DFH         LINE#         171
  C:B2DFH         LINE#         172
  C:B2E6H         LINE#         173
  C:B2E6H         LINE#         174
  C:B2E6H         LINE#         175
  C:B2E8H         LINE#         176
  C:B2EEH         LINE#         177
  C:B2EEH         LINE#         178
  C:B2F6H         LINE#         179
  C:B2F9H         LINE#         180
  C:B300H         LINE#         181
  C:B300H         LINE#         182
  C:B300H         LINE#         183
  C:B318H         LINE#         184
  C:B318H         LINE#         185
  C:B31BH         LINE#         186
  C:B31FH         LINE#         187
  C:B334H         LINE#         188
  C:B33EH         LINE#         190
  C:B33EH         LINE#         191
  C:B359H         LINE#         192
  C:B359H         LINE#         193
  C:B35CH         LINE#         194
  C:B360H         LINE#         196
  C:B360H         LINE#         197
  C:B388H         LINE#         198
  C:B388H         LINE#         199
  C:B38DH         LINE#         200
  C:B38DH         LINE#         201
BL51 BANKED LINKER/LOCATER V6.22.2.0                                                  09/18/2025  19:01:36  PAGE 19


  C:B390H         LINE#         203
  C:B392H         LINE#         204
  C:B398H         LINE#         205
  C:B398H         LINE#         206
  C:B39EH         LINE#         208
  C:B3A0H         LINE#         209
  C:B3A6H         LINE#         210
  C:B3A6H         LINE#         211
  C:B3ACH         LINE#         213
  C:B3ACH         LINE#         214
  C:B3B6H         LINE#         215
  C:B3B6H         LINE#         216
  C:B3D1H         LINE#         217
  C:B3D1H         LINE#         218
  C:B3D7H         LINE#         219
  C:B3D7H         LINE#         220
  C:B3EDH         LINE#         221
  C:B3EDH         LINE#         222
  C:B3F3H         LINE#         223
  C:B3F3H         LINE#         224
  C:B40BH         LINE#         225
  C:B40BH         LINE#         226
  C:B411H         LINE#         227
  C:B411H         LINE#         228
  C:B42CH         LINE#         229
  C:B42CH         LINE#         230
  C:B432H         LINE#         231
  C:B432H         LINE#         232
  C:B448H         LINE#         233
  C:B448H         LINE#         234
  C:B44EH         LINE#         235
  C:B44EH         LINE#         236
  C:B466H         LINE#         237
  C:B466H         LINE#         238
  C:B46CH         LINE#         239
  C:B46CH         LINE#         240
  C:B493H         LINE#         241
  C:B493H         LINE#         242
  C:B498H         LINE#         243
  C:B49AH         LINE#         244
  C:B4AFH         LINE#         245
  C:B539H         LINE#         247
  C:B539H         LINE#         248
  C:B557H         LINE#         249
  C:B557H         LINE#         250
  C:B55DH         LINE#         251
  C:B561H         LINE#         252
  C:B576H         LINE#         253
  C:B579H         LINE#         254
  C:B579H         LINE#         255
  C:B57EH         LINE#         256
  -------         ENDPROC       _GETSTATE
  -------         PROC          _STATEMACHINE
  X:0400H         SYMBOL        state
  X:0401H         SYMBOL        key
  C:CBA5H         LINE#         264
  C:CBAFH         LINE#         265
BL51 BANKED LINKER/LOCATER V6.22.2.0                                                  09/18/2025  19:01:36  PAGE 20


  C:CBAFH         LINE#         267
  C:CBFCH         LINE#         268
  C:CBFCH         LINE#         269
  C:CBFCH         LINE#         270
  C:CC25H         LINE#         271
  C:CC46H         LINE#         272
  C:CC62H         LINE#         274
  C:CC8BH         LINE#         275
  C:CCACH         LINE#         276
  C:CCC8H         LINE#         278
  C:CCF1H         LINE#         280
  C:CD27H         LINE#         281
  C:CD27H         LINE#         282
  C:CD27H         LINE#         283
  C:CD4BH         LINE#         284
  C:CD5CH         LINE#         285
  C:CD5CH         LINE#         286
  C:CD5CH         LINE#         287
  C:CD71H         LINE#         288
  C:CD71H         LINE#         289
  C:CD71H         LINE#         290
  C:CD74H         LINE#         291
  C:CD74H         LINE#         292
  C:CD74H         LINE#         293
  C:CD99H         LINE#         294
  C:CDADH         LINE#         295
  C:CDAFH         LINE#         296
  C:CDAFH         LINE#         297
  C:CDD4H         LINE#         298
  C:CDF9H         LINE#         299
  C:CDF9H         LINE#         300
  C:CDF9H         LINE#         303
  C:CDF9H         LINE#         306
  C:CDF9H         LINE#         309
  C:CDF9H         LINE#         312
  C:CDF9H         LINE#         315
  C:CDF9H         LINE#         318
  C:CDF9H         LINE#         321
  C:CDF9H         LINE#         324
  C:CDF9H         LINE#         327
  C:CDF9H         LINE#         330
  C:CDF9H         LINE#         331
  C:CDF9H         LINE#         332
  C:CDF9H         LINE#         333
  C:CE03H         LINE#         335
  C:CE03H         LINE#         336
  C:CE03H         LINE#         339
  C:CE03H         LINE#         340
  C:CE03H         LINE#         341
  C:CE03H         LINE#         343
  C:CE03H         LINE#         344
  C:CE03H         LINE#         346
  C:CE03H         LINE#         347
  -------         ENDPROC       _STATEMACHINE
  -------         ENDMOD        STATEMACHINE

  -------         MODULE        BEEP
BL51 BANKED LINKER/LOCATER V6.22.2.0                                                  09/18/2025  19:01:36  PAGE 21


  C:0000H         SYMBOL        _ICE_DUMMY_
  D:0080H         PUBLIC        P0
  D:0090H         PUBLIC        P1
  D:00A0H         PUBLIC        P2
  D:00B0H         PUBLIC        P3
  D:00C0H         PUBLIC        P4
  D:00C8H         PUBLIC        P5
  D:00E8H         PUBLIC        P6
  D:00F8H         PUBLIC        P7
  D:00A8H         PUBLIC        IE
  D:00B8H         PUBLIC        IP
  D:0098H         PUBLIC        SCON
  C:FB8BH         PUBLIC        beep_init
  D:0088H         PUBLIC        TCON
  B:00C8H.3       PUBLIC        P53
  C:F946H         PUBLIC        _BeepMs
  D:00D0H         PUBLIC        PSW
  -------         PROC          BEEP_INIT
  -------         DO            
  X:0400H         SYMBOL        GPIO_InitStructure
  -------         ENDDO         
  C:FB8BH         LINE#         12
  C:FB8BH         LINE#         13
  C:FB8BH         LINE#         16
  C:FB91H         LINE#         17
  C:FB97H         LINE#         18
  -------         ENDPROC       BEEP_INIT
  -------         PROC          _BEEPMS
  X:0405H         SYMBOL        ms
  C:F946H         LINE#         29
  C:F94EH         LINE#         30
  C:F94EH         LINE#         31
  C:F95DH         LINE#         32
  C:F95DH         LINE#         33
  C:F95FH         LINE#         34
  C:F966H         LINE#         35
  C:F976H         LINE#         36
  -------         ENDPROC       _BEEPMS
  -------         ENDMOD        BEEP

  -------         MODULE        KEY
  C:0000H         SYMBOL        _ICE_DUMMY_
  D:0080H         PUBLIC        P0
  D:0090H         PUBLIC        P1
  D:00A0H         PUBLIC        P2
  D:00B0H         PUBLIC        P3
  D:00C0H         PUBLIC        P4
  D:00C8H         PUBLIC        P5
  D:00E8H         PUBLIC        P6
  D:00F8H         PUBLIC        P7
  D:00A8H         PUBLIC        IE
  C:E983H         PUBLIC        SingleKey
  D:00B8H         PUBLIC        IP
  D:0098H         PUBLIC        SCON
  B:00B0H.2       PUBLIC        P32
  D:0088H         PUBLIC        TCON
  B:00B0H.3       PUBLIC        P33
BL51 BANKED LINKER/LOCATER V6.22.2.0                                                  09/18/2025  19:01:36  PAGE 22


  B:00B0H.4       PUBLIC        P34
  B:00B0H.5       PUBLIC        P35
  C:FBD0H         PUBLIC        key_init
  D:00D0H         PUBLIC        PSW
  -------         PROC          KEY_INIT
  -------         DO            
  X:0400H         SYMBOL        GPIO_InitStructure
  -------         ENDDO         
  C:FBD0H         LINE#         13
  C:FBD0H         LINE#         14
  C:FBD0H         LINE#         17
  C:FBD6H         LINE#         18
  C:FBDBH         LINE#         19
  -------         ENDPROC       KEY_INIT
  -------         PROC          SINGLEKEY
  -------         DO            
  X:0558H         SYMBOL        KEYVAL1
  X:0559H         SYMBOL        longpressNum
  -------         ENDDO         
  C:E983H         LINE#         28
  C:E983H         LINE#         29
  C:E983H         LINE#         32
  C:E98DH         LINE#         33
  C:E990H         LINE#         34
  C:E990H         LINE#         35
  C:E997H         LINE#         36
  C:E99AH         LINE#         37
  C:E99AH         LINE#         38
  C:E9A0H         LINE#         39
  C:E9A3H         LINE#         40
  C:E9A3H         LINE#         41
  C:E9B7H         LINE#         42
  C:E9B7H         LINE#         43
  C:E9BDH         LINE#         44
  C:E9C4H         LINE#         45
  C:E9C4H         LINE#         46
  C:E9C6H         LINE#         47
  C:E9C6H         LINE#         48
  C:E9CDH         LINE#         49
  C:E9D3H         LINE#         50
  C:E9D3H         LINE#         51
  C:E9D6H         LINE#         52
  C:E9D6H         LINE#         53
  C:E9DDH         LINE#         54
  C:E9E0H         LINE#         55
  C:E9E0H         LINE#         56
  C:E9E3H         LINE#         57
  C:E9E3H         LINE#         58
  C:E9EAH         LINE#         59
  C:E9EDH         LINE#         60
  C:E9EDH         LINE#         61
  C:E9F0H         LINE#         62
  C:E9F0H         LINE#         63
  C:E9F7H         LINE#         64
  C:E9FAH         LINE#         65
  C:E9FAH         LINE#         66
  C:E9FDH         LINE#         67
BL51 BANKED LINKER/LOCATER V6.22.2.0                                                  09/18/2025  19:01:36  PAGE 23


  C:E9FDH         LINE#         68
  C:EA04H         LINE#         69
  C:EA07H         LINE#         70
  C:EA07H         LINE#         71
  C:EA0AH         LINE#         72
  C:EA0AH         LINE#         73
  C:EA11H         LINE#         74
  C:EA14H         LINE#         75
  C:EA14H         LINE#         76
  C:EA17H         LINE#         77
  C:EA17H         LINE#         78
  C:EA1EH         LINE#         79
  C:EA21H         LINE#         80
  C:EA21H         LINE#         81
  C:EA23H         LINE#         82
  -------         ENDPROC       SINGLEKEY
  -------         ENDMOD        KEY

  -------         MODULE        DIGITALLED
  C:0000H         SYMBOL        _ICE_DUMMY_
  D:0080H         PUBLIC        P0
  D:0090H         PUBLIC        P1
  D:00A0H         PUBLIC        P2
  D:00B0H         PUBLIC        P3
  D:00C0H         PUBLIC        P4
  C:FB73H         PUBLIC        TableDU
  D:00C8H         PUBLIC        P5
  D:00E8H         PUBLIC        P6
  D:00F8H         PUBLIC        P7
  C:FB83H         PUBLIC        TableWE
  C:FB5AH         PUBLIC        _DisplayNum
  D:00A8H         PUBLIC        IE
  D:00B8H         PUBLIC        IP
  B:00D0H.7       PUBLIC        CY
  D:0098H         PUBLIC        SCON
  B:00C0H.1       PUBLIC        P41
  D:0088H         PUBLIC        TCON
  C:E36AH         PUBLIC        _DisplayAnyNum
  B:00F8H.6       PUBLIC        P76
  B:00F8H.7       PUBLIC        P77
  C:E774H         PUBLIC        _Display_Day
  X:0570H         PUBLIC        i
  C:E6BAH         PUBLIC        _Display_time
  C:FB40H         PUBLIC        _Hc595WriteByte
  D:00D0H         PUBLIC        PSW
  -------         PROC          _HC595WRITEBYTE
  D:0007H         SYMBOL        Data
  -------         DO            
  D:0006H         SYMBOL        k
  -------         ENDDO         
  C:FB40H         LINE#         25
  C:FB40H         LINE#         26
  C:FB40H         LINE#         28
  C:FB4CH         LINE#         29
  C:FB4CH         LINE#         30
  C:FB4EH         LINE#         31
  C:FB52H         LINE#         32
BL51 BANKED LINKER/LOCATER V6.22.2.0                                                  09/18/2025  19:01:36  PAGE 24


  C:FB54H         LINE#         33
  C:FB56H         LINE#         34
  C:FB59H         LINE#         35
  -------         ENDPROC       _HC595WRITEBYTE
  -------         PROC          _DISPLAYNUM
  D:0004H         SYMBOL        num
  D:0005H         SYMBOL        dat
  C:FB5AH         LINE#         43
  C:FB5CH         LINE#         44
  C:FB5CH         LINE#         46
  C:FB65H         LINE#         47
  C:FB6EH         LINE#         48
  C:FB70H         LINE#         49
  C:FB72H         LINE#         50
  -------         ENDPROC       _DISPLAYNUM
  -------         PROC          _DISPLAY_TIME
  D:0007H         SYMBOL        hour
  D:0005H         SYMBOL        min
  D:0003H         SYMBOL        sec
  -------         DO            
  D:0006H         SYMBOL        shi1
  X:055DH         SYMBOL        shi2
  X:055EH         SYMBOL        fen1
  X:055FH         SYMBOL        fen2
  X:0560H         SYMBOL        miao1
  X:0561H         SYMBOL        miao2
  -------         ENDDO         
  C:E6BAH         LINE#         128
  C:E6BAH         LINE#         129
  C:E6BAH         LINE#         131
  C:E6C0H         LINE#         132
  C:E6CBH         LINE#         133
  C:E6D2H         LINE#         134
  C:E6DBH         LINE#         135
  C:E6E2H         LINE#         136
  C:E6EBH         LINE#         137
  C:E6EEH         LINE#         138
  C:E6EEH         LINE#         139
  C:E6F4H         LINE#         140
  C:E6FBH         LINE#         141
  C:E6FBH         LINE#         142
  C:E707H         LINE#         143
  C:E707H         LINE#         144
  C:E70CH         LINE#         145
  C:E713H         LINE#         146
  C:E713H         LINE#         147
  C:E71FH         LINE#         148
  C:E71FH         LINE#         149
  C:E724H         LINE#         150
  C:E72BH         LINE#         151
  C:E72BH         LINE#         152
  C:E737H         LINE#         153
  C:E737H         LINE#         154
  C:E73CH         LINE#         155
  C:E743H         LINE#         156
  C:E743H         LINE#         157
  C:E74FH         LINE#         158
BL51 BANKED LINKER/LOCATER V6.22.2.0                                                  09/18/2025  19:01:36  PAGE 25


  C:E74FH         LINE#         159
  C:E754H         LINE#         160
  C:E75BH         LINE#         161
  C:E75BH         LINE#         162
  C:E767H         LINE#         163
  C:E767H         LINE#         164
  C:E76CH         LINE#         165
  C:E773H         LINE#         166
  C:E773H         LINE#         168
  -------         ENDPROC       _DISPLAY_TIME
  -------         PROC          _DISPLAY_DAY
  D:0007H         SYMBOL        year
  D:0005H         SYMBOL        month
  D:0003H         SYMBOL        day
  -------         DO            
  D:0006H         SYMBOL        nian1
  X:0562H         SYMBOL        nian2
  X:0563H         SYMBOL        month1
  X:0564H         SYMBOL        month2
  X:0565H         SYMBOL        day1
  X:0566H         SYMBOL        day2
  -------         ENDDO         
  C:E774H         LINE#         176
  C:E774H         LINE#         177
  C:E774H         LINE#         179
  C:E77AH         LINE#         180
  C:E785H         LINE#         181
  C:E78CH         LINE#         182
  C:E795H         LINE#         183
  C:E79CH         LINE#         184
  C:E7A5H         LINE#         185
  C:E7A8H         LINE#         186
  C:E7A8H         LINE#         187
  C:E7AEH         LINE#         188
  C:E7B5H         LINE#         189
  C:E7B5H         LINE#         190
  C:E7C1H         LINE#         191
  C:E7C1H         LINE#         192
  C:E7C6H         LINE#         193
  C:E7CDH         LINE#         194
  C:E7CDH         LINE#         195
  C:E7D9H         LINE#         196
  C:E7D9H         LINE#         197
  C:E7DEH         LINE#         198
  C:E7E5H         LINE#         199
  C:E7E5H         LINE#         200
  C:E7F1H         LINE#         201
  C:E7F1H         LINE#         202
  C:E7F6H         LINE#         203
  C:E7FDH         LINE#         204
  C:E7FDH         LINE#         205
  C:E809H         LINE#         206
  C:E809H         LINE#         207
  C:E80EH         LINE#         208
  C:E815H         LINE#         209
  C:E815H         LINE#         210
  C:E821H         LINE#         211
BL51 BANKED LINKER/LOCATER V6.22.2.0                                                  09/18/2025  19:01:36  PAGE 26


  C:E821H         LINE#         212
  C:E826H         LINE#         213
  C:E82DH         LINE#         214
  C:E82DH         LINE#         216
  -------         ENDPROC       _DISPLAY_DAY
  -------         PROC          _DISPLAYANYNUM
  D:0002H         SYMBOL        disnum
  -------         DO            
  X:0567H         SYMBOL        wan
  X:0568H         SYMBOL        qian
  X:0569H         SYMBOL        bai
  X:056AH         SYMBOL        shi
  X:056BH         SYMBOL        ge
  -------         ENDDO         
  C:E36AH         LINE#         217
  C:E36EH         LINE#         218
  C:E36EH         LINE#         220
  C:E37AH         LINE#         221
  C:E395H         LINE#         222
  C:E3B0H         LINE#         223
  C:E3CBH         LINE#         224
  C:E3D9H         LINE#         225
  C:E3E0H         LINE#         226
  C:E3E0H         LINE#         227
  C:E3E5H         LINE#         228
  C:E3ECH         LINE#         229
  C:E3ECH         LINE#         230
  C:E3F9H         LINE#         231
  C:E3F9H         LINE#         232
  C:E3FEH         LINE#         233
  C:E405H         LINE#         234
  C:E405H         LINE#         235
  C:E418H         LINE#         236
  C:E418H         LINE#         237
  C:E41DH         LINE#         238
  C:E424H         LINE#         239
  C:E424H         LINE#         240
  C:E43DH         LINE#         241
  C:E43DH         LINE#         242
  C:E442H         LINE#         243
  C:E449H         LINE#         244
  C:E449H         LINE#         245
  -------         ENDPROC       _DISPLAYANYNUM
  -------         ENDMOD        DIGITALLED

  -------         MODULE        ENCODER
  C:0000H         SYMBOL        _ICE_DUMMY_
  -------         ENDMOD        ENCODER

  -------         MODULE        UART
  C:0000H         SYMBOL        _ICE_DUMMY_
  D:0080H         PUBLIC        P0
  D:0090H         PUBLIC        P1
  D:00A0H         PUBLIC        P2
  D:00B0H         PUBLIC        P3
  D:00C0H         PUBLIC        P4
  D:00C8H         PUBLIC        P5
BL51 BANKED LINKER/LOCATER V6.22.2.0                                                  09/18/2025  19:01:36  PAGE 27


  D:00E8H         PUBLIC        P6
  D:00F8H         PUBLIC        P7
  D:00A8H         PUBLIC        IE
  D:00B8H         PUBLIC        IP
  C:E8DEH         PUBLIC        uart1tx_uart2rx
  C:FD9BH         PUBLIC        atarr
  D:0098H         PUBLIC        SCON
  D:0088H         PUBLIC        TCON
  C:E24DH         PUBLIC        _sort
  D:00D0H         PUBLIC        PSW
  -------         PROC          _SORT
  D:0001H         SYMBOL        Data
  X:040AH         SYMBOL        len
  -------         DO            
  X:040BH         SYMBOL        i
  X:040DH         SYMBOL        j
  X:040FH         SYMBOL        temp
  -------         ENDDO         
  C:E24DH         LINE#         8
  C:E252H         LINE#         9
  C:E252H         LINE#         11
  C:E272H         LINE#         12
  C:E2A0H         LINE#         13
  C:E2D1H         LINE#         15
  C:E2EFH         LINE#         16
  C:E31BH         LINE#         17
  C:E341H         LINE#         19
  C:E341H         LINE#         20
  C:E355H         LINE#         21
  C:E369H         LINE#         22
  -------         ENDPROC       _SORT
  -------         PROC          UART1TX_UART2RX
  -------         DO            
  X:0571H         SYMBOL        i
  -------         ENDDO         
  C:E8DEH         LINE#         31
  C:E8DEH         LINE#         32
  C:E8DEH         LINE#         35
  C:E8EBH         LINE#         36
  C:E8EBH         LINE#         37
  C:E8F0H         LINE#         38
  C:E8F0H         LINE#         39
  C:E8FEH         LINE#         40
  C:E8FEH         LINE#         42
  C:E901H         LINE#         46
  C:E92BH         LINE#         47
  C:E92BH         LINE#         48
  C:E930H         LINE#         49
  C:E930H         LINE#         50
  C:E930H         LINE#         52
  C:E93DH         LINE#         53
  C:E93DH         LINE#         54
  C:E942H         LINE#         55
  C:E942H         LINE#         56
  C:E950H         LINE#         57
  C:E950H         LINE#         58
  C:E953H         LINE#         60
BL51 BANKED LINKER/LOCATER V6.22.2.0                                                  09/18/2025  19:01:36  PAGE 28


  C:E97DH         LINE#         61
  C:E97DH         LINE#         62
  C:E982H         LINE#         63
  C:E982H         LINE#         64
  C:E982H         LINE#         69
  -------         ENDPROC       UART1TX_UART2RX
  -------         ENDMOD        UART

  -------         MODULE        FILTERING
  C:0000H         SYMBOL        _ICE_DUMMY_
  D:0080H         PUBLIC        P0
  D:0090H         PUBLIC        P1
  D:00A0H         PUBLIC        P2
  D:00B0H         PUBLIC        P3
  D:00C0H         PUBLIC        P4
  D:00C8H         PUBLIC        P5
  D:00E8H         PUBLIC        P6
  D:00F8H         PUBLIC        P7
  D:00A8H         PUBLIC        IE
  D:00B8H         PUBLIC        IP
  C:E000H         PUBLIC        _Median_Filter
  D:0098H         PUBLIC        SCON
  D:0088H         PUBLIC        TCON
  D:00D0H         PUBLIC        PSW
  -------         PROC          _MEDIAN_FILTER
  X:0400H         SYMBOL        friler_arr
  X:0403H         SYMBOL        len
  -------         DO            
  X:0404H         SYMBOL        i
  X:0406H         SYMBOL        total_sum
  -------         ENDDO         
  C:E000H         LINE#         13
  C:E00EH         LINE#         14
  C:E00EH         LINE#         15
  C:E013H         LINE#         16
  C:E01BH         LINE#         17
  C:E022H         LINE#         18
  C:E03CH         LINE#         19
  C:E03CH         LINE#         20
  C:E067H         LINE#         21
  C:E077H         LINE#         22
  C:E088H         LINE#         24
  C:E08FH         LINE#         25
  C:E08FH         LINE#         26
  C:E0EBH         LINE#         29
  C:E105H         LINE#         32
  C:E122H         LINE#         35
  C:E12CH         LINE#         37
  -------         ENDPROC       _MEDIAN_FILTER
  -------         ENDMOD        FILTERING

  -------         MODULE        IIC
  C:0000H         SYMBOL        _ICE_DUMMY_
  D:0080H         PUBLIC        P0
  D:0090H         PUBLIC        P1
  D:00A0H         PUBLIC        P2
  D:00B0H         PUBLIC        P3
BL51 BANKED LINKER/LOCATER V6.22.2.0                                                  09/18/2025  19:01:36  PAGE 29


  D:00C0H         PUBLIC        P4
  D:00C8H         PUBLIC        P5
  D:00E8H         PUBLIC        P6
  D:00F8H         PUBLIC        P7
  X:02D4H         PUBLIC        ADC_VAL
  D:00A8H         PUBLIC        IE
  C:0126H         PUBLIC        _IapErase
  D:00C5H         PUBLIC        IAP_CMD
  X:02D6H         PUBLIC        sysT0tick
  D:00B8H         PUBLIC        IP
  C:FAE3H         PUBLIC        _IapRead
  C:FB03H         PUBLIC        _lapProgram
  C:FD5CH         PUBLIC        IapIdle
  X:02DAH         PUBLIC        data_high
  D:00C3H         PUBLIC        IAP_ADDRH
  D:00C4H         PUBLIC        IAP_ADDRL
  X:02DBH         PUBLIC        adc_val30
  D:00F5H         PUBLIC        IAP_TPS
  D:0098H         PUBLIC        SCON
  D:0088H         PUBLIC        TCON
  D:00C7H         PUBLIC        IAP_CONTR
  X:0317H         PUBLIC        data_low
  X:0318H         PUBLIC        adc_arr
  D:00C2H         PUBLIC        IAP_DATA
  X:037CH         PUBLIC        j
  C:D789H         PUBLIC        IIC_60S
  D:00C6H         PUBLIC        IAP_TRIG
  D:00D0H         PUBLIC        PSW
  X:037DH         PUBLIC        Data
  -------         PROC          IIC_60S
  C:D789H         LINE#         24
  C:D789H         LINE#         25
  C:D789H         LINE#         26
  C:D7C0H         LINE#         27
  C:D7D4H         LINE#         28
  C:D7E6H         LINE#         29
  C:D7E6H         LINE#         30
  C:D7FFH         LINE#         31
  C:D807H         LINE#         32
  C:D812H         LINE#         33
  C:D828H         LINE#         34
  C:D828H         LINE#         35
  C:D84BH         LINE#         36
  C:D85FH         LINE#         37
  C:D864H         LINE#         38
  C:D879H         LINE#         39
  C:D880H         LINE#         40
  C:D899H         LINE#         41
  C:D8A0H         LINE#         42
  C:D8B8H         LINE#         43
  C:D8BFH         LINE#         44
  C:D8D8H         LINE#         45
  C:D8ECH         LINE#         46
  C:D8F3H         LINE#         47
  C:D90BH         LINE#         49
  C:D914H         LINE#         50
  C:D914H         LINE#         51
BL51 BANKED LINKER/LOCATER V6.22.2.0                                                  09/18/2025  19:01:36  PAGE 30


  C:D927H         LINE#         52
  C:D927H         LINE#         53
  -------         ENDPROC       IIC_60S
  -------         PROC          IAPIDLE
  C:FD5CH         LINE#         61
  C:FD5CH         LINE#         62
  C:FD5CH         LINE#         63
  C:FD5FH         LINE#         64
  C:FD61H         LINE#         65
  C:FD63H         LINE#         66
  C:FD66H         LINE#         67
  C:FD68H         LINE#         68
  -------         ENDPROC       IAPIDLE
  -------         PROC          _IAPREAD
  D:0006H         SYMBOL        addr
  -------         DO            
  D:0007H         SYMBOL        dat
  -------         ENDDO         
  C:FAE3H         LINE#         76
  C:FAE3H         LINE#         77
  C:FAE3H         LINE#         78
  C:FAE6H         LINE#         79
  C:FAE9H         LINE#         80
  C:FAECH         LINE#         81
  C:FAEEH         LINE#         82
  C:FAF1H         LINE#         83
  C:FAF4H         LINE#         84
  C:FAF7H         LINE#         85
  C:FAF8H         LINE#         86
  C:FAF9H         LINE#         87
  C:FAFAH         LINE#         88
  C:FAFBH         LINE#         89
  C:FAFDH         LINE#         90
  C:FB00H         LINE#         91
  C:FB02H         LINE#         92
  -------         ENDPROC       _IAPREAD
  -------         PROC          _LAPPROGRAM
  D:0006H         SYMBOL        addr
  D:0005H         SYMBOL        dat
  C:FB03H         LINE#         100
  C:FB03H         LINE#         101
  C:FB03H         LINE#         102
  C:FB09H         LINE#         104
  C:FB0CH         LINE#         105
  C:FB0EH         LINE#         106
  C:FB11H         LINE#         107
  C:FB15H         LINE#         108
  C:FB18H         LINE#         109
  C:FB1BH         LINE#         110
  C:FB1CH         LINE#         111
  C:FB1DH         LINE#         112
  C:FB1EH         LINE#         113
  C:FB1FH         LINE#         114
  -------         ENDPROC       _LAPPROGRAM
  -------         PROC          _IAPERASE
  D:0006H         SYMBOL        addr
  C:0126H         LINE#         123
BL51 BANKED LINKER/LOCATER V6.22.2.0                                                  09/18/2025  19:01:36  PAGE 31


  C:0126H         LINE#         124
  C:0126H         LINE#         125
  C:0129H         LINE#         126
  C:012CH         LINE#         127
  C:012FH         LINE#         128
  C:0131H         LINE#         129
  C:0134H         LINE#         130
  C:0137H         LINE#         131
  C:013AH         LINE#         132
  C:013BH         LINE#         133
  C:013CH         LINE#         134
  C:013DH         LINE#         135
  C:013EH         LINE#         136
  -------         ENDPROC       _IAPERASE
  -------         ENDMOD        IIC

  -------         MODULE        TOUCH
  C:0000H         SYMBOL        _ICE_DUMMY_
  D:0080H         PUBLIC        P0
  D:0090H         PUBLIC        P1
  D:00A0H         PUBLIC        P2
  D:00B0H         PUBLIC        P3
  D:00C0H         PUBLIC        P4
  D:00C8H         PUBLIC        P5
  D:00E8H         PUBLIC        P6
  X:04F1H         PUBLIC        B_ReadKeyOk
  D:00F8H         PUBLIC        P7
  D:00A8H         PUBLIC        IE
  D:00B8H         PUBLIC        IP
  D:0098H         PUBLIC        SCON
  D:0088H         PUBLIC        TCON
  C:FAC2H         PUBLIC        Touch_Config
  D:00AFH         PUBLIC        IE2
  X:04F2H         PUBLIC        TK_cnt
  C:D928H         PUBLIC        GetTouchVal
  C:F072H         PUBLIC        Touch_ISR
  D:00D0H         PUBLIC        PSW
  -------         PROC          GETTOUCHVAL
  -------         DO            
  X:0400H         SYMBOL        Toucha_val
  X:0401H         SYMBOL        Toucha_Longval
  -------         ENDDO         
  C:D928H         LINE#         14
  C:D928H         LINE#         15
  C:D928H         LINE#         16
  C:D92DH         LINE#         17
  C:D935H         LINE#         18
  C:D94CH         LINE#         19
  C:D94CH         LINE#         20
  C:D952H         LINE#         21
  C:D969H         LINE#         22
  C:D969H         LINE#         23
  C:D97DH         LINE#         24
  C:D97DH         LINE#         25
  C:D983H         LINE#         26
  C:D98AH         LINE#         27
  C:D98AH         LINE#         28
BL51 BANKED LINKER/LOCATER V6.22.2.0                                                  09/18/2025  19:01:36  PAGE 32


  C:D98CH         LINE#         31
  C:D98CH         LINE#         32
  C:D9A3H         LINE#         33
  C:D9A3H         LINE#         34
  C:D9A9H         LINE#         35
  C:D9C0H         LINE#         36
  C:D9C0H         LINE#         37
  C:D9D4H         LINE#         38
  C:D9D4H         LINE#         39
  C:D9DAH         LINE#         40
  C:D9E1H         LINE#         41
  C:D9E1H         LINE#         42
  C:D9E3H         LINE#         43
  C:D9E3H         LINE#         44
  C:D9E5H         LINE#         45
  C:D9E5H         LINE#         46
  C:D9FCH         LINE#         47
  C:D9FCH         LINE#         48
  C:DA02H         LINE#         49
  C:DA19H         LINE#         50
  C:DA19H         LINE#         51
  C:DA2DH         LINE#         52
  C:DA2DH         LINE#         53
  C:DA33H         LINE#         54
  C:DA3AH         LINE#         55
  C:DA3AH         LINE#         56
  C:DA3CH         LINE#         57
  C:DA43H         LINE#         58
  C:DA45H         LINE#         59
  C:DA45H         LINE#         60
  C:DA5CH         LINE#         61
  C:DA5CH         LINE#         62
  C:DA62H         LINE#         63
  C:DA79H         LINE#         64
  C:DA79H         LINE#         65
  C:DA8DH         LINE#         66
  C:DA8DH         LINE#         67
  C:DA93H         LINE#         68
  C:DA9AH         LINE#         69
  C:DA9AH         LINE#         70
  C:DA9CH         LINE#         71
  C:DAA3H         LINE#         72
  C:DAA3H         LINE#         73
  C:DAA8H         LINE#         74
  -------         ENDPROC       GETTOUCHVAL
  -------         PROC          TOUCH_CONFIG
  C:FAC2H         LINE#         82
  C:FAC2H         LINE#         83
  C:FAC2H         LINE#         85
[...]
  C:FD8FH         LINE#         65
  C:FD8FH         LINE#         66
  C:FD8FH         LINE#         67
  C:FD96H         LINE#         68
  C:FD9AH         LINE#         69
  -------         ENDPROC       WAIT
  -------         PROC          START
  C:FDA4H         LINE#         78
  C:FDA4H         LINE#         79
  C:FDA4H         LINE#         80
  C:FDAAH         LINE#         81
  -------         ENDPROC       START
  -------         PROC          _SENDDATA
  D:0007H         SYMBOL        dat
  C:FD40H         LINE#         91
  C:FD40H         LINE#         92
  C:FD40H         LINE#         93
  C:FD45H         LINE#         94
  C:FD4BH         LINE#         95
  -------         ENDPROC       _SENDDATA
  -------         PROC          L?0033
  -------         ENDPROC       L?0033
  -------         PROC          RECVACK
  C:FBC7H         LINE#         105
  C:FBC7H         LINE#         106
  C:FBC7H         LINE#         107
  C:FBCDH         LINE#         108
  -------         ENDPROC       RECVACK
  -------         PROC          RECVDATA
  C:FD22H         LINE#         118
  C:FD22H         LINE#         119
  C:FD22H         LINE#         120
BL51 BANKED LINKER/LOCATER V6.22.2.0                                                  09/18/2025  19:01:36  PAGE 75


  C:FD28H         LINE#         121
  C:FD2BH         LINE#         122
  C:FD30H         LINE#         123
  -------         ENDPROC       RECVDATA
  -------         PROC          SENDACK
  C:FD4EH         LINE#         132
  C:FD4EH         LINE#         133
  C:FD4EH         LINE#         134
  C:FD53H         LINE#         135
  C:FD59H         LINE#         136
  -------         ENDPROC       SENDACK
  -------         PROC          SENDNAK
  C:FD31H         LINE#         146
  C:FD31H         LINE#         147
  C:FD31H         LINE#         148
  C:FD37H         LINE#         149
  C:FD3DH         LINE#         150
  -------         ENDPROC       SENDNAK
  -------         PROC          STOP
  C:FDADH         LINE#         160
  C:FDADH         LINE#         161
  C:FDADH         LINE#         162
  C:FDB3H         LINE#         163
  -------         ENDPROC       STOP
  -------         PROC          _SENDCMDDATA
  D:0007H         SYMBOL        cmd
  D:0005H         SYMBOL        dat
  C:FD76H         LINE#         173
  C:FD76H         LINE#         174
  C:FD76H         LINE#         175
  C:FD7BH         LINE#         176
  C:FD80H         LINE#         177
  -------         ENDPROC       _SENDCMDDATA
  -------         PROC          _I2C_WRITENBYTE
  D:0007H         SYMBOL        dev_addr
  D:0005H         SYMBOL        mem_addr
  X:054EH         SYMBOL        p
  X:0551H         SYMBOL        number
  C:F913H         LINE#         187
  C:F91EH         LINE#         188
  C:F91EH         LINE#         189
  C:F91EH         LINE#         190
  C:F91EH         LINE#         191
  C:F91EH         LINE#         192
  C:F91EH         LINE#         193
  C:F921H         LINE#         195
  C:F921H         LINE#         196
  C:F938H         LINE#         197
  C:F93BH         LINE#         198
  C:F93BH         LINE#         199
  C:F943H         LINE#         200
  -------         ENDPROC       _I2C_WRITENBYTE
  -------         PROC          _I2C_READNBYTE
  D:0006H         SYMBOL        dev_addr
  D:0005H         SYMBOL        mem_addr
  D:0001H         SYMBOL        p
  X:0557H         SYMBOL        number
BL51 BANKED LINKER/LOCATER V6.22.2.0                                                  09/18/2025  19:01:36  PAGE 76


  C:F86EH         LINE#         210
  C:F870H         LINE#         211
  C:F870H         LINE#         212
  C:F870H         LINE#         213
  C:F870H         LINE#         214
  C:F870H         LINE#         215
  C:F870H         LINE#         216
  C:F873H         LINE#         217
  C:F876H         LINE#         218
  C:F87DH         LINE#         219
  C:F880H         LINE#         221
  C:F880H         LINE#         222
  C:F887H         LINE#         223
  C:F88EH         LINE#         224
  C:F899H         LINE#         225
  C:F899H         LINE#         226
  C:F8A1H         LINE#         227
  C:F8A4H         LINE#         228
  -------         ENDPROC       _I2C_READNBYTE
  -------         ENDMOD        STC8G_H_I2C

  -------         MODULE        STC8G_H_I2C_ISR
  C:0000H         SYMBOL        _ICE_DUMMY_
  D:0080H         PUBLIC        P0
  D:0090H         PUBLIC        P1
  D:00A0H         PUBLIC        P2
  D:00B0H         PUBLIC        P3
  D:00C0H         PUBLIC        P4
  D:00C8H         PUBLIC        P5
  D:00E8H         PUBLIC        P6
  D:00F8H         PUBLIC        P7
  D:00A8H         PUBLIC        IE
  D:00B8H         PUBLIC        IP
  C:E82EH         PUBLIC        I2C_ISR_Handler
  D:0098H         PUBLIC        SCON
  D:0088H         PUBLIC        TCON
  B:0021H.3       PUBLIC        DisplayFlag
  X:056CH         PUBLIC        I2CIsr
  D:00D0H         PUBLIC        PSW
  -------         PROC          I2C_ISR_HANDLER
  C:E82EH         LINE#         34
  C:E83DH         LINE#         37
  C:E844H         LINE#         38
  C:E844H         LINE#         39
  C:E848H         LINE#         40
  C:E84BH         LINE#         41
  C:E852H         LINE#         42
  C:E852H         LINE#         43
  C:E856H         LINE#         44
  C:E85CH         LINE#         45
  C:E85CH         LINE#         46
  C:E85EH         LINE#         47
  C:E860H         LINE#         48
  C:E866H         LINE#         49
  C:E866H         LINE#         50
  C:E868H         LINE#         51
  C:E870H         LINE#         52
BL51 BANKED LINKER/LOCATER V6.22.2.0                                                  09/18/2025  19:01:36  PAGE 77


  C:E871H         LINE#         53
  C:E873H         LINE#         55
  C:E873H         LINE#         56
  C:E88BH         LINE#         57
  C:E88BH         LINE#         58
  C:E88DH         LINE#         59
  C:E894H         LINE#         60
  C:E894H         LINE#         61
  C:E898H         LINE#         62
  C:E89CH         LINE#         63
  C:E89CH         LINE#         64
  C:E8A2H         LINE#         65
  C:E8A4H         LINE#         67
  C:E8A4H         LINE#         68
  C:E8B8H         LINE#         69
  C:E8B8H         LINE#         70
  C:E8BAH         LINE#         71
  C:E8C1H         LINE#         72
  C:E8C1H         LINE#         73
  C:E8C5H         LINE#         74
  C:E8CBH         LINE#         75
  C:E8CFH         LINE#         76
  C:E8D1H         LINE#         77
  C:E8D1H         LINE#         78
  -------         ENDPROC       I2C_ISR_HANDLER
  -------         ENDMOD        STC8G_H_I2C_ISR

  -------         MODULE        STC8H_RTC
  C:0000H         SYMBOL        _ICE_DUMMY_
  D:0080H         PUBLIC        P0
  D:0090H         PUBLIC        P1
  D:00A0H         PUBLIC        P2
  D:00B0H         PUBLIC        P3
  D:00C0H         PUBLIC        P4
  D:00C8H         PUBLIC        P5
  D:00E8H         PUBLIC        P6
  D:00F8H         PUBLIC        P7
  D:00A8H         PUBLIC        IE
  D:00B8H         PUBLIC        IP
  C:DC21H         PUBLIC        _RTC_Inilize
  D:0098H         PUBLIC        SCON
  D:0088H         PUBLIC        TCON
  D:00D0H         PUBLIC        PSW
  -------         PROC          _RTC_INILIZE
  D:0001H         SYMBOL        RTCx
  C:DC21H         LINE#         22
  C:DC21H         LINE#         23
  C:DC21H         LINE#         24
  C:DC33H         LINE#         25
  C:DC45H         LINE#         26
  C:DC57H         LINE#         27
  C:DC69H         LINE#         28
  C:DC7BH         LINE#         29
  C:DC8DH         LINE#         30
  C:DC9FH         LINE#         31
  C:DCB1H         LINE#         32
  C:DCC3H         LINE#         33
BL51 BANKED LINKER/LOCATER V6.22.2.0                                                  09/18/2025  19:01:36  PAGE 78


  C:DCD6H         LINE#         34
  C:DCE9H         LINE#         36
  C:DCF3H         LINE#         37
  C:DCFDH         LINE#         38
  C:DD07H         LINE#         39
  C:DD11H         LINE#         40
  C:DD1BH         LINE#         41
  C:DD25H         LINE#         42
  C:DD2FH         LINE#         44
  C:DD39H         LINE#         45
  C:DD43H         LINE#         46
  C:DD46H         LINE#         47
  C:DD49H         LINE#         49
  C:DD51H         LINE#         50
  C:DD51H         LINE#         52
  C:DD57H         LINE#         53
  C:DD5EH         LINE#         54
  C:DD64H         LINE#         55
  C:DD66H         LINE#         57
  C:DD66H         LINE#         58
  C:DD6CH         LINE#         59
  C:DD73H         LINE#         60
  C:DD79H         LINE#         61
  C:DD79H         LINE#         63
  C:DD80H         LINE#         64
  C:DD80H         LINE#         65
  C:DD85H         LINE#         66
  C:DD8EH         LINE#         69
  C:DD8EH         LINE#         71
  C:DD8EH         LINE#         72
  C:DD93H         LINE#         73
  C:DD93H         LINE#         75
  C:DD95H         LINE#         76
  -------         ENDPROC       _RTC_INILIZE
  -------         ENDMOD        STC8H_RTC

  -------         MODULE        STC8H_RTC_ISR
  C:0000H         SYMBOL        _ICE_DUMMY_
  D:0080H         PUBLIC        P0
  D:0090H         PUBLIC        P1
  D:00A0H         PUBLIC        P2
  D:00B0H         PUBLIC        P3
  D:00C0H         PUBLIC        P4
  D:00C8H         PUBLIC        P5
  D:00E8H         PUBLIC        P6
  D:00F8H         PUBLIC        P7
  D:00A8H         PUBLIC        IE
  B:0021H.1       PUBLIC        B_Alarm
  D:00B8H         PUBLIC        IP
  B:0021H.2       PUBLIC        B_1S
  B:0080H.0       PUBLIC        P00
  B:0080H.1       PUBLIC        P01
  D:0098H         PUBLIC        SCON
  D:0088H         PUBLIC        TCON
  C:F5E8H         PUBLIC        RTC_ISR_Handler
  D:00D0H         PUBLIC        PSW
  -------         PROC          RTC_ISR_HANDLER
BL51 BANKED LINKER/LOCATER V6.22.2.0                                                  09/18/2025  19:01:36  PAGE 79


  C:F5E8H         LINE#         30
  C:F5EEH         LINE#         33
  C:F5F5H         LINE#         34
  C:F5F5H         LINE#         35
  C:F5F7H         LINE#         36
  C:F5FBH         LINE#         37
  C:F5FDH         LINE#         38
  C:F60BH         LINE#         39
  C:F611H         LINE#         40
  C:F61BH         LINE#         41
  C:F61BH         LINE#         42
  C:F620H         LINE#         43
  C:F620H         LINE#         44
  C:F620H         LINE#         45
  C:F627H         LINE#         46
  C:F627H         LINE#         47
  C:F629H         LINE#         48
  C:F62DH         LINE#         49
  C:F62FH         LINE#         50
  C:F62FH         LINE#         51
  -------         ENDPROC       RTC_ISR_HANDLER
  -------         ENDMOD        STC8H_RTC_ISR

  -------         MODULE        STC8G_H_SPI_ISR
  C:0000H         SYMBOL        _ICE_DUMMY_
  D:0080H         PUBLIC        P0
  D:0090H         PUBLIC        P1
  D:00A0H         PUBLIC        P2
  D:00B0H         PUBLIC        P3
  D:00C0H         PUBLIC        P4
  D:00C8H         PUBLIC        P5
  D:00E8H         PUBLIC        P6
  D:00F8H         PUBLIC        P7
  D:00CEH         PUBLIC        SPCTL
  D:00A8H         PUBLIC        IE
  D:00B8H         PUBLIC        IP
  D:0098H         PUBLIC        SCON
  D:0088H         PUBLIC        TCON
  X:0573H         PUBLIC        SPI_RxCnt
  C:F636H         PUBLIC        SPI_ISR_Handler
  D:00CDH         PUBLIC        SPSTAT
  D:00D0H         PUBLIC        PSW
  D:00CFH         PUBLIC        SPDAT
  -------         PROC          SPI_ISR_HANDLER
  C:F636H         LINE#         28
  C:F643H         LINE#         30
  C:F648H         LINE#         31
  C:F648H         LINE#         32
  C:F64AH         LINE#         33
  C:F64CH         LINE#         35
  C:F64CH         LINE#         36
  C:F65BH         LINE#         37
  C:F66FH         LINE#         38
  C:F675H         LINE#         39
  C:F675H         LINE#         40
  C:F678H         LINE#         41
  -------         ENDPROC       SPI_ISR_HANDLER
BL51 BANKED LINKER/LOCATER V6.22.2.0                                                  09/18/2025  19:01:36  PAGE 80


  -------         ENDMOD        STC8G_H_SPI_ISR

  -------         MODULE        STC8G_H_SPI
  C:0000H         SYMBOL        _ICE_DUMMY_
  D:0080H         PUBLIC        P0
  D:0090H         PUBLIC        P1
  D:00A0H         PUBLIC        P2
  C:FCD5H         PUBLIC        _SPI_SetMode
  D:00B0H         PUBLIC        P3
  D:00C0H         PUBLIC        P4
  D:00C8H         PUBLIC        P5
  D:00E8H         PUBLIC        P6
  D:00F8H         PUBLIC        P7
  D:00CEH         PUBLIC        SPCTL
  D:00A8H         PUBLIC        IE
  B:0021H.4       PUBLIC        B_SPI_Busy
  D:00B8H         PUBLIC        IP
  D:0098H         PUBLIC        SCON
  D:0088H         PUBLIC        TCON
  X:037FH         PUBLIC        SPI_RxTimerOut
  C:ED6FH         PUBLIC        _SPI_Init
  C:FDD6H         PUBLIC        _SPI_WriteByte
  X:0380H         PUBLIC        SPI_RxBuffer
  D:00D0H         PUBLIC        PSW
  D:00CFH         PUBLIC        SPDAT
  -------         PROC          _SPI_INIT
  D:0001H         SYMBOL        SPIx
  C:ED6FH         LINE#         27
  C:ED6FH         LINE#         28
  C:ED6FH         LINE#         29
  C:ED7EH         LINE#         30
  C:ED81H         LINE#         31
  C:ED91H         LINE#         32
  C:EDA3H         LINE#         33
  C:EDB4H         LINE#         34
  C:EDC7H         LINE#         35
  C:EDD9H         LINE#         36
  C:EDE7H         LINE#         38
  C:EDECH         LINE#         39
  C:EDEEH         LINE#         40
  -------         ENDPROC       _SPI_INIT
  -------         PROC          _SPI_SETMODE
  D:0007H         SYMBOL        mode
  C:FCD5H         LINE#         49
  C:FCD5H         LINE#         50
  C:FCD5H         LINE#         51
  C:FCD8H         LINE#         52
  C:FCD8H         LINE#         53
  C:FCDBH         LINE#         54
  C:FCDEH         LINE#         55
  C:FCDFH         LINE#         57
  C:FCDFH         LINE#         58
  C:FCE2H         LINE#         59
  C:FCE5H         LINE#         60
  C:FCE5H         LINE#         61
  -------         ENDPROC       _SPI_SETMODE
  -------         PROC          _SPI_WRITEBYTE
BL51 BANKED LINKER/LOCATER V6.22.2.0                                                  09/18/2025  19:01:36  PAGE 81


  D:0007H         SYMBOL        dat
  C:FDD6H         LINE#         70
  C:FDD6H         LINE#         71
  C:FDD6H         LINE#         72
  C:FDD8H         LINE#         73
  C:FDDAH         LINE#         74
  C:FDDDH         LINE#         75
  -------         ENDPROC       _SPI_WRITEBYTE
  -------         ENDMOD        STC8G_H_SPI

  -------         MODULE        ?C?FPMUL
  C:A02FH         PUBLIC        ?C?FPMUL
  -------         ENDMOD        ?C?FPMUL

  -------         MODULE        ?C?FPDIV
  C:A138H         PUBLIC        ?C?FPDIV
  -------         ENDMOD        ?C?FPDIV

  -------         MODULE        ?C?FCAST
  C:A1DFH         PUBLIC        ?C?FCASTC
  C:A1DAH         PUBLIC        ?C?FCASTI
  C:A1D5H         PUBLIC        ?C?FCASTL
  -------         ENDMOD        ?C?FCAST

  -------         MODULE        ?C?CASTF
  C:A213H         PUBLIC        ?C?CASTF
  -------         ENDMOD        ?C?CASTF

  -------         MODULE        PRINTF
  X:0437H         PUBLIC        ?_PRINTF?BYTE
  X:0437H         PUBLIC        ?_SPRINTF?BYTE
  C:BAE6H         PUBLIC        _PRINTF
  C:BAE0H         PUBLIC        _SPRINTF
  -------         ENDMOD        PRINTF

  -------         MODULE        ?C?FPROUND
  C:A294H         PUBLIC        ?C?FPROUND
  -------         ENDMOD        ?C?FPROUND

  -------         MODULE        ?C?FPCONVERT
  C:A2D1H         PUBLIC        ?C?FPCONVERT
  -------         ENDMOD        ?C?FPCONVERT

  -------         MODULE        ?C?FPADD
  C:A3DDH         PUBLIC        ?C?FPADD
  C:A3D9H         PUBLIC        ?C?FPSUB
  -------         ENDMOD        ?C?FPADD

  -------         MODULE        ?C?FTNPWR
  C:A4FEH         PUBLIC        ?C?FTNPWR
  -------         ENDMOD        ?C?FTNPWR

  -------         MODULE        ?C?CLDPTR
  C:A53EH         PUBLIC        ?C?CLDPTR
  -------         ENDMOD        ?C?CLDPTR

  -------         MODULE        ?C?CLDOPTR
BL51 BANKED LINKER/LOCATER V6.22.2.0                                                  09/18/2025  19:01:36  PAGE 82


  C:A557H         PUBLIC        ?C?CLDOPTR
  -------         ENDMOD        ?C?CLDOPTR

  -------         MODULE        ?C?CSTPTR
  C:A584H         PUBLIC        ?C?CSTPTR
  -------         ENDMOD        ?C?CSTPTR

  -------         MODULE        ?C?IMUL
  C:A596H         PUBLIC        ?C?IMUL
  -------         ENDMOD        ?C?IMUL

  -------         MODULE        ?C?UIDIV
  C:A5A8H         PUBLIC        ?C?UIDIV
  -------         ENDMOD        ?C?UIDIV

  -------         MODULE        ?C?IILDX
  C:A5FDH         PUBLIC        ?C?IILDX
  -------         ENDMOD        ?C?IILDX

  -------         MODULE        ?C?ILDIX
  C:A613H         PUBLIC        ?C?ILDIX
  -------         ENDMOD        ?C?ILDIX

  -------         MODULE        ?C?ILDOPTR
  C:A629H         PUBLIC        ?C?ILDOPTR
  -------         ENDMOD        ?C?ILDOPTR

  -------         MODULE        ?C?ISTOPTR
  C:A661H         PUBLIC        ?C?ISTOPTR
  -------         ENDMOD        ?C?ISTOPTR

  -------         MODULE        ?C?LMUL
  C:A68EH         PUBLIC        ?C?LMUL
  -------         ENDMOD        ?C?LMUL

  -------         MODULE        ?C?ULDIV
  C:A719H         PUBLIC        ?C?ULDIV
  -------         ENDMOD        ?C?ULDIV

  -------         MODULE        ?C?LNEG
  C:A7ABH         PUBLIC        ?C?LNEG
  -------         ENDMOD        ?C?LNEG

  -------         MODULE        ?C?ULCMP
  C:A7B9H         PUBLIC        ?C?ULCMP
  -------         ENDMOD        ?C?ULCMP

  -------         MODULE        ?C?ULSHR
  C:A7CAH         PUBLIC        ?C?ULSHR
  -------         ENDMOD        ?C?ULSHR

  -------         MODULE        ?C?LLDOPTR0
  C:A7DDH         PUBLIC        ?C?LLDOPTR0
  -------         ENDMOD        ?C?LLDOPTR0

  -------         MODULE        ?C?LILDXDATA
  C:A816H         PUBLIC        ?C?LILDXDATA
BL51 BANKED LINKER/LOCATER V6.22.2.0                                                  09/18/2025  19:01:36  PAGE 83


  C:A80DH         PUBLIC        ?C?LILDXDATA1
  C:A80FH         PUBLIC        ?C?LILDXDATA8
  -------         ENDMOD        ?C?LILDXDATA

  -------         MODULE        ?C?LSTXDATA
  C:A842H         PUBLIC        ?C?LSTXDATA
  -------         ENDMOD        ?C?LSTXDATA

  -------         MODULE        ?C?LSTKXDATA
  C:A84EH         PUBLIC        ?C?LSTKXDATA
  -------         ENDMOD        ?C?LSTKXDATA

  -------         MODULE        ?C?OFFXADD
  C:A87FH         PUBLIC        ?C?OFFXADD
  -------         ENDMOD        ?C?OFFXADD

  -------         MODULE        ?C?PLDIXDATA
  C:A88BH         PUBLIC        ?C?PLDIXDATA
  -------         ENDMOD        ?C?PLDIXDATA

  -------         MODULE        ?C?PSTXDATA
  C:A8A2H         PUBLIC        ?C?PSTXDATA
  -------         ENDMOD        ?C?PSTXDATA

  -------         MODULE        ?C?CCASE
  C:A8ABH         PUBLIC        ?C?CCASE
  -------         ENDMOD        ?C?CCASE

  -------         MODULE        ?C?LLDIDATA0
  C:A8D1H         PUBLIC        ?C?LLDIDATA0
  -------         ENDMOD        ?C?LLDIDATA0

  -------         MODULE        ?C?LLDXDATA0
  C:A8DEH         PUBLIC        ?C?LLDXDATA0
  -------         ENDMOD        ?C?LLDXDATA0

  -------         MODULE        ?C?LLDPDATA0
  C:A8EAH         PUBLIC        ?C?LLDPDATA0
  -------         ENDMOD        ?C?LLDPDATA0

  -------         MODULE        ?C?LLDCODE0
  C:A8F7H         PUBLIC        ?C?LLDCODE0
  -------         ENDMOD        ?C?LLDCODE0

Program Size: data=15.5 xdata=1396 code=64928
LINK/LOCATE RUN COMPLETE.  0 WARNING(S),  0 ERROR(S)
